<html>
<body>
<pre>
<h1>礦ision Build Log</h1>
<h2>Tool Versions:</h2>
IDE-Version: μVision V5.40.0.0
Copyright (C) 2024 ARM Ltd and ARM Germany GmbH. All rights reserved.
License Information: 3319602829@qq.com 3319602829@qq.com, 3319602829@qq.com3319602829@qq.com, LIC=EXJT4-F5TK5-56PQ2-9SQ9Z-BTK58-343FL
 
Tool Versions:
Toolchain:       MDK-ARM Plus  Version: 5.40.0.3
Toolchain Path:  D:\STM32\ARM\ARMCC\Bin
C Compiler:      Armcc.exe V5.06 update 5 (build 528)
Assembler:       Armasm.exe V5.06 update 5 (build 528)
Linker/Locator:  ArmLink.exe V5.06 update 5 (build 528)
Library Manager: ArmAr.exe V5.06 update 5 (build 528)
Hex Converter:   FromElf.exe V5.06 update 5 (build 528)
CPU DLL:         SARMCM3.DLL V5.40.0.3
Dialog DLL:      DARMCM1.DLL V1.19.6.0
Target DLL:      CMSIS_AGDI.dll V1.33.18.0
Dialog DLL:      TARMCM1.DLL V1.14.6.0
 
<h2>Project:</h2>
D:\SaiYuan_Project\20251110\SC32R803_LCD_TKDEMO\SC32R803_LCD_TKDEMO\Keil_C\Project\SC32R803_Oscilloscope.uvprojx
Project File Date:  11/19/2025

<h2>Output:</h2>
*** Using Compiler 'V5.06 update 5 (build 528)', folder: 'D:\STM32\ARM\ARMCC\Bin'
Build target 'SC32R803_Oscilloscope'
compiling main.c...
..\FWLib\SC32F1XXX_Lib\inc\sc32f1xxx_uart.h(306): warning:  #1295-D: Deprecated declaration UART_SendPacket - give arg types
  void UART_SendPacket();
..\User\main.c(29): warning:  #1295-D: Deprecated declaration screen_init - give arg types
  void screen_init();//屏幕启动
..\User\main.c(30): warning:  #1295-D: Deprecated declaration ADC_Conversion_IRQ - give arg types
  void ADC_Conversion_IRQ();//处理ADC中断
..\User\main.c(31): warning:  #1295-D: Deprecated declaration ADC_Conversion - give arg types
  void ADC_Conversion();//ADC采样
..\User\main.c(32): warning:  #1295-D: Deprecated declaration key_Get - give arg types
  void key_Get();//按压旋转编码器
..\User\main.c(33): warning:  #1295-D: Deprecated declaration UART3_Send_Packet - give arg types
  void UART3_Send_Packet();//wifi串口发送数据包
..\User\main.c(34): warning:  #1295-D: Deprecated declaration UART3_Send_String - give arg types
  void UART3_Send_String();//wifi串口发送文本
..\User\main.c(35): warning:  #1295-D: Deprecated declaration UART3_receive_Packet - give arg types
  void UART3_receive_Packet();//wifi串口接受数据
..\User\main.c(36): warning:  #1295-D: Deprecated declaration UART3_receive_String - give arg types
  void UART3_receive_String();//wifi串口接受数据
..\User\main.c(155): warning:  #177-D: variable "RxState"  was declared but never referenced
  	static uint8_t RxState = 0;		//定义表示当前状态机状态的静态变量
..\User\main.c(156): warning:  #177-D: variable "pRxPacket"  was declared but never referenced
  	static uint8_t pRxPacket = 0;	//定义表示当前接收数据位置的静态变量
..\User\main.c(266): warning:  #1-D: last line of file ends without a newline
  }
..\User\main.c: 12 warnings, 0 errors
linking...
Program Size: Code=15484 RO-data=8104 RW-data=188 ZI-data=1948  
FromELF: creating hex file...
"..\Output\SC32R803_Oscilloscope.axf" - 0 Error(s), 12 Warning(s).

<h2>Software Packages used:</h2>

Package Vendor: SinOne
                https://www.socmcu.com/SinOne.SC32F1xxx_DFP_V1.1.1.5.pack
                SinOne::SC32F1xxx_DFP_V1@1.1.5
                SinOneMicroelectronics ARM Series Device Support

<h2>Collection of Component include folders:</h2>
  D:/STM32/ARM/PACK/Keil/SC32F1xxx_DFP/1.1.5/Device/SC32F10xx/FWLib/SC32_Lib/inc

<h2>Collection of Component Files used:</h2>
Build Time Elapsed:  00:00:01
</pre>
</body>
</html>
