Component: ARM Compiler 5.06 update 7 (build 960) Tool: armlink [4d3601]

==============================================================================

Section Cross References

    SC_it.o(i.DMA0_IRQHandler) refers to sc32f1xxx_dma.o(i.DMA_ClearFlag) for DMA_ClearFlag
    SC_it.o(i.TIMER0_IRQHandler) refers to sc32f1xxx_tim.o(i.TIM_GetFlagStatus) for TIM_GetFlagStatus
    SC_it.o(i.TIMER0_IRQHandler) refers to sc32f1xxx_tim.o(i.TIM_ClearFlag) for TIM_ClearFlag
    SC_it.o(i.TIMER0_IRQHandler) refers to SC_it.o(.data) for .data
    SC_it.o(i.TIMER4_5_IRQHandler) refers to sc32f1xxx_tim.o(i.TIM_GetFlagStatus) for TIM_GetFlagStatus
    SC_it.o(i.TIMER4_5_IRQHandler) refers to sc32f1xxx_gpio.o(i.GPIO_ReadDataBit) for GPIO_ReadDataBit
    SC_it.o(i.TIMER4_5_IRQHandler) refers to sc32f1xxx_tim.o(i.TIM_ClearFlag) for TIM_ClearFlag
    SC_it.o(i.TIMER4_5_IRQHandler) refers to SC_it.o(.data) for .data
    SC_it.o(i.TIMER6_7_IRQHandler) refers to sc32f1xxx_tim.o(i.TIM_GetFlagStatus) for TIM_GetFlagStatus
    SC_it.o(i.TIMER6_7_IRQHandler) refers to sc32f1xxx_gpio.o(i.GPIO_ReadDataBit) for GPIO_ReadDataBit
    SC_it.o(i.TIMER6_7_IRQHandler) refers to sc32f1xxx_tim.o(i.TIM_ClearFlag) for TIM_ClearFlag
    SC_it.o(i.TIMER6_7_IRQHandler) refers to SC_it.o(.data) for .data
    SC_it.o(i.UART1_3_5_IRQHandler) refers to main.o(i.UART3_receive_Packet) for UART3_receive_Packet
    SC_it.o(i.UART1_3_5_IRQHandler) refers to sc32f1xxx_uart.o(i.UART_ClearFlag) for UART_ClearFlag
    CompCtrlDefine.o(i.IcResourceInit) refers to SC_Init.o(i.SC_Init) for SC_Init
    CompCtrlDefine.o(i.IcResourceInit) refers to tk_basekeydeal.o(i.TK_Init) for TK_Init
    SysFunVarDefine.o(i.ChangeTouchKeyvalue) refers to SysFunVarDefine.o(.data) for .data
    SysFunVarDefine.o(i.Sys_Scan) refers to tk_basekeydeal.o(i.TK_Restart) for TK_Restart
    SysFunVarDefine.o(i.Sys_Scan) refers to TKDriver.o(i.TK_TouchKeyScan) for TK_TouchKeyScan
    SysFunVarDefine.o(i.Sys_Scan) refers to SysFunVarDefine.o(i.ChangeTouchKeyvalue) for ChangeTouchKeyvalue
    SysFunVarDefine.o(i.Sys_Scan) refers to SysFunVarDefine.o(i.UpdateDisplay) for UpdateDisplay
    SysFunVarDefine.o(i.Sys_Scan) refers to TKDriver.o(.data) for TK_TouchKeyStatus
    SysFunVarDefine.o(i.Sys_Scan) refers to SysFunVarDefine.o(.data) for .data
    SysFunVarDefine.o(i.Sys_Scan) refers to TKDriver.o(.data) for TKSlideModuleDealArray
    SysFunVarDefine.o(i.UpdateDisplay) refers to SysFunVarDefine.o(.data) for .data
    SC_Init.o(i.SC_ADC_Init) refers to sc32f1xxx_adc.o(i.ADC_Init) for ADC_Init
    SC_Init.o(i.SC_ADC_Init) refers to sc32f1xxx_adc.o(i.ADC_SetChannel) for ADC_SetChannel
    SC_Init.o(i.SC_ADC_Init) refers to sc32f1xxx_adc.o(i.ADC_ITConfig) for ADC_ITConfig
    SC_Init.o(i.SC_ADC_Init) refers to sc32f1xxx_adc.o(i.ADC_DMACmd) for ADC_DMACmd
    SC_Init.o(i.SC_ADC_Init) refers to SC_Init.o(i.__NVIC_SetPriority) for __NVIC_SetPriority
    SC_Init.o(i.SC_ADC_Init) refers to SC_Init.o(i.__NVIC_EnableIRQ) for __NVIC_EnableIRQ
    SC_Init.o(i.SC_ADC_Init) refers to sc32f1xxx_adc.o(i.ADC_Cmd) for ADC_Cmd
    SC_Init.o(i.SC_DMA0_Init) refers to sc32f1xxx_rcc.o(i.RCC_AHBPeriphClockCmd) for RCC_AHBPeriphClockCmd
    SC_Init.o(i.SC_DMA0_Init) refers to sc32f1xxx_dma.o(i.DMA_Init) for DMA_Init
    SC_Init.o(i.SC_DMA0_Init) refers to sc32f1xxx_dma.o(i.DMA_ITConfig) for DMA_ITConfig
    SC_Init.o(i.SC_DMA0_Init) refers to sc32f1xxx_dma.o(i.DMA_DMACmd) for DMA_DMACmd
    SC_Init.o(i.SC_DMA0_Init) refers to sc32f1xxx_dma.o(i.DMA_Cmd) for DMA_Cmd
    SC_Init.o(i.SC_GPIO_Init) refers to sc32f1xxx_gpio.o(i.GPIO_Init) for GPIO_Init
    SC_Init.o(i.SC_Init) refers to SC_Init.o(i.SC_GPIO_Init) for SC_GPIO_Init
    SC_Init.o(i.SC_Init) refers to SC_Init.o(i.SC_OPTION_Init) for SC_OPTION_Init
    SC_Init.o(i.SC_Init) refers to SC_Init.o(i.SC_RCC_Init) for SC_RCC_Init
    SC_Init.o(i.SC_Init) refers to SC_Init.o(i.SC_SYSTICK_Init) for SC_SYSTICK_Init
    SC_Init.o(i.SC_Init) refers to SC_Init.o(i.SC_DMA0_Init) for SC_DMA0_Init
    SC_Init.o(i.SC_Init) refers to SC_Init.o(i.SC_UART3_Init) for SC_UART3_Init
    SC_Init.o(i.SC_Init) refers to SC_Init.o(i.SC_SPI1_Init) for SC_SPI1_Init
    SC_Init.o(i.SC_Init) refers to SC_Init.o(i.SC_TIM0_Init) for SC_TIM0_Init
    SC_Init.o(i.SC_Init) refers to SC_Init.o(i.SC_TIM5_Init) for SC_TIM5_Init
    SC_Init.o(i.SC_Init) refers to SC_Init.o(i.SC_TIM6_Init) for SC_TIM6_Init
    SC_Init.o(i.SC_Init) refers to SC_Init.o(i.SC_ADC_Init) for SC_ADC_Init
    SC_Init.o(i.SC_RCC_Init) refers to sc32f1xxx_rcc.o(i.RCC_Unlock) for RCC_Unlock
    SC_Init.o(i.SC_RCC_Init) refers to sc32f1xxx_rcc.o(i.RCC_HXTCmd) for RCC_HXTCmd
    SC_Init.o(i.SC_RCC_Init) refers to sc32f1xxx_rcc.o(i.RCC_LXTCmd) for RCC_LXTCmd
    SC_Init.o(i.SC_RCC_Init) refers to sc32f1xxx_rcc.o(i.RCC_LIRCCmd) for RCC_LIRCCmd
    SC_Init.o(i.SC_RCC_Init) refers to sc32f1xxx_rcc.o(i.RCC_HIRCCmd) for RCC_HIRCCmd
    SC_Init.o(i.SC_RCC_Init) refers to sc32f1xxx_rcc.o(i.RCC_ITConfig) for RCC_ITConfig
    SC_Init.o(i.SC_RCC_Init) refers to sc32f1xxx_rcc.o(i.RCC_HIRCDIV1Cmd) for RCC_HIRCDIV1Cmd
    SC_Init.o(i.SC_RCC_Init) refers to sc32f1xxx_rcc.o(i.RCC_SYSCLKConfig) for RCC_SYSCLKConfig
    SC_Init.o(i.SC_RCC_Init) refers to sc32f1xxx_rcc.o(i.RCC_HCLKConfig) for RCC_HCLKConfig
    SC_Init.o(i.SC_RCC_Init) refers to sc32f1xxx_rcc.o(i.RCC_APB0Config) for RCC_APB0Config
    SC_Init.o(i.SC_RCC_Init) refers to sc32f1xxx_rcc.o(i.RCC_APB0Cmd) for RCC_APB0Cmd
    SC_Init.o(i.SC_RCC_Init) refers to sc32f1xxx_rcc.o(i.RCC_APB1Config) for RCC_APB1Config
    SC_Init.o(i.SC_RCC_Init) refers to sc32f1xxx_rcc.o(i.RCC_APB1Cmd) for RCC_APB1Cmd
    SC_Init.o(i.SC_RCC_Init) refers to sc32f1xxx_rcc.o(i.RCC_APB2Config) for RCC_APB2Config
    SC_Init.o(i.SC_RCC_Init) refers to sc32f1xxx_rcc.o(i.RCC_APB2Cmd) for RCC_APB2Cmd
    SC_Init.o(i.SC_SPI1_Init) refers to sc32f1xxx_gpio.o(i.GPIO_Init) for GPIO_Init
    SC_Init.o(i.SC_SPI1_Init) refers to sc32f1xxx_rcc.o(i.RCC_APB1PeriphClockCmd) for RCC_APB1PeriphClockCmd
    SC_Init.o(i.SC_SPI1_Init) refers to sc32f1xxx_spi.o(i.SPI_Init) for SPI_Init
    SC_Init.o(i.SC_SPI1_Init) refers to sc32f1xxx_spi.o(i.SPI_PinRemapConfig) for SPI_PinRemapConfig
    SC_Init.o(i.SC_SPI1_Init) refers to sc32f1xxx_spi.o(i.SPI_ITConfig) for SPI_ITConfig
    SC_Init.o(i.SC_SPI1_Init) refers to sc32f1xxx_spi.o(i.SPI_DMACmd) for SPI_DMACmd
    SC_Init.o(i.SC_SPI1_Init) refers to sc32f1xxx_spi.o(i.SPI_Cmd) for SPI_Cmd
    SC_Init.o(i.SC_SYSTICK_Init) refers to sc32f1xxx_rcc.o(i.RCC_Unlock) for RCC_Unlock
    SC_Init.o(i.SC_SYSTICK_Init) refers to sc32f1xxx_rcc.o(i.RCC_SystickCLKConfig) for RCC_SystickCLKConfig
    SC_Init.o(i.SC_SYSTICK_Init) refers to sc32f1xxx_rcc.o(i.RCC_SystickSetCounter) for RCC_SystickSetCounter
    SC_Init.o(i.SC_SYSTICK_Init) refers to SC_Init.o(i.__NVIC_SetPriority) for __NVIC_SetPriority
    SC_Init.o(i.SC_SYSTICK_Init) refers to sc32f1xxx_rcc.o(i.RCC_SystickCmd) for RCC_SystickCmd
    SC_Init.o(i.SC_TIM0_Init) refers to sc32f1xxx_rcc.o(i.RCC_APB0PeriphClockCmd) for RCC_APB0PeriphClockCmd
    SC_Init.o(i.SC_TIM0_Init) refers to sc32f1xxx_tim.o(i.TIM_TIMBaseInit) for TIM_TIMBaseInit
    SC_Init.o(i.SC_TIM0_Init) refers to sc32f1xxx_tim.o(i.TIM_ICInit) for TIM_ICInit
    SC_Init.o(i.SC_TIM0_Init) refers to sc32f1xxx_tim.o(i.TIM_ICCmd) for TIM_ICCmd
    SC_Init.o(i.SC_TIM0_Init) refers to sc32f1xxx_tim.o(i.TIM_PWMInit) for TIM_PWMInit
    SC_Init.o(i.SC_TIM0_Init) refers to sc32f1xxx_tim.o(i.TIM_PWMSetDuty) for TIM_PWMSetDuty
    SC_Init.o(i.SC_TIM0_Init) refers to sc32f1xxx_tim.o(i.TIM_ITConfig) for TIM_ITConfig
    SC_Init.o(i.SC_TIM0_Init) refers to SC_Init.o(i.__NVIC_SetPriority) for __NVIC_SetPriority
    SC_Init.o(i.SC_TIM0_Init) refers to SC_Init.o(i.__NVIC_EnableIRQ) for __NVIC_EnableIRQ
    SC_Init.o(i.SC_TIM0_Init) refers to sc32f1xxx_tim.o(i.TIM_Cmd) for TIM_Cmd
    SC_Init.o(i.SC_TIM5_Init) refers to sc32f1xxx_rcc.o(i.RCC_APB1PeriphClockCmd) for RCC_APB1PeriphClockCmd
    SC_Init.o(i.SC_TIM5_Init) refers to sc32f1xxx_tim.o(i.TIM_TIMBaseInit) for TIM_TIMBaseInit
    SC_Init.o(i.SC_TIM5_Init) refers to sc32f1xxx_tim.o(i.TIM_ICInit) for TIM_ICInit
    SC_Init.o(i.SC_TIM5_Init) refers to sc32f1xxx_tim.o(i.TIM_ICCmd) for TIM_ICCmd
    SC_Init.o(i.SC_TIM5_Init) refers to sc32f1xxx_tim.o(i.TIM_PinRemapConfig) for TIM_PinRemapConfig
    SC_Init.o(i.SC_TIM5_Init) refers to sc32f1xxx_tim.o(i.TIM_PWMInit) for TIM_PWMInit
    SC_Init.o(i.SC_TIM5_Init) refers to sc32f1xxx_tim.o(i.TIM_PWMSetDuty) for TIM_PWMSetDuty
    SC_Init.o(i.SC_TIM5_Init) refers to sc32f1xxx_tim.o(i.TIM_ITConfig) for TIM_ITConfig
    SC_Init.o(i.SC_TIM5_Init) refers to SC_Init.o(i.__NVIC_SetPriority) for __NVIC_SetPriority
    SC_Init.o(i.SC_TIM5_Init) refers to SC_Init.o(i.__NVIC_EnableIRQ) for __NVIC_EnableIRQ
    SC_Init.o(i.SC_TIM5_Init) refers to sc32f1xxx_tim.o(i.TIM_Cmd) for TIM_Cmd
    SC_Init.o(i.SC_TIM6_Init) refers to sc32f1xxx_rcc.o(i.RCC_APB1PeriphClockCmd) for RCC_APB1PeriphClockCmd
    SC_Init.o(i.SC_TIM6_Init) refers to sc32f1xxx_tim.o(i.TIM_TIMBaseInit) for TIM_TIMBaseInit
    SC_Init.o(i.SC_TIM6_Init) refers to sc32f1xxx_tim.o(i.TIM_ICInit) for TIM_ICInit
    SC_Init.o(i.SC_TIM6_Init) refers to sc32f1xxx_tim.o(i.TIM_ICCmd) for TIM_ICCmd
    SC_Init.o(i.SC_TIM6_Init) refers to sc32f1xxx_tim.o(i.TIM_PinRemapConfig) for TIM_PinRemapConfig
    SC_Init.o(i.SC_TIM6_Init) refers to sc32f1xxx_tim.o(i.TIM_PWMInit) for TIM_PWMInit
    SC_Init.o(i.SC_TIM6_Init) refers to sc32f1xxx_tim.o(i.TIM_PWMSetDuty) for TIM_PWMSetDuty
    SC_Init.o(i.SC_TIM6_Init) refers to sc32f1xxx_tim.o(i.TIM_ITConfig) for TIM_ITConfig
    SC_Init.o(i.SC_TIM6_Init) refers to sc32f1xxx_tim.o(i.TIM_DMACmd) for TIM_DMACmd
    SC_Init.o(i.SC_TIM6_Init) refers to SC_Init.o(i.__NVIC_SetPriority) for __NVIC_SetPriority
    SC_Init.o(i.SC_TIM6_Init) refers to SC_Init.o(i.__NVIC_EnableIRQ) for __NVIC_EnableIRQ
    SC_Init.o(i.SC_TIM6_Init) refers to sc32f1xxx_tim.o(i.TIM_Cmd) for TIM_Cmd
    SC_Init.o(i.SC_UART3_Init) refers to sc32f1xxx_gpio.o(i.GPIO_Init) for GPIO_Init
    SC_Init.o(i.SC_UART3_Init) refers to sc32f1xxx_rcc.o(i.RCC_APB2PeriphClockCmd) for RCC_APB2PeriphClockCmd
    SC_Init.o(i.SC_UART3_Init) refers to sc32f1xxx_uart.o(i.UART_Init) for UART_Init
    SC_Init.o(i.SC_UART3_Init) refers to sc32f1xxx_uart.o(i.UART_ITConfig) for UART_ITConfig
    SC_Init.o(i.SC_UART3_Init) refers to SC_Init.o(i.__NVIC_SetPriority) for __NVIC_SetPriority
    SC_Init.o(i.SC_UART3_Init) refers to SC_Init.o(i.__NVIC_EnableIRQ) for __NVIC_EnableIRQ
    SC_Init.o(i.SC_UART3_Init) refers to sc32f1xxx_uart.o(i.UART_PinRemapConfig) for UART_PinRemapConfig
    SC_Init.o(i.SC_UART3_Init) refers to sc32f1xxx_uart.o(i.UART_TXCmd) for UART_TXCmd
    SC_Init.o(i.SC_UART3_Init) refers to sc32f1xxx_uart.o(i.UART_RXCmd) for UART_RXCmd
    main.o(i.Debug_Show_8_Channels) refers to _printf_pad.o(.text) for _printf_pre_padding
    main.o(i.Debug_Show_8_Channels) refers to _printf_percent.o(.ARM.Collect$$_printf_percent$$00000000) for _printf_percent
    main.o(i.Debug_Show_8_Channels) refers to _printf_d.o(.ARM.Collect$$_printf_percent$$00000009) for _printf_d
    main.o(i.Debug_Show_8_Channels) refers to _printf_f.o(.ARM.Collect$$_printf_percent$$00000003) for _printf_f
    main.o(i.Debug_Show_8_Channels) refers to _printf_dec.o(.text) for _printf_int_dec
    main.o(i.Debug_Show_8_Channels) refers to printf1.o(x$fpl$printf1) for _printf_fp_dec
    main.o(i.Debug_Show_8_Channels) refers to TFT_Lcd.o(i.LCD_ShowString) for LCD_ShowString
    main.o(i.Debug_Show_8_Channels) refers to fflti.o(.text) for __aeabi_ui2f
    main.o(i.Debug_Show_8_Channels) refers to fmul.o(x$fpl$fmul) for __aeabi_fmul
    main.o(i.Debug_Show_8_Channels) refers to fdiv.o(.text) for __aeabi_fdiv
    main.o(i.Debug_Show_8_Channels) refers to f2d.o(.text) for __aeabi_f2d
    main.o(i.Debug_Show_8_Channels) refers to noretval__2sprintf.o(.text) for __2sprintf
    main.o(i.Debug_Show_8_Channels) refers to Data_Acquisition.o(.bss) for Acq_Data
    main.o(i.UART3_Send_Packet) refers to sc32f1xxx_uart.o(i.UART_SendArray) for UART_SendArray
    main.o(i.UART3_Send_Packet) refers to sc32f1xxx_uart.o(.bss) for UART3_TxPacket
    main.o(i.UART3_Send_String) refers to sc32f1xxx_uart.o(i.UART_SendString) for UART_SendString
    main.o(i.UART3_receive_Packet) refers to sc32f1xxx_uart.o(i.UART_GetFlagStatus) for UART_GetFlagStatus
    main.o(i.UART3_receive_Packet) refers to sc32f1xxx_uart.o(i.UART_ReceiveData) for UART_ReceiveData
    main.o(i.UART3_receive_Packet) refers to main.o(.data) for .data
    main.o(i.UART3_receive_Packet) refers to main.o(.bss) for .bss
    main.o(i.UART3_receive_String) refers to sc32f1xxx_uart.o(i.UART_GetFlagStatus) for UART_GetFlagStatus
    main.o(i.UART3_receive_String) refers to sc32f1xxx_uart.o(i.UART_ReceiveData) for UART_ReceiveData
    main.o(i.UART3_receive_String) refers to main.o(.data) for .data
    main.o(i.UART3_receive_String) refers to main.o(.bss) for .bss
    main.o(i.key_Get) refers to sc32f1xxx_gpio.o(i.GPIO_ReadDataBit) for GPIO_ReadDataBit
    main.o(i.key_Get) refers to TFT_Lcd.o(i.delay_ms) for delay_ms
    main.o(i.key_Get) refers to Global_Variables.o(.data) for key_count
    main.o(i.main) refers to _printf_pad.o(.text) for _printf_pre_padding
    main.o(i.main) refers to _printf_percent.o(.ARM.Collect$$_printf_percent$$00000000) for _printf_percent
    main.o(i.main) refers to _printf_d.o(.ARM.Collect$$_printf_percent$$00000009) for _printf_d
    main.o(i.main) refers to _printf_x.o(.ARM.Collect$$_printf_percent$$0000000C) for _printf_x
    main.o(i.main) refers to _printf_dec.o(.text) for _printf_int_dec
    main.o(i.main) refers to _printf_hex_int.o(.text) for _printf_longlong_hex
    main.o(i.main) refers to CompCtrlDefine.o(i.IcResourceInit) for IcResourceInit
    main.o(i.main) refers to main.o(i.screen_init) for screen_init
    main.o(i.main) refers to TFT_Lcd.o(i.LCD_Fill) for LCD_Fill
    main.o(i.main) refers to Data_Acquisition.o(i.Data_Acquisition_Init) for Data_Acquisition_Init
    main.o(i.main) refers to noretval__2sprintf.o(.text) for __2sprintf
    main.o(i.main) refers to TFT_Lcd.o(i.LCD_ShowString) for LCD_ShowString
    main.o(i.main) refers to main.o(i.Debug_Show_8_Channels) for Debug_Show_8_Channels
    main.o(i.main) refers to Data_Acquisition.o(i.Data_Acquisition_Start_Next) for Data_Acquisition_Start_Next
    main.o(i.main) refers to SysFunVarDefine.o(i.Sys_Scan) for Sys_Scan
    main.o(i.main) refers to Data_Acquisition.o(.data) for Acq_Done_Flag
    main.o(i.screen_init) refers to TFT_Lcd.o(i.Lcd_Init) for Lcd_Init
    main.o(i.screen_init) refers to TFT_Lcd.o(i.LCD_Fill) for LCD_Fill
    Wave_Show_gy.o(i.Calc_Y_Pos) refers to aeabi_sdiv.o(.text) for __aeabi_uidivmod
    Wave_Show_gy.o(i.LCD_DrawGrid) refers to TFT_Lcd.o(i.TFT_DrawLine) for TFT_DrawLine
    Wave_Show_gy.o(i.Wave_Show_Init) refers to TFT_Lcd.o(i.LCD_Fill) for LCD_Fill
    Wave_Show_gy.o(i.Wave_Show_Init) refers to Wave_Show_gy.o(i.LCD_DrawGrid) for LCD_DrawGrid
    Wave_Show_gy.o(i.Wave_Show_Init) refers to Wave_Show_gy.o(.bss) for .bss
    Wave_Show_gy.o(i.Wave_Show_Update) refers to Wave_Show_gy.o(i.Software_Trigger) for Software_Trigger
    Wave_Show_gy.o(i.Wave_Show_Update) refers to Wave_Show_gy.o(i.Calc_Y_Pos) for Calc_Y_Pos
    Wave_Show_gy.o(i.Wave_Show_Update) refers to TFT_Lcd.o(i.TFT_DrawLine) for TFT_DrawLine
    Wave_Show_gy.o(i.Wave_Show_Update) refers to Data_Acquisition.o(.bss) for Acq_Data
    Wave_Show_gy.o(i.Wave_Show_Update) refers to Global_Variables.o(.data) for Vertical1_offset
    Wave_Show_gy.o(i.Wave_Show_Update) refers to Global_Variables.o(.data) for Vertical2_offset
    Wave_Show_gy.o(i.Wave_Show_Update) refers to Wave_Show_gy.o(.bss) for .bss
    Data_Acquisition.o(i.DMA0_IRQHandler) refers to sc32f1xxx_dma.o(i.DMA_GetFlagStatus) for DMA_GetFlagStatus
    Data_Acquisition.o(i.DMA0_IRQHandler) refers to sc32f1xxx_dma.o(i.DMA_ClearFlag) for DMA_ClearFlag
    Data_Acquisition.o(i.DMA0_IRQHandler) refers to sc32f1xxx_dma.o(i.DMA_Cmd) for DMA_Cmd
    Data_Acquisition.o(i.DMA0_IRQHandler) refers to sc32f1xxx_adc.o(i.ADC_ClearFlag) for ADC_ClearFlag
    Data_Acquisition.o(i.DMA0_IRQHandler) refers to sc32f1xxx_adc.o(i.ADC_SetChannel) for ADC_SetChannel
    Data_Acquisition.o(i.DMA0_IRQHandler) refers to sc32f1xxx_dma.o(i.DMA_SetDstAddress) for DMA_SetDstAddress
    Data_Acquisition.o(i.DMA0_IRQHandler) refers to sc32f1xxx_dma.o(i.DMA_SetCurrDataCounter) for DMA_SetCurrDataCounter
    Data_Acquisition.o(i.DMA0_IRQHandler) refers to sc32f1xxx_adc.o(i.ADC_SoftwareStartConv) for ADC_SoftwareStartConv
    Data_Acquisition.o(i.DMA0_IRQHandler) refers to Data_Acquisition.o(.data) for .data
    Data_Acquisition.o(i.DMA0_IRQHandler) refers to Data_Acquisition.o(.constdata) for .constdata
    Data_Acquisition.o(i.DMA0_IRQHandler) refers to Data_Acquisition.o(.bss) for .bss
    Data_Acquisition.o(i.Data_Acquisition_Init) refers to sc32f1xxx_rcc.o(i.RCC_AHBPeriphClockCmd) for RCC_AHBPeriphClockCmd
    Data_Acquisition.o(i.Data_Acquisition_Init) refers to sc32f1xxx_gpio.o(i.GPIO_Init) for GPIO_Init
    Data_Acquisition.o(i.Data_Acquisition_Init) refers to sc32f1xxx_dma.o(i.DMA_DeInit) for DMA_DeInit
    Data_Acquisition.o(i.Data_Acquisition_Init) refers to sc32f1xxx_dma.o(i.DMA_StructInit) for DMA_StructInit
    Data_Acquisition.o(i.Data_Acquisition_Init) refers to sc32f1xxx_dma.o(i.DMA_Init) for DMA_Init
    Data_Acquisition.o(i.Data_Acquisition_Init) refers to sc32f1xxx_dma.o(i.DMA_ITConfig) for DMA_ITConfig
    Data_Acquisition.o(i.Data_Acquisition_Init) refers to sc32f1xxx_adc.o(i.ADC_DeInit) for ADC_DeInit
    Data_Acquisition.o(i.Data_Acquisition_Init) refers to sc32f1xxx_adc.o(i.ADC_StructInit) for ADC_StructInit
    Data_Acquisition.o(i.Data_Acquisition_Init) refers to sc32f1xxx_adc.o(i.ADC_Init) for ADC_Init
    Data_Acquisition.o(i.Data_Acquisition_Init) refers to sc32f1xxx_adc.o(i.ADC_SetChannel) for ADC_SetChannel
    Data_Acquisition.o(i.Data_Acquisition_Init) refers to sc32f1xxx_adc.o(i.ADC_DMACmd) for ADC_DMACmd
    Data_Acquisition.o(i.Data_Acquisition_Init) refers to sc32f1xxx_dma.o(i.DMA_Cmd) for DMA_Cmd
    Data_Acquisition.o(i.Data_Acquisition_Init) refers to sc32f1xxx_adc.o(i.ADC_Cmd) for ADC_Cmd
    Data_Acquisition.o(i.Data_Acquisition_Init) refers to sc32f1xxx_adc.o(i.ADC_SoftwareStartConv) for ADC_SoftwareStartConv
    Data_Acquisition.o(i.Data_Acquisition_Init) refers to Data_Acquisition.o(.bss) for .bss
    Data_Acquisition.o(i.Data_Acquisition_Start_Next) refers to sc32f1xxx_adc.o(i.ADC_SetChannel) for ADC_SetChannel
    Data_Acquisition.o(i.Data_Acquisition_Start_Next) refers to sc32f1xxx_dma.o(i.DMA_Cmd) for DMA_Cmd
    Data_Acquisition.o(i.Data_Acquisition_Start_Next) refers to sc32f1xxx_dma.o(i.DMA_SetDstAddress) for DMA_SetDstAddress
    Data_Acquisition.o(i.Data_Acquisition_Start_Next) refers to sc32f1xxx_dma.o(i.DMA_SetCurrDataCounter) for DMA_SetCurrDataCounter
    Data_Acquisition.o(i.Data_Acquisition_Start_Next) refers to sc32f1xxx_adc.o(i.ADC_SoftwareStartConv) for ADC_SoftwareStartConv
    Data_Acquisition.o(i.Data_Acquisition_Start_Next) refers to Data_Acquisition.o(.data) for .data
    Data_Acquisition.o(i.Data_Acquisition_Start_Next) refers to Data_Acquisition.o(.bss) for .bss
    Menu.o(i.Clear_Menu_Area) refers to TFT_Lcd.o(i.LCD_ShowString) for LCD_ShowString
    Menu.o(i.Draw_Menu_Item_Num) refers to TFT_Lcd.o(i.LCD_ShowString) for LCD_ShowString
    Menu.o(i.Draw_Menu_Item_Num) refers to TFT_Lcd.o(i.LCD_ShowIntNum) for LCD_ShowIntNum
    Menu.o(i.Draw_Menu_Item_Str) refers to TFT_Lcd.o(i.LCD_ShowString) for LCD_ShowString
    Menu.o(i.Handle_Encoder) refers to SC_it.o(.data) for Encoder_Count
    Menu.o(i.Handle_Encoder) refers to Global_Variables.o(.data) for Encoder_Count_last
    Menu.o(i.menu) refers to _printf_pad.o(.text) for _printf_pre_padding
    Menu.o(i.menu) refers to _printf_percent.o(.ARM.Collect$$_printf_percent$$00000000) for _printf_percent
    Menu.o(i.menu) refers to _printf_d.o(.ARM.Collect$$_printf_percent$$00000009) for _printf_d
    Menu.o(i.menu) refers to _printf_dec.o(.text) for _printf_int_dec
    Menu.o(i.menu) refers to _printf_f.o(.ARM.Collect$$_printf_percent$$00000003) for _printf_f
    Menu.o(i.menu) refers to printf1.o(x$fpl$printf1) for _printf_fp_dec
    Menu.o(i.menu) refers to Menu.o(i.Clear_Menu_Area) for Clear_Menu_Area
    Menu.o(i.menu) refers to Menu.o(i.Handle_Encoder) for Handle_Encoder
    Menu.o(i.menu) refers to TFT_Lcd.o(i.LCD_ShowString) for LCD_ShowString
    Menu.o(i.menu) refers to noretval__2sprintf.o(.text) for __2sprintf
    Menu.o(i.menu) refers to Menu.o(i.Draw_Menu_Item_Str) for Draw_Menu_Item_Str
    Menu.o(i.menu) refers to fflti.o(.text) for __aeabi_ui2f
    Menu.o(i.menu) refers to fmul.o(x$fpl$fmul) for __aeabi_fmul
    Menu.o(i.menu) refers to fdiv.o(.text) for __aeabi_fdiv
    Menu.o(i.menu) refers to f2d.o(.text) for __aeabi_f2d
    Menu.o(i.menu) refers to Menu.o(i.__ARM_common_switch8) for __ARM_common_switch8
    Menu.o(i.menu) refers to Global_Variables.o(.data) for menu_page
    Menu.o(i.menu) refers to Global_Variables.o(.data) for menu_choice
    Menu.o(i.menu) refers to SysFunVarDefine.o(.data) for KeyValue
    Menu.o(i.menu) refers to Global_Variables.o(.data) for key_count
    Menu.o(i.menu) refers to Global_Variables.o(.data) for is_show
    Menu.o(i.menu) refers to Data_Acquisition.o(.bss) for Acq_Data
    Menu.o(i.menu) refers to Menu.o(.bss) for .bss
    Menu.o(i.menu) refers to Global_Variables.o(.data) for Encoder_mode
    Menu.o(i.menu) refers to Global_Variables.o(.data) for Wave_show_mode
    Menu.o(i.menu) refers to Global_Variables.o(.data) for CH1_TIME_DIV_mode
    Menu.o(i.menu) refers to Global_Variables.o(.data) for CH1_VOLT_DIV_mode
    Menu.o(i.menu) refers to Global_Variables.o(.data) for CH2_TIME_DIV_mode
    Menu.o(i.menu) refers to Global_Variables.o(.data) for CH2_VOLT_DIV_mode
    Menu.o(i.menu) refers to Global_Variables.o(.data) for Trigger_mode
    Menu.o(i.menu) refers to Global_Variables.o(.data) for Horiziontal1_offset
    Menu.o(i.menu) refers to Menu.o(i.Draw_Menu_Item_Num) for Draw_Menu_Item_Num
    Menu.o(i.menu) refers to Global_Variables.o(.data) for Vertical1_offset
    Menu.o(i.menu) refers to Global_Variables.o(.data) for Horiziontal2_offset
    Menu.o(i.menu) refers to Global_Variables.o(.data) for Vertical2_offset
    Menu.o(i.menu) refers to Global_Variables.o(.data) for show_wave_save_count
    Menu.o(i.menu) refers to Global_Variables.o(.data) for uart3_enable
    Menu.o(i.menu) refers to Global_Variables.o(.bss) for wave1_save_value
    Menu.o(i.menu) refers to Global_Variables.o(.bss) for wave2_save_value
    Menu.o(i.menu) refers to Global_Variables.o(.data) for wave_save_count
    Menu.o(i.menu) refers to Global_Variables.o(.bss) for wave1_value
    Menu.o(i.menu) refers to Global_Variables.o(.bss) for wave2_value
    Menu.o(i.menu) refers to Global_Variables.o(.data) for CH1_TIME_DIV
    Menu.o(i.menu) refers to Global_Variables.o(.data) for CH1_VOLT_DIV
    Menu.o(i.menu) refers to Global_Variables.o(.data) for CH2_TIME_DIV
    Menu.o(i.menu) refers to Global_Variables.o(.data) for CH2_VOLT_DIV
    Menu.o(i.menu) refers to Global_Variables.o(.data) for Trigger
    Global_Variables.o(.data) refers to Global_Variables.o(.conststring) for .conststring
    Global_Variables.o(.data) refers to Global_Variables.o(.conststring) for .conststring
    Global_Variables.o(.data) refers to Global_Variables.o(.conststring) for .conststring
    Global_Variables.o(.data) refers to Global_Variables.o(.conststring) for .conststring
    Global_Variables.o(.data) refers to Global_Variables.o(.conststring) for .conststring
    TFT_Lcd.o(i.Draw_Circle) refers to TFT_Lcd.o(i.LCD_DrawPoint) for LCD_DrawPoint
    TFT_Lcd.o(i.LCD_Address_Set) refers to TFT_Lcd.o(i.LCD_WR_REG) for LCD_WR_REG
    TFT_Lcd.o(i.LCD_Address_Set) refers to TFT_Lcd.o(i.LCD_WR_DATA) for LCD_WR_DATA
    TFT_Lcd.o(i.LCD_DrawPoint) refers to TFT_Lcd.o(i.LCD_Address_Set) for LCD_Address_Set
    TFT_Lcd.o(i.LCD_DrawPoint) refers to TFT_Lcd.o(i.LCD_WR_DATA) for LCD_WR_DATA
    TFT_Lcd.o(i.LCD_Fill) refers to TFT_Lcd.o(i.LCD_Address_Set) for LCD_Address_Set
    TFT_Lcd.o(i.LCD_Fill) refers to TFT_Lcd.o(i.LCD_WR_DATA) for LCD_WR_DATA
    TFT_Lcd.o(i.LCD_ScrollReset) refers to TFT_Lcd.o(i.LCD_WR_REG) for LCD_WR_REG
    TFT_Lcd.o(i.LCD_ScrollReset) refers to TFT_Lcd.o(i.LCD_WR_DATA) for LCD_WR_DATA
    TFT_Lcd.o(i.LCD_ScrollReset) refers to TFT_Lcd.o(i.LCD_Fill) for LCD_Fill
    TFT_Lcd.o(i.LCD_ScrollSet) refers to TFT_Lcd.o(i.LCD_WR_REG) for LCD_WR_REG
    TFT_Lcd.o(i.LCD_ScrollSet) refers to TFT_Lcd.o(i.LCD_WR_DATA) for LCD_WR_DATA
    TFT_Lcd.o(i.LCD_ShowChar) refers to TFT_Lcd.o(i.LCD_Address_Set) for LCD_Address_Set
    TFT_Lcd.o(i.LCD_ShowChar) refers to TFT_Lcd.o(i.LCD_WR_DATA) for LCD_WR_DATA
    TFT_Lcd.o(i.LCD_ShowChar) refers to lcdfont.o(.constdata) for ascii_3216
    TFT_Lcd.o(i.LCD_ShowChar) refers to lcdfont.o(.constdata) for ascii_1608
    TFT_Lcd.o(i.LCD_ShowChinese) refers to TFT_Lcd.o(i.LCD_ShowChinese12x12) for LCD_ShowChinese12x12
    TFT_Lcd.o(i.LCD_ShowChinese) refers to TFT_Lcd.o(i.LCD_ShowChinese16x16) for LCD_ShowChinese16x16
    TFT_Lcd.o(i.LCD_ShowChinese12x12) refers to TFT_Lcd.o(i.LCD_Address_Set) for LCD_Address_Set
    TFT_Lcd.o(i.LCD_ShowChinese12x12) refers to TFT_Lcd.o(i.LCD_WR_DATA) for LCD_WR_DATA
    TFT_Lcd.o(i.LCD_ShowChinese12x12) refers to lcdfont.o(.constdata) for tfont16
    TFT_Lcd.o(i.LCD_ShowChinese16x16) refers to TFT_Lcd.o(i.LCD_Address_Set) for LCD_Address_Set
    TFT_Lcd.o(i.LCD_ShowChinese16x16) refers to TFT_Lcd.o(i.LCD_WR_DATA) for LCD_WR_DATA
    TFT_Lcd.o(i.LCD_ShowChinese16x16) refers to lcdfont.o(.constdata) for tfont16
    TFT_Lcd.o(i.LCD_ShowIntNum) refers to TFT_Lcd.o(i.mypow) for mypow
    TFT_Lcd.o(i.LCD_ShowIntNum) refers to aeabi_sdiv.o(.text) for __aeabi_uidivmod
    TFT_Lcd.o(i.LCD_ShowIntNum) refers to TFT_Lcd.o(i.LCD_ShowChar) for LCD_ShowChar
    TFT_Lcd.o(i.LCD_ShowString) refers to TFT_Lcd.o(i.LCD_ShowChar) for LCD_ShowChar
    TFT_Lcd.o(i.LCD_WR_DATA) refers to sc32f1xxx_spi.o(i.SPI_DataSizeConfig) for SPI_DataSizeConfig
    TFT_Lcd.o(i.LCD_WR_DATA) refers to TFT_Lcd.o(i.delay_ms) for delay_ms
    TFT_Lcd.o(i.LCD_WR_DATA) refers to sc32f1xxx_spi.o(i.SPI_SendData) for SPI_SendData
    TFT_Lcd.o(i.LCD_WR_REG) refers to TFT_Lcd.o(i.delay_ms) for delay_ms
    TFT_Lcd.o(i.LCD_WR_REG) refers to TFT_Lcd.o(i.LCD_WR_DATA) for LCD_WR_DATA
    TFT_Lcd.o(i.Lcd_Init) refers to sc32f1xxx_gpio.o(i.GPIO_SetBits) for GPIO_SetBits
    TFT_Lcd.o(i.Lcd_Init) refers to TFT_Lcd.o(i.delay_ms) for delay_ms
    TFT_Lcd.o(i.Lcd_Init) refers to TFT_Lcd.o(i.LCD_WR_REG) for LCD_WR_REG
    TFT_Lcd.o(i.Lcd_Init) refers to TFT_Lcd.o(i.LCD_WR_DATA) for LCD_WR_DATA
    TFT_Lcd.o(i.TFT_DrawLine) refers to TFT_Lcd.o(i.LCD_DrawPoint) for LCD_DrawPoint
    TFT_Lcd.o(i.TFT_DrawRectangle) refers to TFT_Lcd.o(i.TFT_DrawLine) for TFT_DrawLine
    TFT_Lcd.o(i.drawCurve) refers to TFT_Lcd.o(i.LCD_DrawPoint) for LCD_DrawPoint
    TFT_Lcd.o(i.drawCurve) refers to TFT_Lcd.o(i.TFT_DrawLine) for TFT_DrawLine
    TFT_Lcd.o(i.drawCurve) refers to TFT_Lcd.o(i.LCD_Address_Set) for LCD_Address_Set
    TFT_Lcd.o(i.drawCurve) refers to TFT_Lcd.o(i.LCD_WR_DATA) for LCD_WR_DATA
    TFT_Lcd.o(i.drawCurve) refers to TFT_Lcd.o(.data) for .data
    TKDriver.o(i.TKCLK_Init) refers to sc32f1xxx_rcc.o(i.RCC_APB2Cmd) for RCC_APB2Cmd
    TKDriver.o(i.TKSlideModuleCHIs) refers to TKDriver.o(.data) for .data
    TKDriver.o(i.TK_FilterAvergeDeal) refers to tk_basekeydeal.o(i.TK_FilterAvergeDeal_Normal) for TK_FilterAvergeDeal_Normal
    TKDriver.o(i.TK_FilterCommCode) refers to tk_basekeydeal.o(i.TK_FilterCommCodeT2) for TK_FilterCommCodeT2
    TKDriver.o(i.TK_FilterDataDeal) refers to tk_basekeydeal.o(i.FilterDataDeal_T2) for FilterDataDeal_T2
    TKDriver.o(i.TK_FilterIIRInit) refers to TKDriver.o(.bss) for .bss
    TKDriver.o(i.TK_FilterIIRInit) refers to TKDriver.o(.data) for .data
    TKDriver.o(i.TK_GetBaseLineAdjustValue) refers to TKDriver.o(.bss) for .bss
    TKDriver.o(i.TK_GetCfgMsg) refers to Menu.o(i.__ARM_common_switch8) for __ARM_common_switch8
    TKDriver.o(i.TK_GetCfgMsg) refers to TKDriver.o(i.TK_GetBaseLineAdjustValue) for TK_GetBaseLineAdjustValue
    TKDriver.o(i.TK_GetCfgMsg) refers to TKDriver.o(.constdata) for .constdata
    TKDriver.o(i.TK_GetCurrFingerValue) refers to TKDriver.o(.constdata) for .constdata
    TKDriver.o(i.TK_GetScanTimeValue) refers to TKDriver.o(.constdata) for .constdata
    TKDriver.o(i.TK_GetTKYzCnt) refers to aeabi_sdiv.o(.text) for __aeabi_uidivmod
    TKDriver.o(i.TK_GetTKYzCnt) refers to TKDriver.o(.data) for .data
    TKDriver.o(i.TK_GetTKYzThreshold) refers to TKDriver.o(i.TK_GetCurrFingerValue) for TK_GetCurrFingerValue
    TKDriver.o(i.TK_GetTKYzThreshold) refers to aeabi_sdiv.o(.text) for __aeabi_uidivmod
    TKDriver.o(i.TK_GetUpConfirmCnt) refers to TKDriver.o(.data) for .data
    TKDriver.o(i.TK_IRQHandler) refers to TKDriver.o(i.TK_CLR_TKIF) for TK_CLR_TKIF
    TKDriver.o(i.TK_IRQHandler) refers to tk_basekeydeal.o(i.TouchKey_Service) for TouchKey_Service
    TKDriver.o(i.TK_IRQHandler) refers to TKDriver.o(.data) for .data
    TKDriver.o(i.TK_InitializeBaselines) refers to TKDriver.o(.bss) for .bss
    TKDriver.o(i.TK_InitializeBaselines) refers to TKDriver.o(.data) for .data
    TKDriver.o(i.TK_InitializeSensorFlag) refers to TKDriver.o(.data) for .data
    TKDriver.o(i.TK_InitializeSensorFlag) refers to TKDriver.o(.bss) for .bss
    TKDriver.o(i.TK_SensorKeyFlag) refers to TKDriver.o(i.TKSlideModuleCHIs) for TKSlideModuleCHIs
    TKDriver.o(i.TK_SensorKeyFlag) refers to tk_basekeydeal.o(i.FilterDataDeal_T2) for FilterDataDeal_T2
    TKDriver.o(i.TK_SensorKeyFlag) refers to tk_keyt2.o(i.KeyT2_Analysis) for KeyT2_Analysis
    TKDriver.o(i.TK_SensorKeyFlag) refers to tk_slider.o(i.TKSlideModuleSensorRenovate) for TKSlideModuleSensorRenovate
    TKDriver.o(i.TK_SensorKeyFlag) refers to TKDriver.o(.data) for .data
    TKDriver.o(i.TK_SingleCurrentSensorChoose) refers to TKDriver.o(.data) for .data
    TKDriver.o(i.TK_TouchKeyCFGInit) refers to TKDriver.o(i.TK_SingleCurrentSensorChoose) for TK_SingleCurrentSensorChoose
    TKDriver.o(i.TK_TouchKeyCFGInit) refers to TKDriver.o(.data) for .data
    TKDriver.o(i.TK_TouchKeyCFGInit) refers to TKDriver.o(.constdata) for .constdata
    TKDriver.o(i.TK_TouchKeyCFGInit) refers to TKDriver.o(.bss) for .bss
    TKDriver.o(i.TK_TouchKeyScan) refers to tk_basekeydeal.o(i.TK_GetIsNeedUpdateBaseline) for TK_GetIsNeedUpdateBaseline
    TKDriver.o(i.TK_TouchKeyScan) refers to tk_basekeydeal.o(i.TK_MultipleDeal) for TK_MultipleDeal
    TKDriver.o(i.TK_TouchKeyScan) refers to TKDriver.o(i.TK_SensorKeyFlag) for TK_SensorKeyFlag
    TKDriver.o(i.TK_TouchKeyScan) refers to llshl.o(.text) for __aeabi_llsl
    TKDriver.o(i.TK_TouchKeyScan) refers to TKDriver.o(i.TK_SetOneKeyPushResetTime) for TK_SetOneKeyPushResetTime
    TKDriver.o(i.TK_TouchKeyScan) refers to tk_basekeydeal.o(i.TK_SetNeedUpdateBaseline) for TK_SetNeedUpdateBaseline
    TKDriver.o(i.TK_TouchKeyScan) refers to TKDriver.o(.data) for .data
    sc32f1xxx_dma.o(i.DMA_DeInit) refers to sc32f1xxx_rcc.o(i.RCC_AHBPeriphResetCmd) for RCC_AHBPeriphResetCmd
    sc32f1xxx_tim.o(i.TIM_DeInit) refers to sc32f1xxx_rcc.o(i.RCC_APB0PeriphResetCmd) for RCC_APB0PeriphResetCmd
    sc32f1xxx_tim.o(i.TIM_DeInit) refers to sc32f1xxx_rcc.o(i.RCC_APB1PeriphResetCmd) for RCC_APB1PeriphResetCmd
    sc32f1xxx_spi.o(i.SPI_DeInit) refers to sc32f1xxx_rcc.o(i.RCC_APB0PeriphResetCmd) for RCC_APB0PeriphResetCmd
    sc32f1xxx_spi.o(i.SPI_DeInit) refers to sc32f1xxx_rcc.o(i.RCC_APB1PeriphResetCmd) for RCC_APB1PeriphResetCmd
    sc32f1xxx_uart.o(i.LINCalChecksum) refers to sc32f1xxx_uart.o(i.LIN_CalID) for LIN_CalID
    sc32f1xxx_uart.o(i.Printf_UartInit) refers to sc32f1xxx_uart.o(.data) for .data
    sc32f1xxx_uart.o(i.UART_DeInit) refers to sc32f1xxx_rcc.o(i.RCC_APB0PeriphResetCmd) for RCC_APB0PeriphResetCmd
    sc32f1xxx_uart.o(i.UART_DeInit) refers to sc32f1xxx_rcc.o(i.RCC_APB1PeriphResetCmd) for RCC_APB1PeriphResetCmd
    sc32f1xxx_uart.o(i.UART_DeInit) refers to sc32f1xxx_rcc.o(i.RCC_APB2PeriphResetCmd) for RCC_APB2PeriphResetCmd
    sc32f1xxx_uart.o(i.UART_Init) refers to aeabi_sdiv.o(.text) for __aeabi_uidivmod
    sc32f1xxx_uart.o(i.UART_SendArray) refers to sc32f1xxx_uart.o(i.UART_SendByte) for UART_SendByte
    sc32f1xxx_uart.o(i.UART_SendArray) refers to TFT_Lcd.o(i.delay_ms) for delay_ms
    sc32f1xxx_uart.o(i.UART_SendByte) refers to sc32f1xxx_uart.o(i.UART_SendData) for UART_SendData
    sc32f1xxx_uart.o(i.UART_SendByte) refers to sc32f1xxx_uart.o(i.UART_GetFlagStatus) for UART_GetFlagStatus
    sc32f1xxx_uart.o(i.UART_SendPacket) refers to sc32f1xxx_uart.o(i.UART_SendArray) for UART_SendArray
    sc32f1xxx_uart.o(i.UART_SendPacket) refers to sc32f1xxx_uart.o(.bss) for .bss
    sc32f1xxx_uart.o(i.UART_SendString) refers to sc32f1xxx_uart.o(i.UART_SendByte) for UART_SendByte
    sc32f1xxx_uart.o(i.UART_SendString) refers to TFT_Lcd.o(i.delay_ms) for delay_ms
    sc32f1xxx_uart.o(i.fputc) refers to sc32f1xxx_uart.o(i.UART_SendData) for UART_SendData
    sc32f1xxx_uart.o(i.fputc) refers to sc32f1xxx_uart.o(i.UART_GetFlagStatus) for UART_GetFlagStatus
    sc32f1xxx_uart.o(i.fputc) refers to sc32f1xxx_uart.o(i.UART_ClearFlag) for UART_ClearFlag
    sc32f1xxx_uart.o(i.fputc) refers to sc32f1xxx_uart.o(.data) for .data
    sc32f1xxx_rcc.o(i.RCC_BTMCLKConfig) refers to sc32f1xxx_rcc.o(i.RCC_Unlock) for RCC_Unlock
    sc32f1xxx_rcc.o(i.RCC_HIRCCmd) refers to sc32f1xxx_rcc.o(i.RCC_Unlock) for RCC_Unlock
    sc32f1xxx_rcc.o(i.RCC_HIRCDIV1Cmd) refers to sc32f1xxx_rcc.o(i.RCC_Unlock) for RCC_Unlock
    sc32f1xxx_rcc.o(i.RCC_HXTCmd) refers to sc32f1xxx_rcc.o(i.RCC_Unlock) for RCC_Unlock
    sc32f1xxx_rcc.o(i.RCC_ITConfig) refers to sc32f1xxx_rcc.o(i.RCC_Unlock) for RCC_Unlock
    sc32f1xxx_rcc.o(i.RCC_LCDLEDCLKConfig) refers to sc32f1xxx_rcc.o(i.RCC_Unlock) for RCC_Unlock
    sc32f1xxx_rcc.o(i.RCC_LIRCCmd) refers to sc32f1xxx_rcc.o(i.RCC_Unlock) for RCC_Unlock
    sc32f1xxx_rcc.o(i.RCC_LXTCmd) refers to sc32f1xxx_rcc.o(i.RCC_Unlock) for RCC_Unlock
    sc32f1xxx_rcc.o(i.RCC_PWM0CLKConfig) refers to sc32f1xxx_rcc.o(i.RCC_Unlock) for RCC_Unlock
    sc32f1xxx_rcc.o(i.RCC_SYSCLKConfig) refers to sc32f1xxx_rcc.o(i.RCC_Unlock) for RCC_Unlock
    sc32f1xxx_rcc.o(i.RCC_SystickCLKConfig) refers to sc32f1xxx_rcc.o(i.RCC_Unlock) for RCC_Unlock
    sc32f1xxx_rcc.o(i.RCC_WaitConfig) refers to sc32f1xxx_rcc.o(i.RCC_Unlock) for RCC_Unlock
    sc32f1xxx_rcc.o(i.SC_Delay) refers to sc32f1xxx_rcc.o(.data) for .data
    sc32f1xxx_rcc.o(i.SC_Delay_us) refers to aeabi_sdiv.o(.text) for __aeabi_uidivmod
    sc32f1xxx_rcc.o(i.SC_Delay_us) refers to sc32f1xxx_rcc.o(.data) for .data
    sc32f1xxx_rcc.o(i.SC_IncTick) refers to sc32f1xxx_rcc.o(.data) for .data
    sc32f1xxx_can.o(i.CAN_DeInit) refers to sc32f1xxx_rcc.o(i.RCC_AHBPeriphResetCmd) for RCC_AHBPeriphResetCmd
    sc32f1xxx_can.o(i.CAN_FBaudRate_Select) refers to aeabi_sdiv.o(.text) for __aeabi_uidivmod
    sc32f1xxx_can.o(i.CAN_FBaudRate_Select) refers to dflti.o(.text) for __aeabi_ui2d
    sc32f1xxx_can.o(i.CAN_FBaudRate_Select) refers to dmul.o(.text) for __aeabi_dmul
    sc32f1xxx_can.o(i.CAN_FBaudRate_Select) refers to daddsub.o(.text) for __aeabi_dsub
    sc32f1xxx_can.o(i.CAN_FBaudRate_Select) refers to dfixui.o(.text) for __aeabi_d2uiz
    sc32f1xxx_can.o(i.CAN_ModeSelect) refers to Menu.o(i.__ARM_common_switch8) for __ARM_common_switch8
    sc32f1xxx_can.o(i.CAN_RecieveConfig) refers to rt_memcpy.o(.emb_text) for __aeabi_memcpy4
    sc32f1xxx_can.o(i.CAN_RecieveConfig) refers to sc32f1xxx_can.o(.constdata) for .constdata
    sc32f1xxx_can.o(i.CAN_SBaudRate_Select) refers to aeabi_sdiv.o(.text) for __aeabi_uidivmod
    sc32f1xxx_can.o(i.CAN_SBaudRate_Select) refers to dflti.o(.text) for __aeabi_ui2d
    sc32f1xxx_can.o(i.CAN_SBaudRate_Select) refers to dmul.o(.text) for __aeabi_dmul
    sc32f1xxx_can.o(i.CAN_SBaudRate_Select) refers to daddsub.o(.text) for __aeabi_dsub
    sc32f1xxx_can.o(i.CAN_SBaudRate_Select) refers to dfixui.o(.text) for __aeabi_d2uiz
    sc32f1xxx_crc.o(i.CRC_Accumulate) refers to sc32f1xxx_crc.o(i.CRC_Handle_8) for CRC_Handle_8
    sc32f1xxx_crc.o(i.CRC_Accumulate) refers to sc32f1xxx_crc.o(i.CRC_Handle_16) for CRC_Handle_16
    sc32f1xxx_crc.o(i.CRC_Calculate) refers to sc32f1xxx_crc.o(i.CRC_ResetDR) for CRC_ResetDR
    sc32f1xxx_crc.o(i.CRC_Calculate) refers to sc32f1xxx_crc.o(i.CRC_Handle_8) for CRC_Handle_8
    sc32f1xxx_crc.o(i.CRC_Calculate) refers to sc32f1xxx_crc.o(i.CRC_Handle_16) for CRC_Handle_16
    sc32f1xxx_crc.o(i.CRC_DeInit) refers to sc32f1xxx_rcc.o(i.RCC_AHBPeriphResetCmd) for RCC_AHBPeriphResetCmd
    sc32f1xxx_iap.o(i.DeInitFlashToRam) refers to sc32f1xxx_iap.o(.bss) for .bss
    sc32f1xxx_iap.o(i.DeInitFlashToRam) refers to sc32f1xxx_iap.o(i.IAP_NOP) for IAP_NOP
    sc32f1xxx_iap.o(i.DeInitFlashToRam) refers to sc32f1xxx_iap.o(.data) for .data
    sc32f1xxx_iap.o(i.IAP_EEPROMEraseSector) refers to sc32f1xxx_iap.o(.data) for .data
    sc32f1xxx_iap.o(i.IAP_EraseSector) refers to sc32f1xxx_iap.o(.data) for .data
    sc32f1xxx_iap.o(i.IAP_Lock) refers to sc32f1xxx_iap.o(i.DeInitFlashToRam) for DeInitFlashToRam
    sc32f1xxx_iap.o(i.IAP_ProgramArray_InRam) refers to sc32f1xxx_iap.o(.data) for .data
    sc32f1xxx_iap.o(i.IAP_ProgramByte) refers to sc32f1xxx_iap.o(.data) for .data
    sc32f1xxx_iap.o(i.IAP_ProgramByteArray) refers to rt_memclr.o(.text) for __aeabi_memclr4
    sc32f1xxx_iap.o(i.IAP_ProgramByteArray) refers to sc32f1xxx_iap.o(i.IAP_ProgramArray_InRam) for IAP_ProgramArray_InRam
    sc32f1xxx_iap.o(i.IAP_ProgramByteArray) refers to sc32f1xxx_iap.o(.data) for .data
    sc32f1xxx_iap.o(i.IAP_ProgramHalfWord) refers to sc32f1xxx_iap.o(.data) for .data
    sc32f1xxx_iap.o(i.IAP_ProgramHalfWordArray) refers to rt_memclr.o(.text) for __aeabi_memclr4
    sc32f1xxx_iap.o(i.IAP_ProgramHalfWordArray) refers to sc32f1xxx_iap.o(i.IAP_ProgramArray_InRam) for IAP_ProgramArray_InRam
    sc32f1xxx_iap.o(i.IAP_ProgramHalfWordArray) refers to sc32f1xxx_iap.o(.data) for .data
    sc32f1xxx_iap.o(i.IAP_ProgramWord) refers to sc32f1xxx_iap.o(.data) for .data
    sc32f1xxx_iap.o(i.IAP_ProgramWordArray) refers to rt_memclr.o(.text) for __aeabi_memclr4
    sc32f1xxx_iap.o(i.IAP_ProgramWordArray) refers to sc32f1xxx_iap.o(i.IAP_ProgramArray_InRam) for IAP_ProgramArray_InRam
    sc32f1xxx_iap.o(i.IAP_ProgramWordArray) refers to sc32f1xxx_iap.o(.data) for .data
    sc32f1xxx_iap.o(i.IAP_Program_InRam) refers to sc32f1xxx_iap.o(.data) for .data
    sc32f1xxx_iap.o(i.IAP_Unlock) refers to sc32f1xxx_iap.o(i.InitFlashToRam) for InitFlashToRam
    sc32f1xxx_iap.o(i.IAP_Unlock) refers to sc32f1xxx_iap.o(.data) for .data
    sc32f1xxx_iap.o(i.IAP_WriteCmd) refers to sc32f1xxx_iap.o(.data) for .data
    sc32f1xxx_iap.o(i.InitFlashToRam) refers to sc32f1xxx_iap.o(i.IAP_Program_InRam) for IAP_Program_InRam
    sc32f1xxx_iap.o(i.InitFlashToRam) refers to sc32f1xxx_iap.o(.bss) for .bss
    sc32f1xxx_iap.o(i.InitFlashToRam) refers to sc32f1xxx_iap.o(.data) for .data
    sc32f1xxx_iap.o(.data) refers to sc32f1xxx_iap.o(i.IAP_NOP) for IAP_NOP
    sc32f1xxx_lcd.o(i.LCD_DeInit) refers to sc32f1xxx_rcc.o(i.RCC_APB2PeriphResetCmd) for RCC_APB2PeriphResetCmd
    sc32f1xxx_led.o(i.LED_DeInit) refers to sc32f1xxx_rcc.o(i.RCC_APB2PeriphResetCmd) for RCC_APB2PeriphResetCmd
    sc32f1xxx_ledpwm.o(i.LEDPWM_DeInit) refers to sc32f1xxx_rcc.o(i.RCC_APB2PeriphResetCmd) for RCC_APB2PeriphResetCmd
    sc32f1xxx_pwm.o(i.PWM_DeInit) refers to sc32f1xxx_rcc.o(i.RCC_APB0PeriphResetCmd) for RCC_APB0PeriphResetCmd
    sc32f1xxx_qspi.o(i.QSPI_DeInit) refers to sc32f1xxx_rcc.o(i.RCC_APB0PeriphResetCmd) for RCC_APB0PeriphResetCmd
    sc32f1xxx_qspi.o(i.QSPI_DeInit) refers to sc32f1xxx_rcc.o(i.RCC_APB1PeriphResetCmd) for RCC_APB1PeriphResetCmd
    sc32f1xxx_qspi.o(i.QSPI_ReceiveMultipleData) refers to sc32f1xxx_qspi.o(i.QSPI_GetFlagStatus) for QSPI_GetFlagStatus
    sc32f1xxx_qspi.o(i.QSPI_SendMultipleData) refers to sc32f1xxx_qspi.o(i.QSPI_GetFlagStatus) for QSPI_GetFlagStatus
    sc32f1xxx_twi.o(i.TWI_DeInit) refers to sc32f1xxx_rcc.o(i.RCC_APB0PeriphResetCmd) for RCC_APB0PeriphResetCmd
    sc32f1xxx_twi.o(i.TWI_DeInit) refers to sc32f1xxx_rcc.o(i.RCC_APB1PeriphResetCmd) for RCC_APB1PeriphResetCmd
    startup_sc32r803.o(STACK) refers (Special) to heapauxi.o(.text) for __use_two_region_memory
    startup_sc32r803.o(HEAP) refers (Special) to heapauxi.o(.text) for __use_two_region_memory
    startup_sc32r803.o(RESET) refers (Special) to heapauxi.o(.text) for __use_two_region_memory
    startup_sc32r803.o(RESET) refers to startup_sc32r803.o(STACK) for __initial_sp
    startup_sc32r803.o(RESET) refers to startup_sc32r803.o(.text) for Reset_Handler
    startup_sc32r803.o(RESET) refers to SC_it.o(i.SysTick_IRQHandler) for SysTick_IRQHandler
    startup_sc32r803.o(RESET) refers to SC_it.o(i.INT0_IRQHandler) for INT0_IRQHandler
    startup_sc32r803.o(RESET) refers to SC_it.o(i.INT1_7_IRQHandler) for INT1_7_IRQHandler
    startup_sc32r803.o(RESET) refers to SC_it.o(i.INT8_11_IRQHandler) for INT8_11_IRQHandler
    startup_sc32r803.o(RESET) refers to SC_it.o(i.INT12_15_IRQHandler) for INT12_15_IRQHandler
    startup_sc32r803.o(RESET) refers to SC_it.o(i.RCC_IRQHandler) for RCC_IRQHandler
    startup_sc32r803.o(RESET) refers to SC_it.o(i.UART0_2_4_IRQHandler) for UART0_2_4_IRQHandler
    startup_sc32r803.o(RESET) refers to SC_it.o(i.UART1_3_5_IRQHandler) for UART1_3_5_IRQHandler
    startup_sc32r803.o(RESET) refers to SC_it.o(i.TWIx_QSPIx_0_2_IRQHandler) for TWIx_QSPIx_0_2_IRQHandler
    startup_sc32r803.o(RESET) refers to SC_it.o(i.TWIx_QSPIx_1_3_IRQHandler) for TWIx_QSPIx_1_3_IRQHandler
    startup_sc32r803.o(RESET) refers to SC_it.o(i.DMA0_IRQHandler) for DMA0_IRQHandler
    startup_sc32r803.o(RESET) refers to Data_Acquisition.o(i.DMA0_IRQHandler) for DMA0_IRQHandler
    startup_sc32r803.o(RESET) refers to SC_it.o(i.DMA1_IRQHandler) for DMA1_IRQHandler
    startup_sc32r803.o(RESET) refers to SC_it.o(i.DMA2_IRQHandler) for DMA2_IRQHandler
    startup_sc32r803.o(RESET) refers to SC_it.o(i.DMA3_IRQHandler) for DMA3_IRQHandler
    startup_sc32r803.o(RESET) refers to SC_it.o(i.TIMER0_IRQHandler) for TIMER0_IRQHandler
    startup_sc32r803.o(RESET) refers to SC_it.o(i.TIMER1_IRQHandler) for TIMER1_IRQHandler
    startup_sc32r803.o(RESET) refers to SC_it.o(i.TIMER2_IRQHandler) for TIMER2_IRQHandler
    startup_sc32r803.o(RESET) refers to SC_it.o(i.TIMER3_IRQHandler) for TIMER3_IRQHandler
    startup_sc32r803.o(RESET) refers to SC_it.o(i.TIMER4_5_IRQHandler) for TIMER4_5_IRQHandler
    startup_sc32r803.o(RESET) refers to SC_it.o(i.TIMER6_7_IRQHandler) for TIMER6_7_IRQHandler
    startup_sc32r803.o(RESET) refers to SC_it.o(i.PWM0_IRQHandler) for PWM0_IRQHandler
    startup_sc32r803.o(RESET) refers to SC_it.o(i.LEDPWM_IRQHandler) for LEDPWM_IRQHandler
    startup_sc32r803.o(RESET) refers to SC_it.o(i.CAN_IRQHandler) for CAN_IRQHandler
    startup_sc32r803.o(RESET) refers to SC_it.o(i.ADC_IRQHandler) for ADC_IRQHandler
    startup_sc32r803.o(RESET) refers to SC_it.o(i.CMP_IRQHandler) for CMP_IRQHandler
    startup_sc32r803.o(RESET) refers to TKDriver.o(i.TK_IRQHandler) for TK_IRQHandler
    startup_sc32r803.o(.text) refers (Special) to heapauxi.o(.text) for __use_two_region_memory
    startup_sc32r803.o(.text) refers to system_sc32f1xxx.o(i.SystemInit) for SystemInit
    startup_sc32r803.o(.text) refers to __main.o(!!!main) for __main
    startup_sc32r803.o(.text) refers to startup_sc32r803.o(HEAP) for Heap_Mem
    startup_sc32r803.o(.text) refers to startup_sc32r803.o(STACK) for Stack_Mem
    tk_keyt2.o(i.KeyT2_Analysis) refers to TKDriver.o(i.TK_GetCurrFingerValue) for TK_GetCurrFingerValue
    tk_keyt2.o(i.KeyT2_Analysis) refers to llshl.o(.text) for __aeabi_llsl
    tk_keyt2.o(i.KeyT2_Analysis) refers to tk_basekeydeal.o(i.SET_TOUCH) for SET_TOUCH
    tk_keyt2.o(i.KeyT2_Analysis) refers to TKDriver.o(i.TK_GetBaselineUpdateThreshold) for TK_GetBaselineUpdateThreshold
    tk_keyt2.o(i.KeyT2_Analysis) refers to aeabi_sdiv.o(.text) for __aeabi_uidivmod
    tk_keyt2.o(i.KeyT2_Analysis) refers to TKDriver.o(i.TK_GetUpConfirmCnt) for TK_GetUpConfirmCnt
    tk_keyt2.o(i.KeyT2_Analysis) refers to tk_basekeydeal.o(i.TK_SingleChannel_ICHAAdjust) for TK_SingleChannel_ICHAAdjust
    tk_keyt2.o(i.KeyT2_Analysis) refers to TKDriver.o(.data) for KeyMark
    tk_keyt2.o(i.KeyT2_Analysis) refers to TKDriver.o(.bss) for SingleChannelsBaseLineUpdatePar
    tk_keyt2.o(i.KeyT2_Analysis) refers to TKDriver.o(.data) for IsInNosicValue
    tk_keyt2.o(i.KeyT2_Analysis) refers to TKDriver.o(.data) for bMultiple
    tk_keyt2.o(i.KeyT2_Analysis) refers to TKDriver.o(.data) for MultipleKeyInhibitionCount
    tk_keyt2.o(i.KeyT2_Analysis) refers to TKDriver.o(.data) for MultipleKeyNosicCount
    tk_keyt2.o(i.KeyT2_Analysis) refers to TKDriver.o(.data) for StrongNosicCount
    tk_keyt2.o(i.KeyT2_Analysis) refers to TKDriver.o(.data) for WeakNosicCount
    tk_keyt2.o(i.KeyT2_Analysis) refers to TKDriver.o(.constdata) for CFG_RESET_BASELINE_CNT
    tk_keyt2.o(i.KeyT2_Analysis) refers to TKDriver.o(.constdata) for CFG_OVERLOW_MAX_COUNT
    tk_keyt2.o(i.KeyT2_Analysis) refers to TKDriver.o(.constdata) for TK_CurrentBaseLineUpRange
    tk_keyt2.o(i.KeyT2_Analysis) refers to TKDriver.o(.constdata) for TK_CurrentBaseLineLowRange
    tk_slider.o(i.BaseLineUpdataSW) refers to TKDriver.o(i.TK_GetCurrFingerValue) for TK_GetCurrFingerValue
    tk_slider.o(i.BaseLineUpdataSW) refers to TKDriver.o(i.TK_GetBaselineUpdateThreshold) for TK_GetBaselineUpdateThreshold
    tk_slider.o(i.BaseLineUpdataSW) refers to aeabi_sdiv.o(.text) for __aeabi_uidivmod
    tk_slider.o(i.BaseLineUpdataSW) refers to TKDriver.o(.bss) for SingleChannelsBaseLineUpdatePar
    tk_slider.o(i.BaseLineUpdataSW) refers to TKDriver.o(.data) for SetNoiseThreshold
    tk_slider.o(i.BaseLineUpdataSW) refers to TKDriver.o(.constdata) for CFG_OVERLOW_MAX_COUNT
    tk_slider.o(i.BaseLineUpdataSW) refers to TKDriver.o(.constdata) for CFG_RESET_BASELINE_CNT
    tk_slider.o(i.TKSlideModuleSensorRenovate) refers to TKDriver.o(i.TK_GetCurrFingerValue) for TK_GetCurrFingerValue
    tk_slider.o(i.TKSlideModuleSensorRenovate) refers to aeabi_sdiv.o(.text) for __aeabi_idivmod
    tk_slider.o(i.TKSlideModuleSensorRenovate) refers to tk_slider.o(i.BaseLineUpdataSW) for BaseLineUpdataSW
    tk_slider.o(i.TKSlideModuleSensorRenovate) refers to dflti.o(.text) for __aeabi_ui2d
    tk_slider.o(i.TKSlideModuleSensorRenovate) refers to ddiv.o(.text) for __aeabi_ddiv
    tk_slider.o(i.TKSlideModuleSensorRenovate) refers to dscalbn.o(.text) for __ARM_scalbn
    tk_slider.o(i.TKSlideModuleSensorRenovate) refers to daddsub.o(.text) for __aeabi_drsub
    tk_slider.o(i.TKSlideModuleSensorRenovate) refers to d2f.o(.text) for __aeabi_d2f
    tk_slider.o(i.TKSlideModuleSensorRenovate) refers to fflti.o(.text) for __aeabi_ui2f
    tk_slider.o(i.TKSlideModuleSensorRenovate) refers to fdiv.o(.text) for __aeabi_fdiv
    tk_slider.o(i.TKSlideModuleSensorRenovate) refers to fmul.o(x$fpl$fmul) for __aeabi_fmul
    tk_slider.o(i.TKSlideModuleSensorRenovate) refers to ffixi.o(.text) for __aeabi_f2iz
    tk_slider.o(i.TKSlideModuleSensorRenovate) refers to f2d.o(.text) for __aeabi_f2d
    tk_slider.o(i.TKSlideModuleSensorRenovate) refers to dmul.o(.text) for __aeabi_dmul
    tk_slider.o(i.TKSlideModuleSensorRenovate) refers to faddsub.o(x$fpl$fadd) for __aeabi_fadd
    tk_slider.o(i.TKSlideModuleSensorRenovate) refers to faddsub.o(x$fpl$fsub) for __aeabi_fsub
    tk_slider.o(i.TKSlideModuleSensorRenovate) refers to ffixui.o(.text) for __aeabi_f2uiz
    tk_slider.o(i.TKSlideModuleSensorRenovate) refers to flef.o(x$fpl$fleqf) for __aeabi_cfcmple
    tk_slider.o(i.TKSlideModuleSensorRenovate) refers to TKDriver.o(.bss) for SingleChannelsBaseLineUpdatePar
    tk_basekeydeal.o(i.CLR_TOUCH) refers to TKDriver.o(.data) for KeyFlag
    tk_basekeydeal.o(i.CLR_TOUCH) refers to TKDriver.o(.data) for KeyMark
    tk_basekeydeal.o(i.FilterDataDeal_T1) refers to TKDriver.o(i.TK_GetCurrFingerValue) for TK_GetCurrFingerValue
    tk_basekeydeal.o(i.FilterDataDeal_T1) refers to TKDriver.o(.bss) for SingleChannelsBaseLineUpdatePar
    tk_basekeydeal.o(i.FilterDataDeal_T2) refers to TKDriver.o(i.TK_GetCurrFingerValue) for TK_GetCurrFingerValue
    tk_basekeydeal.o(i.FilterDataDeal_T2) refers to TKDriver.o(.bss) for SingleChannelsBaseLineUpdatePar
    tk_basekeydeal.o(i.FilterDataDeal_T2) refers to TKDriver.o(.data) for BigNosicCount
    tk_basekeydeal.o(i.SET_TOUCH) refers to TKDriver.o(.data) for KeyFlag
    tk_basekeydeal.o(i.SET_TOUCH) refers to TKDriver.o(.data) for KeyMark
    tk_basekeydeal.o(i.TK_FilterAvergeDeal_Normal) refers to TKDriver.o(i.TK_FilterCommCode) for TK_FilterCommCode
    tk_basekeydeal.o(i.TK_FilterAvergeDeal_Normal) refers to tk_basekeydeal.o(i.TK_SingleChannel_ICHAAdjust) for TK_SingleChannel_ICHAAdjust
    tk_basekeydeal.o(i.TK_FilterAvergeDeal_Normal) refers to TKDriver.o(i.TK_FilterIIRInit) for TK_FilterIIRInit
    tk_basekeydeal.o(i.TK_FilterAvergeDeal_Normal) refers to TKDriver.o(i.TK_GetInitAutoUpdateTime) for TK_GetInitAutoUpdateTime
    tk_basekeydeal.o(i.TK_FilterAvergeDeal_Normal) refers to TKDriver.o(i.TK_FilterDataDeal) for TK_FilterDataDeal
    tk_basekeydeal.o(i.TK_FilterAvergeDeal_Normal) refers to TKDriver.o(.constdata) for CFG_CYCLE_CNT
    tk_basekeydeal.o(i.TK_FilterAvergeDeal_Normal) refers to TKDriver.o(.bss) for SingleChannelsBaseLineUpdatePar
    tk_basekeydeal.o(i.TK_FilterAvergeDeal_Normal) refers to TKDriver.o(.data) for SingleCurrentChannelMax
    tk_basekeydeal.o(i.TK_FilterAvergeDeal_Normal) refers to TKDriver.o(.constdata) for TK_InitBaseLineUpRange
    tk_basekeydeal.o(i.TK_FilterAvergeDeal_Normal) refers to TKDriver.o(.constdata) for TK_InitBaseLineLowRange
    tk_basekeydeal.o(i.TK_FilterCommCodeT1) refers to TKDriver.o(i.TK_TRIG) for TK_TRIG
    tk_basekeydeal.o(i.TK_FilterCommCodeT1) refers to tk_basekeydeal.o(i.Usdelay) for Usdelay
    tk_basekeydeal.o(i.TK_FilterCommCodeT1) refers to TKDriver.o(i.CLR_TK_WDT) for CLR_TK_WDT
    tk_basekeydeal.o(i.TK_FilterCommCodeT1) refers to TKDriver.o(.data) for TK_TouchKeyStatus
    tk_basekeydeal.o(i.TK_FilterCommCodeT2) refers to TKDriver.o(i.TK_TRIG) for TK_TRIG
    tk_basekeydeal.o(i.TK_FilterCommCodeT2) refers to tk_basekeydeal.o(i.Usdelay) for Usdelay
    tk_basekeydeal.o(i.TK_FilterCommCodeT2) refers to TKDriver.o(i.CLR_TK_WDT) for CLR_TK_WDT
    tk_basekeydeal.o(i.TK_FilterCommCodeT2) refers to TKDriver.o(.data) for TK_TouchKeyStatus
    tk_basekeydeal.o(i.TK_FilterCommCodeT2) refers to TKDriver.o(.data) for SingleCurrentChannelMax
    tk_basekeydeal.o(i.TK_GetIsNeedUpdateBaseline) refers to TKDriver.o(.data) for bNeedUpdate
    tk_basekeydeal.o(i.TK_Init) refers to TKDriver.o(i.TKCLK_Init) for TKCLK_Init
    tk_basekeydeal.o(i.TK_Init) refers to TKDriver.o(i.TK_MOD_SET) for TK_MOD_SET
    tk_basekeydeal.o(i.TK_Init) refers to TKDriver.o(i.TK_InitializeSensorFlag) for TK_InitializeSensorFlag
    tk_basekeydeal.o(i.TK_Init) refers to TKDriver.o(i.TK_TouchKeyCFGInit) for TK_TouchKeyCFGInit
    tk_basekeydeal.o(i.TK_Init) refers to TKDriver.o(i.TK_ENTKS_SET) for TK_ENTKS_SET
    tk_basekeydeal.o(i.TK_Init) refers to TKDriver.o(i.TK_GetCfgMsg) for TK_GetCfgMsg
    tk_basekeydeal.o(i.TK_Init) refers to aeabi_sdiv.o(.text) for __aeabi_uidivmod
    tk_basekeydeal.o(i.TK_Init) refers to TKDriver.o(i.TK_GetScanTimeValue) for TK_GetScanTimeValue
    tk_basekeydeal.o(i.TK_Init) refers to TKDriver.o(i.TK_TKTM_SET) for TK_TKTM_SET
    tk_basekeydeal.o(i.TK_Init) refers to TKDriver.o(i.TK_VREF_SET) for TK_VREF_SET
    tk_basekeydeal.o(i.TK_Init) refers to TKDriver.o(i.TK_CTIME_SET) for TK_CTIME_SET
    tk_basekeydeal.o(i.TK_Init) refers to TKDriver.o(i.TK_ICHAC_SET) for TK_ICHAC_SET
    tk_basekeydeal.o(i.TK_Init) refers to TKDriver.o(i.TK_ICHA_SET) for TK_ICHA_SET
    tk_basekeydeal.o(i.TK_Init) refers to TKDriver.o(i.TK_ICHGC_SET) for TK_ICHGC_SET
    tk_basekeydeal.o(i.TK_Init) refers to TKDriver.o(i.TK_ICHG_SET) for TK_ICHG_SET
    tk_basekeydeal.o(i.TK_Init) refers to TKDriver.o(i.TK_PRSC_SET) for TK_PRSC_SET
    tk_basekeydeal.o(i.TK_Init) refers to TKDriver.o(i.TK_PRS_SET) for TK_PRS_SET
    tk_basekeydeal.o(i.TK_Init) refers to TKDriver.o(i.TK_TKINT_SET) for TK_TKINT_SET
    tk_basekeydeal.o(i.TK_Init) refers to TKDriver.o(i.TK_TKIS_SET) for TK_TKIS_SET
    tk_basekeydeal.o(i.TK_Init) refers to TKDriver.o(i.TK_FilterAvergeDeal) for TK_FilterAvergeDeal
    tk_basekeydeal.o(i.TK_Init) refers to TKDriver.o(i.TK_InitializeBaselines) for TK_InitializeBaselines
    tk_basekeydeal.o(i.TK_Init) refers to TKDriver.o(.data) for bNeedUpdate
    tk_basekeydeal.o(i.TK_Init) refers to TKDriver.o(.data) for CurrentIndex
    tk_basekeydeal.o(i.TK_Init) refers to TKDriver.o(.data) for TK_TouchKeyStatus
    tk_basekeydeal.o(i.TK_Init) refers to TKDriver.o(.data) for TK_ScanTime
    tk_basekeydeal.o(i.TK_Init) refers to TKDriver.o(.data) for ScanTime
    tk_basekeydeal.o(i.TK_Init) refers to TKDriver.o(.data) for TK_ShiftScanTime
    tk_basekeydeal.o(i.TK_MultipleDeal) refers to TKDriver.o(i.TK_InitializeBaselines) for TK_InitializeBaselines
    tk_basekeydeal.o(i.TK_MultipleDeal) refers to TKDriver.o(i.TK_InitializeSensorFlag) for TK_InitializeSensorFlag
    tk_basekeydeal.o(i.TK_MultipleDeal) refers to TKDriver.o(i.TK_FilterIIRInit) for TK_FilterIIRInit
    tk_basekeydeal.o(i.TK_MultipleDeal) refers to TKDriver.o(i.TK_FilterDataDeal) for TK_FilterDataDeal
    tk_basekeydeal.o(i.TK_MultipleDeal) refers to TKDriver.o(.data) for MultipleDealIndex
    tk_basekeydeal.o(i.TK_MultipleDeal) refers to TKDriver.o(.data) for MultipleDealTpye
    tk_basekeydeal.o(i.TK_MultipleDeal) refers to TKDriver.o(.bss) for SingleChannelsBaseLineUpdatePar
    tk_basekeydeal.o(i.TK_MultipleDeal) refers to TKDriver.o(.data) for SingleCurrentChannelMax
    tk_basekeydeal.o(i.TK_MultipleDeal) refers to tk_basekeydeal.o(.data) for .data
    tk_basekeydeal.o(i.TK_MultipleDeal) refers to TKDriver.o(.data) for bMultiple
    tk_basekeydeal.o(i.TK_Restart) refers to TKDriver.o(i.TK_TRIG) for TK_TRIG
    tk_basekeydeal.o(i.TK_SetNeedUpdateBaseline) refers to TKDriver.o(.data) for bNeedUpdate
    tk_basekeydeal.o(i.TK_SingleChannel_ICHAAdjust) refers to TKDriver.o(i.TK_GetCfgMsg) for TK_GetCfgMsg
    tk_basekeydeal.o(i.TK_SingleChannel_ICHAAdjust) refers to aeabi_sdiv.o(.text) for __aeabi_uidivmod
    tk_basekeydeal.o(i.TK_SingleChannel_ICHAAdjust) refers to TKDriver.o(i.TK_GetBaseLineAdjustValue) for TK_GetBaseLineAdjustValue
    tk_basekeydeal.o(i.TK_SingleChannel_ICHAAdjust) refers to TKDriver.o(i.TK_GetScanTimeValue) for TK_GetScanTimeValue
    tk_basekeydeal.o(i.TK_SingleChannel_ICHAAdjust) refers to TKDriver.o(.data) for TK_ScanTime
    tk_basekeydeal.o(i.TK_SingleChannel_ICHAAdjust) refers to TKDriver.o(.bss) for SingleChannelsBaseLineUpdatePar
    tk_basekeydeal.o(i.TK_SingleChannel_ICHAAdjust) refers to TKDriver.o(.data) for bNeedUpdate
    tk_basekeydeal.o(i.TouchKey_Service) refers to TKDriver.o(i.TK_CLR_TKIF) for TK_CLR_TKIF
    tk_basekeydeal.o(i.TouchKey_Service) refers to TKDriver.o(i.TK_CNTGet) for TK_CNTGet
    tk_basekeydeal.o(i.TouchKey_Service) refers to TKDriver.o(i.TK_GetScanTimeValue) for TK_GetScanTimeValue
    tk_basekeydeal.o(i.TouchKey_Service) refers to TKDriver.o(i.TK_TKTM_SET) for TK_TKTM_SET
    tk_basekeydeal.o(i.TouchKey_Service) refers to TKDriver.o(i.TK_GetCfgMsg) for TK_GetCfgMsg
    tk_basekeydeal.o(i.TouchKey_Service) refers to TKDriver.o(i.TK_VREF_SET) for TK_VREF_SET
    tk_basekeydeal.o(i.TouchKey_Service) refers to TKDriver.o(i.TK_CTIME_SET) for TK_CTIME_SET
    tk_basekeydeal.o(i.TouchKey_Service) refers to TKDriver.o(i.TK_ICHAC_SET) for TK_ICHAC_SET
    tk_basekeydeal.o(i.TouchKey_Service) refers to TKDriver.o(i.TK_ICHA_SET) for TK_ICHA_SET
    tk_basekeydeal.o(i.TouchKey_Service) refers to TKDriver.o(i.TK_ICHGC_SET) for TK_ICHGC_SET
    tk_basekeydeal.o(i.TouchKey_Service) refers to TKDriver.o(i.TK_ICHG_SET) for TK_ICHG_SET
    tk_basekeydeal.o(i.TouchKey_Service) refers to TKDriver.o(i.TK_TKIS_SET) for TK_TKIS_SET
    tk_basekeydeal.o(i.TouchKey_Service) refers to TKDriver.o(i.TK_TRIG) for TK_TRIG
    tk_basekeydeal.o(i.TouchKey_Service) refers to TKDriver.o(.data) for CurrentIndex
    tk_basekeydeal.o(i.TouchKey_Service) refers to TKDriver.o(.bss) for SingleChannelsBaseLineUpdatePar
    tk_basekeydeal.o(i.TouchKey_Service) refers to TKDriver.o(.data) for TK_TouchKeyStatus
    tk_basekeydeal.o(i.TouchKey_Service) refers to TKDriver.o(.data) for SingleCurrentChannelMax
    tk_basekeydeal.o(i.TouchKey_Service) refers to TKDriver.o(.data) for ScanTime
    __2sprintf.o(.text) refers to _printf_char_common.o(.text) for _printf_char_common
    __2sprintf.o(.text) refers to _sputc.o(.text) for _sputc
    noretval__2sprintf.o(.text) refers to _printf_char_common.o(.text) for _printf_char_common
    noretval__2sprintf.o(.text) refers to _sputc.o(.text) for _sputc
    __printf.o(.text) refers to _printf_percent.o(.ARM.Collect$$_printf_percent$$00000000) for _printf_percent
    _printf_dec.o(.text) refers to rtudiv10.o(.text) for __rt_udiv10
    _printf_dec.o(.text) refers to _printf_intcommon.o(.text) for _printf_int_common
    _printf_hex_ll.o(.text) refers to _printf_intcommon.o(.text) for _printf_int_common
    _printf_hex_ll.o(.text) refers to _printf_hex_ll.o(.constdata) for .constdata
    _printf_hex_int.o(.text) refers to _printf_intcommon.o(.text) for _printf_int_common
    _printf_hex_int.o(.text) refers to _printf_hex_int.o(.constdata) for .constdata
    _printf_hex_int_ll.o(.text) refers to _printf_intcommon.o(.text) for _printf_int_common
    _printf_hex_int_ll.o(.text) refers to _printf_hex_int_ll.o(.constdata) for .constdata
    _printf_hex_ptr.o(.text) refers to _printf_intcommon.o(.text) for _printf_int_common
    _printf_hex_ptr.o(.text) refers to _printf_hex_ptr.o(.constdata) for .constdata
    _printf_hex_int_ptr.o(.text) refers to _printf_intcommon.o(.text) for _printf_int_common
    _printf_hex_int_ptr.o(.text) refers to _printf_hex_int_ptr.o(.constdata) for .constdata
    _printf_hex_ll_ptr.o(.text) refers to _printf_intcommon.o(.text) for _printf_int_common
    _printf_hex_ll_ptr.o(.text) refers to _printf_hex_ll_ptr.o(.constdata) for .constdata
    _printf_hex_int_ll_ptr.o(.text) refers to _printf_intcommon.o(.text) for _printf_int_common
    _printf_hex_int_ll_ptr.o(.text) refers to _printf_hex_int_ll_ptr.o(.constdata) for .constdata
    __printf_flags.o(.text) refers to _printf_percent.o(.ARM.Collect$$_printf_percent$$00000000) for _printf_percent
    __printf_flags.o(.text) refers to __printf_flags.o(.constdata) for .constdata
    __printf_ss.o(.text) refers to _printf_percent.o(.ARM.Collect$$_printf_percent$$00000000) for _printf_percent
    __printf_flags_ss.o(.text) refers to _printf_percent.o(.ARM.Collect$$_printf_percent$$00000000) for _printf_percent
    __printf_flags_ss.o(.text) refers to __printf_flags_ss.o(.constdata) for .constdata
    __printf_wp.o(.text) refers to __printf_wp.o(i._is_digit) for _is_digit
    __printf_wp.o(.text) refers to _printf_percent.o(.ARM.Collect$$_printf_percent$$00000000) for _printf_percent
    __printf_flags_wp.o(.text) refers to __printf_wp.o(i._is_digit) for _is_digit
    __printf_flags_wp.o(.text) refers to _printf_percent.o(.ARM.Collect$$_printf_percent$$00000000) for _printf_percent
    __printf_flags_wp.o(.text) refers to __printf_flags_wp.o(.constdata) for .constdata
    __printf_ss_wp.o(.text) refers to __printf_wp.o(i._is_digit) for _is_digit
    __printf_ss_wp.o(.text) refers to _printf_percent.o(.ARM.Collect$$_printf_percent$$00000000) for _printf_percent
    __printf_flags_ss_wp.o(.text) refers to __printf_wp.o(i._is_digit) for _is_digit
    __printf_flags_ss_wp.o(.text) refers to _printf_percent.o(.ARM.Collect$$_printf_percent$$00000000) for _printf_percent
    __printf_flags_ss_wp.o(.text) refers to __printf_flags_ss_wp.o(.constdata) for .constdata
    _printf_x.o(.ARM.Collect$$_printf_percent$$0000000C) refers (Weak) to _printf_hex_int.o(.text) for _printf_int_hex
    _printf_d.o(.ARM.Collect$$_printf_percent$$00000009) refers (Weak) to _printf_dec.o(.text) for _printf_int_dec
    _printf_f.o(.ARM.Collect$$_printf_percent$$00000003) refers (Weak) to printf1.o(x$fpl$printf1) for _printf_fp_dec
    _printf_percent.o(.ARM.Collect$$_printf_percent$$00000000) refers (Special) to _printf_percent_end.o(.ARM.Collect$$_printf_percent$$00000017) for _printf_percent_end
    rt_memcpy.o(.text) refers to rt_memcpy.o(.emb_text) for __aeabi_memcpy4
    __main.o(!!!main) refers to __rtentry.o(.ARM.Collect$$rtentry$$00000000) for __rt_entry
    d2f.o(.text) refers (Special) to usenofp.o(x$fpl$usenofp) for __I$use$fp
    daddsub.o(.text) refers (Special) to usenofp.o(x$fpl$usenofp) for __I$use$fp
    ddiv.o(.text) refers (Special) to usenofp.o(x$fpl$usenofp) for __I$use$fp
    ddiv.o(.text) refers to ddiv.o(.constdata) for .constdata
    ddiv.o(.constdata) refers (Special) to usenofp.o(x$fpl$usenofp) for __I$use$fp
    dfixui.o(.text) refers (Special) to usenofp.o(x$fpl$usenofp) for __I$use$fp
    dflti.o(.text) refers (Special) to usenofp.o(x$fpl$usenofp) for __I$use$fp
    dmul.o(.text) refers (Special) to usenofp.o(x$fpl$usenofp) for __I$use$fp
    dscalbn.o(.text) refers (Special) to usenofp.o(x$fpl$usenofp) for __I$use$fp
    f2d.o(.text) refers (Special) to usenofp.o(x$fpl$usenofp) for __I$use$fp
    faddsub.o(x$fpl$fadd) refers (Special) to usenofp.o(x$fpl$usenofp) for __I$use$fp
    faddsub.o(x$fpl$fadd) refers to faddsub.o(x$fpl$fsub) for _fsub1
    faddsub.o(x$fpl$frsb) refers (Special) to usenofp.o(x$fpl$usenofp) for __I$use$fp
    faddsub.o(x$fpl$frsb) refers to faddsub.o(x$fpl$fsub) for _fsub1
    faddsub.o(x$fpl$frsb) refers to faddsub.o(x$fpl$fadd) for _fadd1
    faddsub.o(x$fpl$fsub) refers (Special) to usenofp.o(x$fpl$usenofp) for __I$use$fp
    faddsub.o(x$fpl$fsub) refers to faddsub.o(x$fpl$fadd) for _fadd1
    fdiv.o(.text) refers (Special) to usenofp.o(x$fpl$usenofp) for __I$use$fp
    fdiv.o(.text) refers to fdiv.o(.constdata) for .constdata
    fdiv.o(.constdata) refers (Special) to usenofp.o(x$fpl$usenofp) for __I$use$fp
    ffixi.o(.text) refers (Special) to usenofp.o(x$fpl$usenofp) for __I$use$fp
    ffixui.o(.text) refers (Special) to usenofp.o(x$fpl$usenofp) for __I$use$fp
    fflti.o(.text) refers (Special) to usenofp.o(x$fpl$usenofp) for __I$use$fp
    flef.o(x$fpl$fleqf) refers (Special) to usenofp.o(x$fpl$usenofp) for __I$use$fp
    flef.o(x$fpl$fleqf) refers to fcmpin.o(.text) for __fpl_fcmp_InfNaN
    fmul.o(x$fpl$fmul) refers (Special) to usenofp.o(x$fpl$usenofp) for __I$use$fp
    printf1.o(x$fpl$printf1) refers to _printf_fp_dec.o(.text) for _printf_fp_dec_real
    __rtentry.o(.ARM.Collect$$rtentry$$00000000) refers (Special) to __rtentry2.o(.ARM.Collect$$rtentry$$0000000A) for __rt_entry_li
    __rtentry.o(.ARM.Collect$$rtentry$$00000000) refers (Special) to __rtentry2.o(.ARM.Collect$$rtentry$$0000000D) for __rt_entry_main
    __rtentry.o(.ARM.Collect$$rtentry$$00000000) refers (Special) to __rtentry2.o(.ARM.Collect$$rtentry$$0000000C) for __rt_entry_postli_1
    __rtentry.o(.ARM.Collect$$rtentry$$00000000) refers (Special) to __rtentry2.o(.ARM.Collect$$rtentry$$00000009) for __rt_entry_postsh_1
    __rtentry.o(.ARM.Collect$$rtentry$$00000000) refers (Special) to __rtentry2.o(.ARM.Collect$$rtentry$$00000002) for __rt_entry_presh_1
    __rtentry.o(.ARM.Collect$$rtentry$$00000000) refers (Special) to __rtentry4.o(.ARM.Collect$$rtentry$$00000004) for __rt_entry_sh
    aeabi_idiv0_sigfpe.o(.text) refers to rt_div0.o(.text) for __rt_div0
    _printf_intcommon.o(.text) refers (Weak) to _printf_pad.o(.text) for _printf_pre_padding
    _printf_intcommon.o(.text) refers (Weak) to _printf_pad.o(.text) for _printf_pre_padding
    _printf_intcommon.o(.text) refers (Weak) to _printf_pad.o(.text) for _printf_post_padding
    _printf_fp_dec.o(.text) refers (Special) to usenofp.o(x$fpl$usenofp) for __I$use$fp
    _printf_fp_dec.o(.text) refers (Special) to lc_numeric_c.o(locale$$code) for _get_lc_numeric
    _printf_fp_dec.o(.text) refers to bigflt0.o(.text) for _btod_etento
    _printf_fp_dec.o(.text) refers to btod.o(.text) for _btod_d2e
    _printf_fp_dec.o(.text) refers to lludiv10.o(.text) for _ll_udiv10
    _printf_fp_dec.o(.text) refers to fpclassify.o(i.__ARM_fpclassify) for __ARM_fpclassify
    _printf_fp_dec.o(.text) refers to _printf_fp_infnan.o(.text) for _printf_fp_infnan
    _printf_fp_dec.o(.text) refers to rtudiv10.o(.text) for __rt_udiv10
    _printf_fp_dec.o(.text) refers (Weak) to _printf_pad.o(.text) for _printf_pre_padding
    _printf_fp_dec.o(.text) refers (Weak) to _printf_pad.o(.text) for _printf_pre_padding
    _printf_fp_dec.o(.text) refers to rt_locale_intlibspace.o(.text) for __rt_locale
    _printf_fp_dec.o(.text) refers (Weak) to _printf_pad.o(.text) for _printf_post_padding
    _printf_char_common.o(.text) refers to __printf_flags_wp.o(.text) for __printf
    fcmpin.o(.text) refers (Special) to usenofp.o(x$fpl$usenofp) for __I$use$fp
    fcmpin.o(.text) refers to cmpret.o(.text) for __fpl_cmpreturn
    fcmpin.o(.text) refers to fnan2.o(.text) for __fpl_fcheck_NaN2
    __rtentry2.o(.ARM.Collect$$rtentry$$00000008) refers to boardinit2.o(.text) for _platform_post_stackheap_init
    __rtentry2.o(.ARM.Collect$$rtentry$$0000000A) refers to libinit.o(.ARM.Collect$$libinit$$00000000) for __rt_lib_init
    __rtentry2.o(.ARM.Collect$$rtentry$$0000000B) refers to boardinit3.o(.text) for _platform_post_lib_init
    __rtentry2.o(.ARM.Collect$$rtentry$$0000000D) refers to main.o(i.main) for main
    __rtentry2.o(.ARM.Collect$$rtentry$$0000000D) refers to exit.o(.text) for exit
    __rtentry2.o(.ARM.exidx) refers to __rtentry2.o(.ARM.Collect$$rtentry$$00000001) for .ARM.Collect$$rtentry$$00000001
    __rtentry2.o(.ARM.exidx) refers to __rtentry2.o(.ARM.Collect$$rtentry$$00000008) for .ARM.Collect$$rtentry$$00000008
    __rtentry2.o(.ARM.exidx) refers to __rtentry2.o(.ARM.Collect$$rtentry$$0000000A) for .ARM.Collect$$rtentry$$0000000A
    __rtentry2.o(.ARM.exidx) refers to __rtentry2.o(.ARM.Collect$$rtentry$$0000000B) for .ARM.Collect$$rtentry$$0000000B
    __rtentry2.o(.ARM.exidx) refers to __rtentry2.o(.ARM.Collect$$rtentry$$0000000D) for .ARM.Collect$$rtentry$$0000000D
    __rtentry4.o(.ARM.Collect$$rtentry$$00000004) refers to sys_stackheap_outer.o(.text) for __user_setup_stackheap
    __rtentry4.o(.ARM.exidx) refers to __rtentry4.o(.ARM.Collect$$rtentry$$00000004) for .ARM.Collect$$rtentry$$00000004
    rt_div0.o(.text) refers to defsig_fpe_outer.o(.text) for __rt_SIGFPE
    rt_locale.o(.text) refers to rt_locale.o(.bss) for __rt_locale_data
    rt_locale_intlibspace.o(.text) refers to libspace.o(.bss) for __libspace_start
    _printf_fp_infnan.o(.text) refers (Weak) to _printf_pad.o(.text) for _printf_pre_padding
    _printf_fp_infnan.o(.text) refers (Weak) to _printf_pad.o(.text) for _printf_post_padding
    bigflt0.o(.text) refers (Special) to usenofp.o(x$fpl$usenofp) for __I$use$fp
    bigflt0.o(.text) refers to aeabi_sdiv.o(.text) for __aeabi_idivmod
    bigflt0.o(.text) refers to btod.o(.text) for _btod_emul
    bigflt0.o(.text) refers to bigflt0.o(.constdata) for .constdata
    bigflt0.o(.constdata) refers (Special) to usenofp.o(x$fpl$usenofp) for __I$use$fp
    btod.o(.text) refers to btod.o(i.__ARM_common_ll_muluu) for __ARM_common_ll_muluu
    lc_numeric_c.o(locale$$data) refers (Special) to libinit2.o(.ARM.Collect$$libinit$$00000016) for __rt_lib_init_lc_numeric_2
    lc_numeric_c.o(locale$$code) refers (Special) to libinit2.o(.ARM.Collect$$libinit$$00000016) for __rt_lib_init_lc_numeric_2
    lc_numeric_c.o(locale$$code) refers to strcmp.o(.text) for strcmp
    lc_numeric_c.o(locale$$code) refers to lc_numeric_c.o(locale$$data) for __lcnum_c_name
    cmpret.o(.text) refers (Special) to usenofp.o(x$fpl$usenofp) for __I$use$fp
    fnan2.o(.text) refers (Special) to usenofp.o(x$fpl$usenofp) for __I$use$fp
    fnan2.o(.text) refers to retnan.o(.text) for __fpl_return_NaN
    ieee_status.o(.text) refers (Special) to usenofp.o(x$fpl$usenofp) for __I$use$fp
    fpclassify.o(i.__ARM_fpclassify) refers (Special) to usenofp.o(x$fpl$usenofp) for __I$use$fp
    libspace.o(.text) refers to libspace.o(.bss) for __libspace_start
    sys_stackheap_outer.o(.text) refers to libspace.o(.text) for __user_perproc_libspace
    sys_stackheap_outer.o(.text) refers to startup_sc32r803.o(.text) for __user_initial_stackheap
    sys_stackheap_outer.o(__vectab_stack_and_reset_area) refers to tempstk.o(.text) for __temporary_stack_top
    sys_stackheap_outer.o(__vectab_stack_and_reset_area) refers to __main.o(!!!main) for __main
    exit.o(.text) refers to rtexit.o(.ARM.Collect$$rtexit$$00000000) for __rt_exit
    defsig_fpe_outer.o(.text) refers to defsig_fpe_inner.o(.text) for __rt_SIGFPE_inner
    defsig_fpe_outer.o(.text) refers to defsig_exit.o(.text) for __sig_exit
    defsig_fpe_formal.o(.text) refers to rt_raise.o(.text) for __rt_raise
    libinit.o(.ARM.Collect$$libinit$$00000000) refers (Special) to libinit2.o(.ARM.Collect$$libinit$$0000002E) for __rt_lib_init_alloca_1
    libinit.o(.ARM.Collect$$libinit$$00000000) refers (Special) to libinit2.o(.ARM.Collect$$libinit$$0000002C) for __rt_lib_init_argv_1
    libinit.o(.ARM.Collect$$libinit$$00000000) refers (Special) to libinit2.o(.ARM.Collect$$libinit$$0000001B) for __rt_lib_init_atexit_1
    libinit.o(.ARM.Collect$$libinit$$00000000) refers (Special) to libinit2.o(.ARM.Collect$$libinit$$00000021) for __rt_lib_init_clock_1
    libinit.o(.ARM.Collect$$libinit$$00000000) refers (Special) to libinit2.o(.ARM.Collect$$libinit$$00000032) for __rt_lib_init_cpp_1
    libinit.o(.ARM.Collect$$libinit$$00000000) refers (Special) to libinit2.o(.ARM.Collect$$libinit$$00000030) for __rt_lib_init_exceptions_1
    libinit.o(.ARM.Collect$$libinit$$00000000) refers (Special) to libinit2.o(.ARM.Collect$$libinit$$00000002) for __rt_lib_init_fp_1
    libinit.o(.ARM.Collect$$libinit$$00000000) refers (Special) to libinit2.o(.ARM.Collect$$libinit$$0000001F) for __rt_lib_init_fp_trap_1
    libinit.o(.ARM.Collect$$libinit$$00000000) refers (Special) to libinit2.o(.ARM.Collect$$libinit$$00000023) for __rt_lib_init_getenv_1
    libinit.o(.ARM.Collect$$libinit$$00000000) refers (Special) to libinit2.o(.ARM.Collect$$libinit$$0000000A) for __rt_lib_init_heap_1
    libinit.o(.ARM.Collect$$libinit$$00000000) refers (Special) to libinit2.o(.ARM.Collect$$libinit$$00000011) for __rt_lib_init_lc_collate_1
    libinit.o(.ARM.Collect$$libinit$$00000000) refers (Special) to libinit2.o(.ARM.Collect$$libinit$$00000013) for __rt_lib_init_lc_ctype_1
    libinit.o(.ARM.Collect$$libinit$$00000000) refers (Special) to libinit2.o(.ARM.Collect$$libinit$$00000015) for __rt_lib_init_lc_monetary_1
    libinit.o(.ARM.Collect$$libinit$$00000000) refers (Special) to libinit2.o(.ARM.Collect$$libinit$$00000017) for __rt_lib_init_lc_numeric_1
    libinit.o(.ARM.Collect$$libinit$$00000000) refers (Special) to libinit2.o(.ARM.Collect$$libinit$$00000019) for __rt_lib_init_lc_time_1
    libinit.o(.ARM.Collect$$libinit$$00000000) refers (Special) to libinit2.o(.ARM.Collect$$libinit$$00000004) for __rt_lib_init_preinit_1
    libinit.o(.ARM.Collect$$libinit$$00000000) refers (Special) to libinit2.o(.ARM.Collect$$libinit$$0000000E) for __rt_lib_init_rand_1
    libinit.o(.ARM.Collect$$libinit$$00000000) refers (Special) to libinit2.o(.ARM.Collect$$libinit$$00000033) for __rt_lib_init_return
    libinit.o(.ARM.Collect$$libinit$$00000000) refers (Special) to libinit2.o(.ARM.Collect$$libinit$$0000001D) for __rt_lib_init_signal_1
    libinit.o(.ARM.Collect$$libinit$$00000000) refers (Special) to libinit2.o(.ARM.Collect$$libinit$$00000025) for __rt_lib_init_stdio_1
    libinit.o(.ARM.Collect$$libinit$$00000000) refers (Special) to libinit2.o(.ARM.Collect$$libinit$$0000000C) for __rt_lib_init_user_alloc_1
    libinit2.o(.ARM.Collect$$libinit$$0000000F) refers (Weak) to rt_locale_intlibspace.o(.text) for __rt_locale
    libinit2.o(.ARM.Collect$$libinit$$00000010) refers to libinit2.o(.ARM.Collect$$libinit$$0000000F) for .ARM.Collect$$libinit$$0000000F
    libinit2.o(.ARM.Collect$$libinit$$00000012) refers to libinit2.o(.ARM.Collect$$libinit$$0000000F) for .ARM.Collect$$libinit$$0000000F
    libinit2.o(.ARM.Collect$$libinit$$00000014) refers to libinit2.o(.ARM.Collect$$libinit$$0000000F) for .ARM.Collect$$libinit$$0000000F
    libinit2.o(.ARM.Collect$$libinit$$00000016) refers to libinit2.o(.ARM.Collect$$libinit$$0000000F) for .ARM.Collect$$libinit$$0000000F
    libinit2.o(.ARM.Collect$$libinit$$00000016) refers (Weak) to lc_numeric_c.o(locale$$code) for _get_lc_numeric
    libinit2.o(.ARM.Collect$$libinit$$00000018) refers to libinit2.o(.ARM.Collect$$libinit$$0000000F) for .ARM.Collect$$libinit$$0000000F
    libinit2.o(.ARM.Collect$$libinit$$00000026) refers to argv_veneer.o(.text) for __ARM_argv_veneer
    libinit2.o(.ARM.Collect$$libinit$$00000027) refers to argv_veneer.o(.text) for __ARM_argv_veneer
    retnan.o(.text) refers (Special) to usenofp.o(x$fpl$usenofp) for __I$use$fp
    retnan.o(.text) refers to cmpret.o(.text) for __fpl_cmpreturn
    rtexit.o(.ARM.Collect$$rtexit$$00000000) refers (Special) to rtexit2.o(.ARM.Collect$$rtexit$$00000004) for __rt_exit_exit
    rtexit.o(.ARM.Collect$$rtexit$$00000000) refers (Special) to rtexit2.o(.ARM.Collect$$rtexit$$00000003) for __rt_exit_ls
    rtexit.o(.ARM.Collect$$rtexit$$00000000) refers (Special) to rtexit2.o(.ARM.Collect$$rtexit$$00000002) for __rt_exit_prels_1
    rtexit.o(.ARM.exidx) refers (Special) to rtexit2.o(.ARM.Collect$$rtexit$$00000004) for __rt_exit_exit
    rtexit.o(.ARM.exidx) refers (Special) to rtexit2.o(.ARM.Collect$$rtexit$$00000003) for __rt_exit_ls
    rtexit.o(.ARM.exidx) refers (Special) to rtexit2.o(.ARM.Collect$$rtexit$$00000002) for __rt_exit_prels_1
    rtexit.o(.ARM.exidx) refers to rtexit.o(.ARM.Collect$$rtexit$$00000000) for .ARM.Collect$$rtexit$$00000000
    rt_raise.o(.text) refers to __raise.o(.text) for __raise
    rt_raise.o(.text) refers to sys_exit.o(.text) for _sys_exit
    defsig_exit.o(.text) refers to sys_exit.o(.text) for _sys_exit
    defsig_fpe_inner.o(.text) refers to defsig_general.o(.text) for __default_signal_display
    sys_exit.o(.text) refers (Special) to use_no_semi.o(.text) for __I$use$semihosting
    sys_exit.o(.text) refers (Special) to indicate_semi.o(.text) for __semihosting_library_function
    rtexit2.o(.ARM.Collect$$rtexit$$00000003) refers to libshutdown.o(.ARM.Collect$$libshutdown$$00000000) for __rt_lib_shutdown
    rtexit2.o(.ARM.Collect$$rtexit$$00000004) refers to sys_exit.o(.text) for _sys_exit
    rtexit2.o(.ARM.exidx) refers to rtexit2.o(.ARM.Collect$$rtexit$$00000001) for .ARM.Collect$$rtexit$$00000001
    rtexit2.o(.ARM.exidx) refers to rtexit2.o(.ARM.Collect$$rtexit$$00000003) for .ARM.Collect$$rtexit$$00000003
    rtexit2.o(.ARM.exidx) refers to rtexit2.o(.ARM.Collect$$rtexit$$00000004) for .ARM.Collect$$rtexit$$00000004
    __raise.o(.text) refers to defsig.o(CL$$defsig) for __default_signal_handler
    defsig_general.o(.text) refers to sys_wrch.o(.text) for _ttywrch
    _get_argv_nomalloc.o(.text) refers (Special) to hrguard.o(.text) for __heap_region$guard
    _get_argv_nomalloc.o(.text) refers to defsig_rtmem_outer.o(.text) for __rt_SIGRTMEM
    _get_argv_nomalloc.o(.text) refers to sys_command.o(.text) for _sys_command_string
    sys_wrch.o(.text) refers (Special) to use_no_semi.o(.text) for __I$use$semihosting
    sys_wrch.o(.text) refers (Special) to indicate_semi.o(.text) for __semihosting_library_function
    sys_command.o(.text) refers (Special) to use_no_semi.o(.text) for __I$use$semihosting
    sys_command.o(.text) refers (Special) to indicate_semi.o(.text) for __semihosting_library_function
    defsig_rtmem_outer.o(.text) refers to defsig_rtmem_inner.o(.text) for __rt_SIGRTMEM_inner
    defsig_rtmem_outer.o(.text) refers to defsig_exit.o(.text) for __sig_exit
    defsig_rtmem_formal.o(.text) refers to rt_raise.o(.text) for __rt_raise
    defsig.o(CL$$defsig) refers to defsig_fpe_inner.o(.text) for __rt_SIGFPE_inner
    defsig.o(CL$$defsig) refers to defsig_rtmem_inner.o(.text) for __rt_SIGRTMEM_inner
    libshutdown.o(.ARM.Collect$$libshutdown$$00000000) refers (Special) to libshutdown2.o(.ARM.Collect$$libshutdown$$00000004) for __rt_lib_shutdown_cpp_1
    libshutdown.o(.ARM.Collect$$libshutdown$$00000000) refers (Special) to libshutdown2.o(.ARM.Collect$$libshutdown$$00000002) for __rt_lib_shutdown_fini_1
    libshutdown.o(.ARM.Collect$$libshutdown$$00000000) refers (Special) to libshutdown2.o(.ARM.Collect$$libshutdown$$00000009) for __rt_lib_shutdown_fp_trap_1
    libshutdown.o(.ARM.Collect$$libshutdown$$00000000) refers (Special) to libshutdown2.o(.ARM.Collect$$libshutdown$$00000011) for __rt_lib_shutdown_heap_1
    libshutdown.o(.ARM.Collect$$libshutdown$$00000000) refers (Special) to libshutdown2.o(.ARM.Collect$$libshutdown$$00000012) for __rt_lib_shutdown_return
    libshutdown.o(.ARM.Collect$$libshutdown$$00000000) refers (Special) to libshutdown2.o(.ARM.Collect$$libshutdown$$0000000C) for __rt_lib_shutdown_signal_1
    libshutdown.o(.ARM.Collect$$libshutdown$$00000000) refers (Special) to libshutdown2.o(.ARM.Collect$$libshutdown$$00000006) for __rt_lib_shutdown_stdio_1
    libshutdown.o(.ARM.Collect$$libshutdown$$00000000) refers (Special) to libshutdown2.o(.ARM.Collect$$libshutdown$$0000000E) for __rt_lib_shutdown_user_alloc_1
    defsig_abrt_inner.o(.text) refers to defsig_general.o(.text) for __default_signal_display
    defsig_rtred_inner.o(.text) refers to defsig_general.o(.text) for __default_signal_display
    defsig_rtmem_inner.o(.text) refers to defsig_general.o(.text) for __default_signal_display
    defsig_stak_inner.o(.text) refers to defsig_general.o(.text) for __default_signal_display
    defsig_pvfn_inner.o(.text) refers to defsig_general.o(.text) for __default_signal_display
    defsig_cppl_inner.o(.text) refers to defsig_general.o(.text) for __default_signal_display
    defsig_segv_inner.o(.text) refers to defsig_general.o(.text) for __default_signal_display
    defsig_other.o(.text) refers to defsig_general.o(.text) for __default_signal_display

