Component: ARM Compiler 5.06 update 7 (build 960) Tool: armlink [4d3601]

==============================================================================

Section Cross References

    CompCtrlDefine.o(i.IcResourceInit) refers to SC_Init.o(i.SC_Init) for SC_Init
    CompCtrlDefine.o(i.IcResourceInit) refers to tk_basekeydeal.o(i.TK_Init) for TK_Init
    SysFunVarDefine.o(i.ChangeTouchKeyvalue) refers to SysFunVarDefine.o(.data) for TK_exKeyValueFlag
    SysFunVarDefine.o(i.Sys_Scan) refers to _printf_percent.o(.ARM.Collect$$_printf_percent$$00000000) for _printf_percent
    SysFunVarDefine.o(i.Sys_Scan) refers to _printf_d.o(.ARM.Collect$$_printf_percent$$00000009) for _printf_d
    SysFunVarDefine.o(i.Sys_Scan) refers to _printf_dec.o(.text) for _printf_int_dec
    SysFunVarDefine.o(i.Sys_Scan) refers to tk_basekeydeal.o(i.TK_Restart) for TK_Restart
    SysFunVarDefine.o(i.Sys_Scan) refers to TKDriver.o(i.TK_TouchKeyScan) for TK_TouchKeyScan
    SysFunVarDefine.o(i.Sys_Scan) refers to noretval__2printf.o(.text) for __2printf
    SysFunVarDefine.o(i.Sys_Scan) refers to SysFunVarDefine.o(i.ChangeTouchKeyvalue) for ChangeTouchKeyvalue
    SysFunVarDefine.o(i.Sys_Scan) refers to SysFunVarDefine.o(i.UpdateDisplay) for UpdateDisplay
    SysFunVarDefine.o(i.Sys_Scan) refers to TKDriver.o(.data) for TK_TouchKeyStatus
    SysFunVarDefine.o(i.Sys_Scan) refers to SysFunVarDefine.o(.data) for TK_exKeyValueFlag
    SysFunVarDefine.o(i.UpdateDisplay) refers to SysFunVarDefine.o(i.__ARM_common_switch8) for __ARM_common_switch8
    SysFunVarDefine.o(i.UpdateDisplay) refers to SysFunVarDefine.o(.data) for exKeyValue
    SC_Init.o(i.SC_GPIO_Init) refers to sc32f1xxx_gpio.o(i.GPIO_Init) for GPIO_Init
    SC_Init.o(i.SC_Init) refers to SC_Init.o(i.SC_GPIO_Init) for SC_GPIO_Init
    SC_Init.o(i.SC_Init) refers to SC_Init.o(i.SC_OPTION_Init) for SC_OPTION_Init
    SC_Init.o(i.SC_Init) refers to SC_Init.o(i.SC_RCC_Init) for SC_RCC_Init
    SC_Init.o(i.SC_Init) refers to SC_Init.o(i.SC_SYSTICK_Init) for SC_SYSTICK_Init
    SC_Init.o(i.SC_Init) refers to SC_Init.o(i.SC_UART3_Init) for SC_UART3_Init
    SC_Init.o(i.SC_Init) refers to SC_Init.o(i.SC_SPI1_Init) for SC_SPI1_Init
    SC_Init.o(i.SC_RCC_Init) refers to sc32f1xxx_rcc.o(i.RCC_Unlock) for RCC_Unlock
    SC_Init.o(i.SC_RCC_Init) refers to sc32f1xxx_rcc.o(i.RCC_HXTCmd) for RCC_HXTCmd
    SC_Init.o(i.SC_RCC_Init) refers to sc32f1xxx_rcc.o(i.RCC_LXTCmd) for RCC_LXTCmd
    SC_Init.o(i.SC_RCC_Init) refers to sc32f1xxx_rcc.o(i.RCC_LIRCCmd) for RCC_LIRCCmd
    SC_Init.o(i.SC_RCC_Init) refers to sc32f1xxx_rcc.o(i.RCC_HIRCCmd) for RCC_HIRCCmd
    SC_Init.o(i.SC_RCC_Init) refers to sc32f1xxx_rcc.o(i.RCC_ITConfig) for RCC_ITConfig
    SC_Init.o(i.SC_RCC_Init) refers to sc32f1xxx_rcc.o(i.RCC_HIRCDIV1Cmd) for RCC_HIRCDIV1Cmd
    SC_Init.o(i.SC_RCC_Init) refers to sc32f1xxx_rcc.o(i.RCC_SYSCLKConfig) for RCC_SYSCLKConfig
    SC_Init.o(i.SC_RCC_Init) refers to sc32f1xxx_rcc.o(i.RCC_HCLKConfig) for RCC_HCLKConfig
    SC_Init.o(i.SC_RCC_Init) refers to sc32f1xxx_rcc.o(i.RCC_APB1Config) for RCC_APB1Config
    SC_Init.o(i.SC_RCC_Init) refers to sc32f1xxx_rcc.o(i.RCC_APB1Cmd) for RCC_APB1Cmd
    SC_Init.o(i.SC_RCC_Init) refers to sc32f1xxx_rcc.o(i.RCC_APB2Config) for RCC_APB2Config
    SC_Init.o(i.SC_RCC_Init) refers to sc32f1xxx_rcc.o(i.RCC_APB2Cmd) for RCC_APB2Cmd
    SC_Init.o(i.SC_SPI1_Init) refers to sc32f1xxx_gpio.o(i.GPIO_Init) for GPIO_Init
    SC_Init.o(i.SC_SPI1_Init) refers to sc32f1xxx_rcc.o(i.RCC_APB1PeriphClockCmd) for RCC_APB1PeriphClockCmd
    SC_Init.o(i.SC_SPI1_Init) refers to sc32f1xxx_spi.o(i.SPI_Init) for SPI_Init
    SC_Init.o(i.SC_SPI1_Init) refers to sc32f1xxx_spi.o(i.SPI_PinRemapConfig) for SPI_PinRemapConfig
    SC_Init.o(i.SC_SPI1_Init) refers to sc32f1xxx_spi.o(i.SPI_ITConfig) for SPI_ITConfig
    SC_Init.o(i.SC_SPI1_Init) refers to sc32f1xxx_spi.o(i.SPI_DMACmd) for SPI_DMACmd
    SC_Init.o(i.SC_SPI1_Init) refers to sc32f1xxx_spi.o(i.SPI_Cmd) for SPI_Cmd
    SC_Init.o(i.SC_SYSTICK_Init) refers to sc32f1xxx_rcc.o(i.RCC_Unlock) for RCC_Unlock
    SC_Init.o(i.SC_SYSTICK_Init) refers to sc32f1xxx_rcc.o(i.RCC_SystickCLKConfig) for RCC_SystickCLKConfig
    SC_Init.o(i.SC_SYSTICK_Init) refers to sc32f1xxx_rcc.o(i.RCC_SystickSetCounter) for RCC_SystickSetCounter
    SC_Init.o(i.SC_SYSTICK_Init) refers to SC_Init.o(i.__NVIC_SetPriority) for __NVIC_SetPriority
    SC_Init.o(i.SC_SYSTICK_Init) refers to sc32f1xxx_rcc.o(i.RCC_SystickCmd) for RCC_SystickCmd
    SC_Init.o(i.SC_UART3_Init) refers to sc32f1xxx_gpio.o(i.GPIO_Init) for GPIO_Init
    SC_Init.o(i.SC_UART3_Init) refers to sc32f1xxx_rcc.o(i.RCC_APB2PeriphClockCmd) for RCC_APB2PeriphClockCmd
    SC_Init.o(i.SC_UART3_Init) refers to sc32f1xxx_uart.o(i.UART_Init) for UART_Init
    SC_Init.o(i.SC_UART3_Init) refers to sc32f1xxx_uart.o(i.UART_ITConfig) for UART_ITConfig
    SC_Init.o(i.SC_UART3_Init) refers to sc32f1xxx_uart.o(i.UART_PinRemapConfig) for UART_PinRemapConfig
[...]
    !!handler_zi                             0x08000120   Section       28  __scatter_zi.o(!!handler_zi)
    .ARM.Collect$$_printf_percent$$00000000  0x0800013c   Section        2  _printf_percent.o(.ARM.Collect$$_printf_percent$$00000000)
    .ARM.Collect$$_printf_percent$$00000009  0x0800013e   Section       10  _printf_d.o(.ARM.Collect$$_printf_percent$$00000009)
    .ARM.Collect$$_printf_percent$$00000017  0x08000148   Section        4  _printf_percent_end.o(.ARM.Collect$$_printf_percent$$00000017)
    .ARM.Collect$$libinit$$00000000          0x0800014c   Section        2  libinit.o(.ARM.Collect$$libinit$$00000000)
    .ARM.Collect$$libinit$$00000002          0x0800014e   Section        0  libinit2.o(.ARM.Collect$$libinit$$00000002)
    .ARM.Collect$$libinit$$00000004          0x0800014e   Section        0  libinit2.o(.ARM.Collect$$libinit$$00000004)
    .ARM.Collect$$libinit$$0000000A          0x0800014e   Section        0  libinit2.o(.ARM.Collect$$libinit$$0000000A)
    .ARM.Collect$$libinit$$0000000C          0x0800014e   Section        0  libinit2.o(.ARM.Collect$$libinit$$0000000C)
    .ARM.Collect$$libinit$$0000000E          0x0800014e   Section        0  libinit2.o(.ARM.Collect$$libinit$$0000000E)
    .ARM.Collect$$libinit$$00000011          0x0800014e   Section        0  libinit2.o(.ARM.Collect$$libinit$$00000011)
    .ARM.Collect$$libinit$$00000013          0x0800014e   Section        0  libinit2.o(.ARM.Collect$$libinit$$00000013)
    .ARM.Collect$$libinit$$00000015          0x0800014e   Section        0  libinit2.o(.ARM.Collect$$libinit$$00000015)
    .ARM.Collect$$libinit$$00000017          0x0800014e   Section        0  libinit2.o(.ARM.Collect$$libinit$$00000017)
    .ARM.Collect$$libinit$$00000019          0x0800014e   Section        0  libinit2.o(.ARM.Collect$$libinit$$00000019)
    .ARM.Collect$$libinit$$0000001B          0x0800014e   Section        0  libinit2.o(.ARM.Collect$$libinit$$0000001B)
    .ARM.Collect$$libinit$$0000001D          0x0800014e   Section        0  libinit2.o(.ARM.Collect$$libinit$$0000001D)
    .ARM.Collect$$libinit$$0000001F          0x0800014e   Section        0  libinit2.o(.ARM.Collect$$libinit$$0000001F)
    .ARM.Collect$$libinit$$00000021          0x0800014e   Section        0  libinit2.o(.ARM.Collect$$libinit$$00000021)
    .ARM.Collect$$libinit$$00000023          0x0800014e   Section        0  libinit2.o(.ARM.Collect$$libinit$$00000023)
    .ARM.Collect$$libinit$$00000025          0x0800014e   Section        0  libinit2.o(.ARM.Collect$$libinit$$00000025)
    .ARM.Collect$$libinit$$0000002C          0x0800014e   Section        0  libinit2.o(.ARM.Collect$$libinit$$0000002C)
    .ARM.Collect$$libinit$$0000002E          0x0800014e   Section        0  libinit2.o(.ARM.Collect$$libinit$$0000002E)
    .ARM.Collect$$libinit$$00000030          0x0800014e   Section        0  libinit2.o(.ARM.Collect$$libinit$$00000030)
    .ARM.Collect$$libinit$$00000032          0x0800014e   Section        0  libinit2.o(.ARM.Collect$$libinit$$00000032)
    .ARM.Collect$$libinit$$00000033          0x0800014e   Section        2  libinit2.o(.ARM.Collect$$libinit$$00000033)
    .ARM.Collect$$libshutdown$$00000000      0x08000150   Section        2  libshutdown.o(.ARM.Collect$$libshutdown$$00000000)
    .ARM.Collect$$libshutdown$$00000002      0x08000152   Section        0  libshutdown2.o(.ARM.Collect$$libshutdown$$00000002)
    .ARM.Collect$$libshutdown$$00000004      0x08000152   Section        0  libshutdown2.o(.ARM.Collect$$libshutdown$$00000004)
    .ARM.Collect$$libshutdown$$00000006      0x08000152   Section        0  libshutdown2.o(.ARM.Collect$$libshutdown$$00000006)
    .ARM.Collect$$libshutdown$$00000009      0x08000152   Section        0  libshutdown2.o(.ARM.Collect$$libshutdown$$00000009)
    .ARM.Collect$$libshutdown$$0000000C      0x08000152   Section        0  libshutdown2.o(.ARM.Collect$$libshutdown$$0000000C)
    .ARM.Collect$$libshutdown$$0000000E      0x08000152   Section        0  libshutdown2.o(.ARM.Collect$$libshutdown$$0000000E)
    .ARM.Collect$$libshutdown$$00000011      0x08000152   Section        0  libshutdown2.o(.ARM.Collect$$libshutdown$$00000011)
    .ARM.Collect$$libshutdown$$00000012      0x08000152   Section        2  libshutdown2.o(.ARM.Collect$$libshutdown$$00000012)
    .ARM.Collect$$rtentry$$00000000          0x08000154   Section        0  __rtentry.o(.ARM.Collect$$rtentry$$00000000)
    .ARM.Collect$$rtentry$$00000002          0x08000154   Section        0  __rtentry2.o(.ARM.Collect$$rtentry$$00000002)
    .ARM.Collect$$rtentry$$00000004          0x08000154   Section        6  __rtentry4.o(.ARM.Collect$$rtentry$$00000004)
    .ARM.Collect$$rtentry$$00000009          0x0800015a   Section        0  __rtentry2.o(.ARM.Collect$$rtentry$$00000009)
    .ARM.Collect$$rtentry$$0000000A          0x0800015a   Section        4  __rtentry2.o(.ARM.Collect$$rtentry$$0000000A)
    .ARM.Collect$$rtentry$$0000000C          0x0800015e   Section        0  __rtentry2.o(.ARM.Collect$$rtentry$$0000000C)
    .ARM.Collect$$rtentry$$0000000D          0x0800015e   Section        8  __rtentry2.o(.ARM.Collect$$rtentry$$0000000D)
    .ARM.Collect$$rtexit$$00000000           0x08000166   Section        2  rtexit.o(.ARM.Collect$$rtexit$$00000000)
    .ARM.Collect$$rtexit$$00000002           0x08000168   Section        0  rtexit2.o(.ARM.Collect$$rtexit$$00000002)
    .ARM.Collect$$rtexit$$00000003           0x08000168   Section        4  rtexit2.o(.ARM.Collect$$rtexit$$00000003)
    .ARM.Collect$$rtexit$$00000004           0x0800016c   Section        6  rtexit2.o(.ARM.Collect$$rtexit$$00000004)
    .text                                    0x08000174   Section      240  startup_sc32r803.o(.text)
    .text                                    0x08000264   Section        2  use_no_semi_2.o(.text)
    .text                                    0x08000266   Section        0  llshl.o(.text)
    .text                                    0x08000288   Section        0  noretval__2printf.o(.text)
    .text                                    0x080002a4   Section        0  __printf.o(.text)
    .text                                    0x08000310   Section        0  _printf_dec.o(.text)
    .text                                    0x0800037c   Section      346  aeabi_sdiv.o(.text)
    .text                                    0x080004d6   Section        0  heapauxi.o(.text)
    .text                                    0x080004dc   Section        0  d2f.o(.text)
    .text                                    0x08000558   Section        0  daddsub.o(.text)
    _dadd1                                   0x08000559   Thumb Code   290  daddsub.o(.text)
    _dsub1                                   0x0800067b   Thumb Code   470  daddsub.o(.text)
    .text                                    0x080008b0   Section        0  ddiv.o(.text)
    .text                                    0x08000cf8   Section        0  dflti.o(.text)
    .text                                    0x08000d50   Section        0  dmul.o(.text)
    .text                                    0x08000f98   Section        0  dscalbn.o(.text)
    .text                                    0x08000ff8   Section        0  f2d.o(.text)
    .text                                    0x0800104c   Section        0  fdiv.o(.text)
    .text                                    0x080011ac   Section        0  ffixi.o(.text)
    .text                                    0x080011f8   Section        0  ffixui.o(.text)
    .text                                    0x08001228   Section        0  fflti.o(.text)
    .text                                    0x08001286   Section        2  use_no_semi.o(.text)
    .text                                    0x08001288   Section        0  _printf_intcommon.o(.text)
    .text                                    0x08001338   Section        0  _printf_char_file.o(.text)
    .text                                    0x08001360   Section        0  rtudiv10.o(.text)
    .text                                    0x08001388   Section        0  fcmpin.o(.text)
    .text                                    0x080013ec   Section        0  _printf_char_common.o(.text)
    _printf_input_char                       0x080013ed   Thumb Code    10  _printf_char_common.o(.text)
    .text                                    0x0800141c   Section        0  ferror.o(.text)
    .text                                    0x08001424   Section        0  cmpret.o(.text)
    .text                                    0x08001454   Section        0  fnan2.o(.text)
    .text                                    0x08001464   Section       62  sys_stackheap_outer.o(.text)
    .text                                    0x080014a2   Section        0  exit.o(.text)
    .text                                    0x080014b2   Section        0  retnan.o(.text)
    .text                                    0x08001510   Section        8  libspace.o(.text)
    i.ADC_IRQHandler                         0x08001518   Section        0  SC_it.o(i.ADC_IRQHandler)
    i.BaseLineUpdataSW                       0x0800151c   Section        0  tk_slider.o(i.BaseLineUpdataSW)
    i.CAN_IRQHandler                         0x0800162c   Section        0  SC_it.o(i.CAN_IRQHandler)
    i.CLR_TK_WDT                             0x08001630   Section        0  TKDriver.o(i.CLR_TK_WDT)
    i.CMP_IRQHandler                         0x08001644   Section        0  SC_it.o(i.CMP_IRQHandler)
    i.ChangeTouchKeyvalue                    0x08001648   Section        0  SysFunVarDefine.o(i.ChangeTouchKeyvalue)
    i.DMA0_IRQHandler                        0x080016ec   Section        0  SC_it.o(i.DMA0_IRQHandler)
    i.DMA1_IRQHandler                        0x080016ee   Section        0  SC_it.o(i.DMA1_IRQHandler)
    i.DMA2_IRQHandler                        0x080016f0   Section        0  SC_it.o(i.DMA2_IRQHandler)
    i.DMA3_IRQHandler                        0x080016f2   Section        0  SC_it.o(i.DMA3_IRQHandler)
    i.FilterDataDeal_T2                      0x080016f4   Section        0  tk_basekeydeal.o(i.FilterDataDeal_T2)
    i.GPIO_Init                              0x08001750   Section        0  sc32f1xxx_gpio.o(i.GPIO_Init)
    i.GPIO_SetBits                           0x080017c0   Section        0  sc32f1xxx_gpio.o(i.GPIO_SetBits)
    i.INT0_IRQHandler                        0x080017e2   Section        0  SC_it.o(i.INT0_IRQHandler)
    i.INT12_15_IRQHandler                    0x080017e4   Section        0  SC_it.o(i.INT12_15_IRQHandler)
    i.INT1_7_IRQHandler                      0x080017e6   Section        0  SC_it.o(i.INT1_7_IRQHandler)
    i.INT8_11_IRQHandler                     0x080017e8   Section        0  SC_it.o(i.INT8_11_IRQHandler)
    i.IcResourceInit                         0x080017ea   Section        0  CompCtrlDefine.o(i.IcResourceInit)
    i.KeyT2_Analysis                         0x080017f8   Section        0  tk_keyt2.o(i.KeyT2_Analysis)
    i.LCD_WR_DATA                            0x08001b94   Section        0  TFT_Lcd.o(i.LCD_WR_DATA)
    i.LCD_WR_REG                             0x08001bf0   Section        0  TFT_Lcd.o(i.LCD_WR_REG)
    i.LEDPWM_IRQHandler                      0x08001c1c   Section        0  SC_it.o(i.LEDPWM_IRQHandler)
    i.Lcd_Init                               0x08001c20   Section        0  TFT_Lcd.o(i.Lcd_Init)
    i.PWM0_IRQHandler                        0x08001e44   Section        0  SC_it.o(i.PWM0_IRQHandler)
    i.Printf_UartInit                        0x08001e48   Section        0  sc32f1xxx_uart.o(i.Printf_UartInit)
    i.RCC_APB1Cmd                            0x08001e54   Section        0  sc32f1xxx_rcc.o(i.RCC_APB1Cmd)
    i.RCC_APB1Config                         0x08001e7c   Section        0  sc32f1xxx_rcc.o(i.RCC_APB1Config)
    i.RCC_APB1PeriphClockCmd                 0x08001e98   Section        0  sc32f1xxx_rcc.o(i.RCC_APB1PeriphClockCmd)
    i.RCC_APB2Cmd                            0x08001eb8   Section        0  sc32f1xxx_rcc.o(i.RCC_APB2Cmd)
    i.RCC_APB2Config                         0x08001ee0   Section        0  sc32f1xxx_rcc.o(i.RCC_APB2Config)
    i.RCC_APB2PeriphClockCmd                 0x08001efc   Section        0  sc32f1xxx_rcc.o(i.RCC_APB2PeriphClockCmd)
    i.RCC_HCLKConfig                         0x08001f1c   Section        0  sc32f1xxx_rcc.o(i.RCC_HCLKConfig)
    i.RCC_HIRCCmd                            0x08001f38   Section        0  sc32f1xxx_rcc.o(i.RCC_HIRCCmd)
    i.RCC_HIRCDIV1Cmd                        0x08001f68   Section        0  sc32f1xxx_rcc.o(i.RCC_HIRCDIV1Cmd)
    i.RCC_HXTCmd                             0x08001f9c   Section        0  sc32f1xxx_rcc.o(i.RCC_HXTCmd)
    i.RCC_IRQHandler                         0x08001fcc   Section        0  SC_it.o(i.RCC_IRQHandler)
    i.RCC_ITConfig                           0x08001fd0   Section        0  sc32f1xxx_rcc.o(i.RCC_ITConfig)
    i.RCC_LIRCCmd                            0x08002004   Section        0  sc32f1xxx_rcc.o(i.RCC_LIRCCmd)
    i.RCC_LXTCmd                             0x08002034   Section        0  sc32f1xxx_rcc.o(i.RCC_LXTCmd)
    i.RCC_SYSCLKConfig                       0x08002064   Section        0  sc32f1xxx_rcc.o(i.RCC_SYSCLKConfig)
    i.RCC_SystickCLKConfig                   0x08002124   Section        0  sc32f1xxx_rcc.o(i.RCC_SystickCLKConfig)
    i.RCC_SystickCmd                         0x0800216c   Section        0  sc32f1xxx_rcc.o(i.RCC_SystickCmd)
    i.RCC_SystickSetCounter                  0x08002190   Section        0  sc32f1xxx_rcc.o(i.RCC_SystickSetCounter)
    i.RCC_Unlock                             0x080021ac   Section        0  sc32f1xxx_rcc.o(i.RCC_Unlock)
    i.SC_GPIO_Init                           0x080021c4   Section        0  SC_Init.o(i.SC_GPIO_Init)
    i.SC_Init                                0x080022e0   Section        0  SC_Init.o(i.SC_Init)
    i.SC_OPTION_Init                         0x080022fc   Section        0  SC_Init.o(i.SC_OPTION_Init)
    i.SC_RCC_Init                            0x080022fe   Section        0  SC_Init.o(i.SC_RCC_Init)
    i.SC_SPI1_Init                           0x08002354   Section        0  SC_Init.o(i.SC_SPI1_Init)
    i.SC_SYSTICK_Init                        0x080023e0   Section        0  SC_Init.o(i.SC_SYSTICK_Init)
    i.SC_UART3_Init                          0x08002408   Section        0  SC_Init.o(i.SC_UART3_Init)
    i.SET_TOUCH                              0x08002494   Section        0  tk_basekeydeal.o(i.SET_TOUCH)
    i.SPI_Cmd                                0x080024b4   Section        0  sc32f1xxx_spi.o(i.SPI_Cmd)
    i.SPI_DMACmd                             0x080024d0   Section        0  sc32f1xxx_spi.o(i.SPI_DMACmd)
    i.SPI_DataSizeConfig                     0x080024ea   Section        0  sc32f1xxx_spi.o(i.SPI_DataSizeConfig)
    i.SPI_ITConfig                           0x080024fc   Section        0  sc32f1xxx_spi.o(i.SPI_ITConfig)
    i.SPI_Init                               0x08002518   Section        0  sc32f1xxx_spi.o(i.SPI_Init)
    i.SPI_PinRemapConfig                     0x08002548   Section        0  sc32f1xxx_spi.o(i.SPI_PinRemapConfig)
    i.SPI_SendData                           0x08002578   Section        0  sc32f1xxx_spi.o(i.SPI_SendData)
    i.SysTick_IRQHandler                     0x0800257c   Section        0  SC_it.o(i.SysTick_IRQHandler)
    i.Sys_Scan                               0x08002580   Section        0  SysFunVarDefine.o(i.Sys_Scan)
    i.SystemInit                             0x08002610   Section        0  system_sc32f1xxx.o(i.SystemInit)
    i.TIMER0_IRQHandler                      0x08002620   Section        0  SC_it.o(i.TIMER0_IRQHandler)
    i.TIMER1_IRQHandler                      0x08002622   Section        0  SC_it.o(i.TIMER1_IRQHandler)
    i.TIMER2_IRQHandler                      0x08002624   Section        0  SC_it.o(i.TIMER2_IRQHandler)
    i.TIMER3_IRQHandler                      0x08002626   Section        0  SC_it.o(i.TIMER3_IRQHandler)
    i.TIMER4_5_IRQHandler                    0x08002628   Section        0  SC_it.o(i.TIMER4_5_IRQHandler)
    i.TIMER6_7_IRQHandler                    0x0800262a   Section        0  SC_it.o(i.TIMER6_7_IRQHandler)
    i.TKCLK_Init                             0x0800262c   Section        0  TKDriver.o(i.TKCLK_Init)
    i.TKSlideModuleCHIs                      0x08002650   Section        0  TKDriver.o(i.TKSlideModuleCHIs)
    i.TKSlideModuleSensorRenovate            0x080026bc   Section        0  tk_slider.o(i.TKSlideModuleSensorRenovate)
    i.TK_CLR_TKIF                            0x0800291c   Section        0  TKDriver.o(i.TK_CLR_TKIF)
    i.TK_CNTGet                              0x08002930   Section        0  TKDriver.o(i.TK_CNTGet)
    i.TK_CTIME_SET                           0x0800293c   Section        0  TKDriver.o(i.TK_CTIME_SET)
    i.TK_ENTKS_SET                           0x08002958   Section        0  TKDriver.o(i.TK_ENTKS_SET)
    i.TK_FilterAvergeDeal                    0x0800297c   Section        0  TKDriver.o(i.TK_FilterAvergeDeal)
    i.TK_FilterAvergeDeal_Normal             0x08002984   Section        0  tk_basekeydeal.o(i.TK_FilterAvergeDeal_Normal)
    i.TK_FilterCommCode                      0x08002a08   Section        0  TKDriver.o(i.TK_FilterCommCode)
    i.TK_FilterCommCodeT2                    0x08002a10   Section        0  tk_basekeydeal.o(i.TK_FilterCommCodeT2)
    i.TK_FilterDataDeal                      0x08002a74   Section        0  TKDriver.o(i.TK_FilterDataDeal)
    i.TK_FilterIIRInit                       0x08002a80   Section        0  TKDriver.o(i.TK_FilterIIRInit)
    i.TK_GetBaseLineAdjustValue              0x08002aac   Section        0  TKDriver.o(i.TK_GetBaseLineAdjustValue)
    i.TK_GetBaselineUpdateThreshold          0x08002abc   Section        0  TKDriver.o(i.TK_GetBaselineUpdateThreshold)
    i.TK_GetCfgMsg                           0x08002ac8   Section        0  TKDriver.o(i.TK_GetCfgMsg)
    i.TK_GetCurrFingerValue                  0x08002b34   Section        0  TKDriver.o(i.TK_GetCurrFingerValue)
    i.TK_GetInitAutoUpdateTime               0x08002b58   Section        0  TKDriver.o(i.TK_GetInitAutoUpdateTime)
    i.TK_GetIsNeedUpdateBaseline             0x08002b64   Section        0  tk_basekeydeal.o(i.TK_GetIsNeedUpdateBaseline)
    i.TK_GetScanTimeValue                    0x08002b70   Section        0  TKDriver.o(i.TK_GetScanTimeValue)
    i.TK_GetUpConfirmCnt                     0x08002b84   Section        0  TKDriver.o(i.TK_GetUpConfirmCnt)
    i.TK_ICHAC_SET                           0x08002b90   Section        0  TKDriver.o(i.TK_ICHAC_SET)
    i.TK_ICHA_SET                            0x08002ba8   Section        0  TKDriver.o(i.TK_ICHA_SET)
    i.TK_ICHGC_SET                           0x08002bc4   Section        0  TKDriver.o(i.TK_ICHGC_SET)
    i.TK_ICHG_SET                            0x08002be0   Section        0  TKDriver.o(i.TK_ICHG_SET)
    i.TK_IRQHandler                          0x08002bf8   Section        0  TKDriver.o(i.TK_IRQHandler)
    i.TK_Init                                0x08002c1c   Section        0  tk_basekeydeal.o(i.TK_Init)
    i.TK_InitializeBaselines                 0x08002d04   Section        0  TKDriver.o(i.TK_InitializeBaselines)
    i.TK_InitializeSensorFlag                0x08002d30   Section        0  TKDriver.o(i.TK_InitializeSensorFlag)
    i.TK_MOD_SET                             0x08002d94   Section        0  TKDriver.o(i.TK_MOD_SET)
    i.TK_MultipleDeal                        0x08002dbc   Section        0  tk_basekeydeal.o(i.TK_MultipleDeal)
    i.TK_PRSC_SET                            0x08002ef4   Section        0  TKDriver.o(i.TK_PRSC_SET)
    i.TK_PRS_SET                             0x08002f18   Section        0  TKDriver.o(i.TK_PRS_SET)
    i.TK_Restart                             0x08002f3c   Section        0  tk_basekeydeal.o(i.TK_Restart)
    i.TK_SensorKeyFlag                       0x08002f44   Section        0  TKDriver.o(i.TK_SensorKeyFlag)
    i.TK_SetNeedUpdateBaseline               0x08003004   Section        0  tk_basekeydeal.o(i.TK_SetNeedUpdateBaseline)
    i.TK_SetOneKeyPushResetTime              0x08003010   Section        0  TKDriver.o(i.TK_SetOneKeyPushResetTime)
    i.TK_SingleChannel_ICHAAdjust            0x0800301c   Section        0  tk_basekeydeal.o(i.TK_SingleChannel_ICHAAdjust)
    i.TK_SingleCurrentSensorChoose           0x080030b4   Section        0  TKDriver.o(i.TK_SingleCurrentSensorChoose)
    i.TK_TKINT_SET                           0x08003174   Section        0  TKDriver.o(i.TK_TKINT_SET)
    i.TK_TKIS_SET                            0x08003198   Section        0  TKDriver.o(i.TK_TKIS_SET)
    i.TK_TKTM_SET                            0x080031a8   Section        0  TKDriver.o(i.TK_TKTM_SET)
    i.TK_TRIG                                0x080031b4   Section        0  TKDriver.o(i.TK_TRIG)
    i.TK_TouchKeyCFGInit                     0x080031c8   Section        0  TKDriver.o(i.TK_TouchKeyCFGInit)
    i.TK_TouchKeyScan                        0x08003254   Section        0  TKDriver.o(i.TK_TouchKeyScan)
    i.TK_VREF_SET                            0x080033d0   Section        0  TKDriver.o(i.TK_VREF_SET)
    i.TWIx_QSPIx_0_2_IRQHandler              0x080033ec   Section        0  SC_it.o(i.TWIx_QSPIx_0_2_IRQHandler)
    i.TWIx_QSPIx_1_3_IRQHandler              0x080033ee   Section        0  SC_it.o(i.TWIx_QSPIx_1_3_IRQHandler)
    i.TouchKey_Service                       0x080033f0   Section        0  tk_basekeydeal.o(i.TouchKey_Service)
    i.UART0_2_4_IRQHandler                   0x080034d0   Section        0  SC_it.o(i.UART0_2_4_IRQHandler)
    i.UART1_3_5_IRQHandler                   0x080034d2   Section        0  SC_it.o(i.UART1_3_5_IRQHandler)
    i.UART_ClearFlag                         0x080034d4   Section        0  sc32f1xxx_uart.o(i.UART_ClearFlag)
    i.UART_GetFlagStatus                     0x080034d8   Section        0  sc32f1xxx_uart.o(i.UART_GetFlagStatus)
    i.UART_ITConfig                          0x080034ec   Section        0  sc32f1xxx_uart.o(i.UART_ITConfig)
    i.UART_Init                              0x08003508   Section        0  sc32f1xxx_uart.o(i.UART_Init)
    i.UART_PinRemapConfig                    0x08003554   Section        0  sc32f1xxx_uart.o(i.UART_PinRemapConfig)
    i.UART_RXCmd                             0x08003570   Section        0  sc32f1xxx_uart.o(i.UART_RXCmd)
    i.UART_SendData                          0x0800358c   Section        0  sc32f1xxx_uart.o(i.UART_SendData)
    i.UART_TXCmd                             0x08003594   Section        0  sc32f1xxx_uart.o(i.UART_TXCmd)
    i.UpdateDisplay                          0x080035b0   Section        0  SysFunVarDefine.o(i.UpdateDisplay)
    i.Usdelay                                0x08003610   Section        0  tk_basekeydeal.o(i.Usdelay)
    i.__ARM_common_switch8                   0x0800361e   Section        0  SysFunVarDefine.o(i.__ARM_common_switch8)
    i.__NVIC_SetPriority                     0x0800363c   Section        0  SC_Init.o(i.__NVIC_SetPriority)
    __NVIC_SetPriority                       0x0800363d   Thumb Code   110  SC_Init.o(i.__NVIC_SetPriority)
    i._sys_exit                              0x080036b4   Section        0  sc32f1xxx_uart.o(i._sys_exit)
    i.delay_ms                               0x080036b8   Section        0  TFT_Lcd.o(i.delay_ms)
    i.fputc                                  0x080036c4   Section        0  sc32f1xxx_uart.o(i.fputc)
    i.main                                   0x080036f8   Section        0  main.o(i.main)
    x$fpl$fadd                               0x08003708   Section      140  faddsub.o(x$fpl$fadd)
    _fadd1                                   0x08003715   Thumb Code     0  faddsub.o(x$fpl$fadd)
    x$fpl$fleqf                              0x08003794   Section       84  flef.o(x$fpl$fleqf)
    x$fpl$fmul                               0x080037e8   Section      176  fmul.o(x$fpl$fmul)
    x$fpl$fsub                               0x08003898   Section      208  faddsub.o(x$fpl$fsub)
    _fsub1                                   0x080038a5   Thumb Code     0  faddsub.o(x$fpl$fsub)
    .constdata                               0x08003968   Section      155  TKDriver.o(.constdata)
    x$fpl$usenofp                            0x08003968   Section        0  usenofp.o(x$fpl$usenofp)
    .constdata                               0x08003a03   Section      128  ddiv.o(.constdata)
    ddiv_reciptbl                            0x08003a03   Data         128  ddiv.o(.constdata)
    .constdata                               0x08003a83   Section       64  fdiv.o(.constdata)
    fdiv_tab                                 0x08003a83   Data          64  fdiv.o(.constdata)
    .data                                    0x20000000   Section       24  SysFunVarDefine.o(.data)
    .data                                    0x20000018   Section      136  TKDriver.o(.data)
    .data                                    0x200000a0   Section        8  sc32f1xxx_uart.o(.data)
    .data                                    0x200000a8   Section        1  tk_basekeydeal.o(.data)
    InitSensorCnt                            0x200000a8   Data           1  tk_basekeydeal.o(.data)
    .bss                                     0x200000ac   Section      112  TKDriver.o(.bss)
    .bss                                     0x2000011c   Section       96  libspace.o(.bss)
    HEAP                                     0x20000180   Section      512  startup_sc32r803.o(HEAP)
    Heap_Mem                                 0x20000180   Data         512  startup_sc32r803.o(HEAP)
    STACK                                    0x20000380   Section     1024  startup_sc32r803.o(STACK)
    Stack_Mem                                0x20000380   Data        1024  startup_sc32r803.o(STACK)
    __initial_sp                             0x20000780   Data           0  startup_sc32r803.o(STACK)

    Global Symbols

    Symbol Name                              Value     Ov Type        Size  Object(Section)

    BuildAttributes$$THM_ISAv3M$S$PE$A:L22$X:L11$S22$IEEE1$IW$USESV6$~STKCKD$USESV7$~SHL$OSPACE$ROPI$EBA8$UX$STANDARDLIB$REQ8$PRES8$EABIv2 0x00000000   Number         0  anon$$obj.o ABSOLUTE
    __ARM_use_no_argv                        0x00000000   Number         0  main.o ABSOLUTE
    __ARM_exceptions_init                     - Undefined Weak Reference
    __alloca_initialize                       - Undefined Weak Reference
    __arm_fini_                               - Undefined Weak Reference
    __arm_preinit_                            - Undefined Weak Reference
    __cpp_initialize__aeabi_                  - Undefined Weak Reference
    __cxa_finalize                            - Undefined Weak Reference
    __rt_locale                               - Undefined Weak Reference
    __sigvec_lookup                           - Undefined Weak Reference
    _atexit_init                              - Undefined Weak Reference
    _call_atexit_fns                          - Undefined Weak Reference
    _clock_init                               - Undefined Weak Reference
    _fp_trap_init                             - Undefined Weak Reference
    _fp_trap_shutdown                         - Undefined Weak Reference
    _get_lc_collate                           - Undefined Weak Reference
    _get_lc_ctype                             - Undefined Weak Reference
    _get_lc_monetary                          - Undefined Weak Reference
    _get_lc_numeric                           - Undefined Weak Reference
    _get_lc_time                              - Undefined Weak Reference
    _getenv_init                              - Undefined Weak Reference
    _handle_redirection                       - Undefined Weak Reference
    _init_alloc                               - Undefined Weak Reference
    _init_user_alloc                          - Undefined Weak Reference
    _initio                                   - Undefined Weak Reference
    _mutex_acquire                            - Undefined Weak Reference
    _mutex_release                            - Undefined Weak Reference
    _printf_post_padding                      - Undefined Weak Reference
    _printf_pre_padding                       - Undefined Weak Reference
    _printf_truncate_signed                   - Undefined Weak Reference
    _printf_truncate_unsigned                 - Undefined Weak Reference
    _rand_init                                - Undefined Weak Reference
    _signal_finish                            - Undefined Weak Reference
    _signal_init                              - Undefined Weak Reference
    _terminate_alloc                          - Undefined Weak Reference
    _terminate_user_alloc                     - Undefined Weak Reference
    _terminateio                              - Undefined Weak Reference
    __Vectors_Size                           0x000000c0   Number         0  startup_sc32r803.o ABSOLUTE
    __Vectors                                0x08000000   Data           4  startup_sc32r803.o(RESET)
    __Vectors_End                            0x080000c0   Data           0  startup_sc32r803.o(RESET)
    __main                                   0x080000c1   Thumb Code     8  __main.o(!!!main)
    __scatterload                            0x080000c9   Thumb Code     0  __scatter.o(!!!scatter)
    __scatterload_rt2                        0x080000c9   Thumb Code    52  __scatter.o(!!!scatter)
    __scatterload_rt2_thumb_only             0x080000c9   Thumb Code     0  __scatter.o(!!!scatter)
    __scatterload_null                       0x080000d9   Thumb Code     0  __scatter.o(!!!scatter)
    __scatterload_copy                       0x08000105   Thumb Code    26  __scatter_copy.o(!!handler_copy)
    __scatterload_zeroinit                   0x08000121   Thumb Code    28  __scatter_zi.o(!!handler_zi)
    _printf_percent                          0x0800013d   Thumb Code     0  _printf_percent.o(.ARM.Collect$$_printf_percent$$00000000)
    _printf_d                                0x0800013f   Thumb Code     0  _printf_d.o(.ARM.Collect$$_printf_percent$$00000009)
    _printf_percent_end                      0x08000149   Thumb Code     0  _printf_percent_end.o(.ARM.Collect$$_printf_percent$$00000017)
    __rt_lib_init                            0x0800014d   Thumb Code     0  libinit.o(.ARM.Collect$$libinit$$00000000)
    __rt_lib_init_alloca_1                   0x0800014f   Thumb Code     0  libinit2.o(.ARM.Collect$$libinit$$0000002E)
    __rt_lib_init_argv_1                     0x0800014f   Thumb Code     0  libinit2.o(.ARM.Collect$$libinit$$0000002C)
    __rt_lib_init_atexit_1                   0x0800014f   Thumb Code     0  libinit2.o(.ARM.Collect$$libinit$$0000001B)
    __rt_lib_init_clock_1                    0x0800014f   Thumb Code     0  libinit2.o(.ARM.Collect$$libinit$$00000021)
    __rt_lib_init_cpp_1                      0x0800014f   Thumb Code     0  libinit2.o(.ARM.Collect$$libinit$$00000032)
    __rt_lib_init_exceptions_1               0x0800014f   Thumb Code     0  libinit2.o(.ARM.Collect$$libinit$$00000030)
    __rt_lib_init_fp_1                       0x0800014f   Thumb Code     0  libinit2.o(.ARM.Collect$$libinit$$00000002)
    __rt_lib_init_fp_trap_1                  0x0800014f   Thumb Code     0  libinit2.o(.ARM.Collect$$libinit$$0000001F)
    __rt_lib_init_getenv_1                   0x0800014f   Thumb Code     0  libinit2.o(.ARM.Collect$$libinit$$00000023)
    __rt_lib_init_heap_1                     0x0800014f   Thumb Code     0  libinit2.o(.ARM.Collect$$libinit$$0000000A)
    __rt_lib_init_lc_collate_1               0x0800014f   Thumb Code     0  libinit2.o(.ARM.Collect$$libinit$$00000011)
    __rt_lib_init_lc_ctype_1                 0x0800014f   Thumb Code     0  libinit2.o(.ARM.Collect$$libinit$$00000013)
    __rt_lib_init_lc_monetary_1              0x0800014f   Thumb Code     0  libinit2.o(.ARM.Collect$$libinit$$00000015)
    __rt_lib_init_lc_numeric_1               0x0800014f   Thumb Code     0  libinit2.o(.ARM.Collect$$libinit$$00000017)
    __rt_lib_init_lc_time_1                  0x0800014f   Thumb Code     0  libinit2.o(.ARM.Collect$$libinit$$00000019)
    __rt_lib_init_preinit_1                  0x0800014f   Thumb Code     0  libinit2.o(.ARM.Collect$$libinit$$00000004)
    __rt_lib_init_rand_1                     0x0800014f   Thumb Code     0  libinit2.o(.ARM.Collect$$libinit$$0000000E)
    __rt_lib_init_return                     0x0800014f   Thumb Code     0  libinit2.o(.ARM.Collect$$libinit$$00000033)
    __rt_lib_init_signal_1                   0x0800014f   Thumb Code     0  libinit2.o(.ARM.Collect$$libinit$$0000001D)
    __rt_lib_init_stdio_1                    0x0800014f   Thumb Code     0  libinit2.o(.ARM.Collect$$libinit$$00000025)
    __rt_lib_init_user_alloc_1               0x0800014f   Thumb Code     0  libinit2.o(.ARM.Collect$$libinit$$0000000C)
    __rt_lib_shutdown                        0x08000151   Thumb Code     0  libshutdown.o(.ARM.Collect$$libshutdown$$00000000)
    __rt_lib_shutdown_cpp_1                  0x08000153   Thumb Code     0  libshutdown2.o(.ARM.Collect$$libshutdown$$00000004)
    __rt_lib_shutdown_fini_1                 0x08000153   Thumb Code     0  libshutdown2.o(.ARM.Collect$$libshutdown$$00000002)
    __rt_lib_shutdown_fp_trap_1              0x08000153   Thumb Code     0  libshutdown2.o(.ARM.Collect$$libshutdown$$00000009)
    __rt_lib_shutdown_heap_1                 0x08000153   Thumb Code     0  libshutdown2.o(.ARM.Collect$$libshutdown$$00000011)
    __rt_lib_shutdown_return                 0x08000153   Thumb Code     0  libshutdown2.o(.ARM.Collect$$libshutdown$$00000012)
    __rt_lib_shutdown_signal_1               0x08000153   Thumb Code     0  libshutdown2.o(.ARM.Collect$$libshutdown$$0000000C)
    __rt_lib_shutdown_stdio_1                0x08000153   Thumb Code     0  libshutdown2.o(.ARM.Collect$$libshutdown$$00000006)
    __rt_lib_shutdown_user_alloc_1           0x08000153   Thumb Code     0  libshutdown2.o(.ARM.Collect$$libshutdown$$0000000E)
    __rt_entry                               0x08000155   Thumb Code     0  __rtentry.o(.ARM.Collect$$rtentry$$00000000)
    __rt_entry_presh_1                       0x08000155   Thumb Code     0  __rtentry2.o(.ARM.Collect$$rtentry$$00000002)
    __rt_entry_sh                            0x08000155   Thumb Code     0  __rtentry4.o(.ARM.Collect$$rtentry$$00000004)
    __rt_entry_li                            0x0800015b   Thumb Code     0  __rtentry2.o(.ARM.Collect$$rtentry$$0000000A)
    __rt_entry_postsh_1                      0x0800015b   Thumb Code     0  __rtentry2.o(.ARM.Collect$$rtentry$$00000009)
    __rt_entry_main                          0x0800015f   Thumb Code     0  __rtentry2.o(.ARM.Collect$$rtentry$$0000000D)
    __rt_entry_postli_1                      0x0800015f   Thumb Code     0  __rtentry2.o(.ARM.Collect$$rtentry$$0000000C)
    __rt_exit                                0x08000167   Thumb Code     0  rtexit.o(.ARM.Collect$$rtexit$$00000000)
    __rt_exit_ls                             0x08000169   Thumb Code     0  rtexit2.o(.ARM.Collect$$rtexit$$00000003)
    __rt_exit_prels_1                        0x08000169   Thumb Code     0  rtexit2.o(.ARM.Collect$$rtexit$$00000002)
    __rt_exit_exit                           0x0800016d   Thumb Code     0  rtexit2.o(.ARM.Collect$$rtexit$$00000004)
    Reset_Handler                            0x08000175   Thumb Code   100  startup_sc32r803.o(.text)
    NMI_Handler                              0x080001d9   Thumb Code     2  startup_sc32r803.o(.text)
    HardFault_Handler                        0x080001db   Thumb Code     2  startup_sc32r803.o(.text)
    MemManage_Handler                        0x080001dd   Thumb Code     2  startup_sc32r803.o(.text)
    BusFault_Handler                         0x080001df   Thumb Code     2  startup_sc32r803.o(.text)
    UsageFault_Handler                       0x080001e1   Thumb Code     2  startup_sc32r803.o(.text)
    SVC_Handler                              0x080001e3   Thumb Code     2  startup_sc32r803.o(.text)
    DebugMon_Handler                         0x080001e5   Thumb Code     2  startup_sc32r803.o(.text)
    PendSV_Handler                           0x080001e7   Thumb Code     2  startup_sc32r803.o(.text)
    BTM_IRQHandler                           0x080001eb   Thumb Code     0  startup_sc32r803.o(.text)
    __user_initial_stackheap                 0x080001ed   Thumb Code     0  startup_sc32r803.o(.text)
    __use_no_semihosting                     0x08000265   Thumb Code     2  use_no_semi_2.o(.text)
    __aeabi_llsl                             0x08000267   Thumb Code    32  llshl.o(.text)
    _ll_shift_l                              0x08000267   Thumb Code     0  llshl.o(.text)
    __2printf                                0x08000289   Thumb Code    22  noretval__2printf.o(.text)
    __printf                                 0x080002a5   Thumb Code   108  __printf.o(.text)
    _printf_int_dec                          0x08000311   Thumb Code    90  _printf_dec.o(.text)
    __aeabi_uidiv                            0x0800037d   Thumb Code     0  aeabi_sdiv.o(.text)
    __aeabi_uidivmod                         0x0800037d   Thumb Code    20  aeabi_sdiv.o(.text)
    __aeabi_idiv                             0x08000391   Thumb Code     0  aeabi_sdiv.o(.text)
    __aeabi_idivmod                          0x08000391   Thumb Code   326  aeabi_sdiv.o(.text)
    __use_two_region_memory                  0x080004d7   Thumb Code     2  heapauxi.o(.text)
    __rt_heap_escrow$2region                 0x080004d9   Thumb Code     2  heapauxi.o(.text)
    __rt_heap_expand$2region                 0x080004db   Thumb Code     2  heapauxi.o(.text)
    __aeabi_d2f                              0x080004dd   Thumb Code     0  d2f.o(.text)
    _d2f                                     0x080004dd   Thumb Code   120  d2f.o(.text)
    __aeabi_dadd                             0x08000851   Thumb Code     0  daddsub.o(.text)
    _dadd                                    0x08000851   Thumb Code    26  daddsub.o(.text)
    __aeabi_dsub                             0x0800086b   Thumb Code     0  daddsub.o(.text)
    _dsub                                    0x0800086b   Thumb Code    22  daddsub.o(.text)
    __aeabi_drsub                            0x08000881   Thumb Code     0  daddsub.o(.text)
    _drsb                                    0x08000881   Thumb Code    28  daddsub.o(.text)
    __aeabi_ddiv                             0x080008b1   Thumb Code     0  ddiv.o(.text)
    _ddiv                                    0x080008b1   Thumb Code  1072  ddiv.o(.text)
    _drdiv                                   0x08000ce1   Thumb Code    20  ddiv.o(.text)
    __aeabi_i2d_normalise                    0x08000cf9   Thumb Code    66  dflti.o(.text)
    __aeabi_i2d                              0x08000d3b   Thumb Code    16  dflti.o(.text)
    _dflt                                    0x08000d3b   Thumb Code     0  dflti.o(.text)
    __aeabi_ui2d                             0x08000d4b   Thumb Code     6  dflti.o(.text)
    _dfltu                                   0x08000d4b   Thumb Code     0  dflti.o(.text)
    __aeabi_dmul                             0x08000d51   Thumb Code     0  dmul.o(.text)
    _dmul                                    0x08000d51   Thumb Code   558  dmul.o(.text)
    __ARM_scalbn                             0x08000f99   Thumb Code    84  dscalbn.o(.text)
    __aeabi_f2d                              0x08000ff9   Thumb Code     0  f2d.o(.text)
    _f2d                                     0x08000ff9   Thumb Code    80  f2d.o(.text)
    __aeabi_fdiv                             0x0800104d   Thumb Code     0  fdiv.o(.text)
    _fdiv                                    0x0800104d   Thumb Code   334  fdiv.o(.text)
    _frdiv                                   0x0800119b   Thumb Code     8  fdiv.o(.text)
    __aeabi_f2iz                             0x080011ad   Thumb Code     0  ffixi.o(.text)
    _ffix                                    0x080011ad   Thumb Code    76  ffixi.o(.text)
    __aeabi_f2uiz                            0x080011f9   Thumb Code     0  ffixui.o(.text)
    _ffixu                                   0x080011f9   Thumb Code    48  ffixui.o(.text)
    __aeabi_i2f_normalise                    0x08001229   Thumb Code    72  fflti.o(.text)
    __aeabi_i2f                              0x08001271   Thumb Code    16  fflti.o(.text)
    _fflt                                    0x08001271   Thumb Code     0  fflti.o(.text)
    __aeabi_ui2f                             0x08001281   Thumb Code     6  fflti.o(.text)
    _ffltu                                   0x08001281   Thumb Code     0  fflti.o(.text)
    __I$use$semihosting                      0x08001287   Thumb Code     0  use_no_semi.o(.text)
    __use_no_semihosting_swi                 0x08001287   Thumb Code     2  use_no_semi.o(.text)
    _printf_int_common                       0x08001289   Thumb Code   176  _printf_intcommon.o(.text)
    _printf_char_file                        0x08001339   Thumb Code    34  _printf_char_file.o(.text)
    __rt_udiv10                              0x08001361   Thumb Code    40  rtudiv10.o(.text)
    __fpl_fcmp_InfNaN                        0x08001389   Thumb Code    96  fcmpin.o(.text)
    _printf_char_common                      0x080013f7   Thumb Code    32  _printf_char_common.o(.text)
    ferror                                   0x0800141d   Thumb Code     8  ferror.o(.text)
    __fpl_cmpreturn                          0x08001425   Thumb Code    46  cmpret.o(.text)
    __fpl_fcheck_NaN2                        0x08001455   Thumb Code    10  fnan2.o(.text)
    __user_setup_stackheap                   0x08001465   Thumb Code    62  sys_stackheap_outer.o(.text)
    exit                                     0x080014a3   Thumb Code    16  exit.o(.text)
    __fpl_return_NaN                         0x080014b3   Thumb Code    94  retnan.o(.text)
    __user_libspace                          0x08001511   Thumb Code     8  libspace.o(.text)
    __user_perproc_libspace                  0x08001511   Thumb Code     0  libspace.o(.text)
    __user_perthread_libspace                0x08001511   Thumb Code     0  libspace.o(.text)
    ADC_IRQHandler                           0x08001519   Thumb Code     2  SC_it.o(i.ADC_IRQHandler)
    BaseLineUpdataSW                         0x0800151d   Thumb Code   246  tk_slider.o(i.BaseLineUpdataSW)
    CAN_IRQHandler                           0x0800162d   Thumb Code     2  SC_it.o(i.CAN_IRQHandler)
    CLR_TK_WDT                               0x08001631   Thumb Code    14  TKDriver.o(i.CLR_TK_WDT)
    CMP_IRQHandler                           0x08001645   Thumb Code     2  SC_it.o(i.CMP_IRQHandler)
    ChangeTouchKeyvalue                      0x08001649   Thumb Code   154  SysFunVarDefine.o(i.ChangeTouchKeyvalue)
    DMA0_IRQHandler                          0x080016ed   Thumb Code     2  SC_it.o(i.DMA0_IRQHandler)
    DMA1_IRQHandler                          0x080016ef   Thumb Code     2  SC_it.o(i.DMA1_IRQHandler)
    DMA2_IRQHandler                          0x080016f1   Thumb Code     2  SC_it.o(i.DMA2_IRQHandler)
    DMA3_IRQHandler                          0x080016f3   Thumb Code     2  SC_it.o(i.DMA3_IRQHandler)
    FilterDataDeal_T2                        0x080016f5   Thumb Code    84  tk_basekeydeal.o(i.FilterDataDeal_T2)
    GPIO_Init                                0x08001751   Thumb Code   112  sc32f1xxx_gpio.o(i.GPIO_Init)
    GPIO_SetBits                             0x080017c1   Thumb Code    34  sc32f1xxx_gpio.o(i.GPIO_SetBits)
    INT0_IRQHandler                          0x080017e3   Thumb Code     2  SC_it.o(i.INT0_IRQHandler)
    INT12_15_IRQHandler                      0x080017e5   Thumb Code     2  SC_it.o(i.INT12_15_IRQHandler)
    INT1_7_IRQHandler                        0x080017e7   Thumb Code     2  SC_it.o(i.INT1_7_IRQHandler)
    INT8_11_IRQHandler                       0x080017e9   Thumb Code     2  SC_it.o(i.INT8_11_IRQHandler)
    IcResourceInit                           0x080017eb   Thumb Code    12  CompCtrlDefine.o(i.IcResourceInit)
    KeyT2_Analysis                           0x080017f9   Thumb Code   850  tk_keyt2.o(i.KeyT2_Analysis)
    LCD_WR_DATA                              0x08001b95   Thumb Code    84  TFT_Lcd.o(i.LCD_WR_DATA)
    LCD_WR_REG                               0x08001bf1   Thumb Code    38  TFT_Lcd.o(i.LCD_WR_REG)
    LEDPWM_IRQHandler                        0x08001c1d   Thumb Code     2  SC_it.o(i.LEDPWM_IRQHandler)
    Lcd_Init                                 0x08001c21   Thumb Code   544  TFT_Lcd.o(i.Lcd_Init)
    PWM0_IRQHandler                          0x08001e45   Thumb Code     2  SC_it.o(i.PWM0_IRQHandler)
    Printf_UartInit                          0x08001e49   Thumb Code     6  sc32f1xxx_uart.o(i.Printf_UartInit)
    RCC_APB1Cmd                              0x08001e55   Thumb Code    36  sc32f1xxx_rcc.o(i.RCC_APB1Cmd)
    RCC_APB1Config                           0x08001e7d   Thumb Code    24  sc32f1xxx_rcc.o(i.RCC_APB1Config)
    RCC_APB1PeriphClockCmd                   0x08001e99   Thumb Code    28  sc32f1xxx_rcc.o(i.RCC_APB1PeriphClockCmd)
    RCC_APB2Cmd                              0x08001eb9   Thumb Code    36  sc32f1xxx_rcc.o(i.RCC_APB2Cmd)
    RCC_APB2Config                           0x08001ee1   Thumb Code    24  sc32f1xxx_rcc.o(i.RCC_APB2Config)
    RCC_APB2PeriphClockCmd                   0x08001efd   Thumb Code    28  sc32f1xxx_rcc.o(i.RCC_APB2PeriphClockCmd)
    RCC_HCLKConfig                           0x08001f1d   Thumb Code    24  sc32f1xxx_rcc.o(i.RCC_HCLKConfig)
    RCC_HIRCCmd                              0x08001f39   Thumb Code    42  sc32f1xxx_rcc.o(i.RCC_HIRCCmd)
    RCC_HIRCDIV1Cmd                          0x08001f69   Thumb Code    46  sc32f1xxx_rcc.o(i.RCC_HIRCDIV1Cmd)
    RCC_HXTCmd                               0x08001f9d   Thumb Code    42  sc32f1xxx_rcc.o(i.RCC_HXTCmd)
    RCC_IRQHandler                           0x08001fcd   Thumb Code     2  SC_it.o(i.RCC_IRQHandler)
    RCC_ITConfig                             0x08001fd1   Thumb Code    46  sc32f1xxx_rcc.o(i.RCC_ITConfig)
    RCC_LIRCCmd                              0x08002005   Thumb Code    42  sc32f1xxx_rcc.o(i.RCC_LIRCCmd)
    RCC_LXTCmd                               0x08002035   Thumb Code    42  sc32f1xxx_rcc.o(i.RCC_LXTCmd)
    RCC_SYSCLKConfig                         0x08002065   Thumb Code   182  sc32f1xxx_rcc.o(i.RCC_SYSCLKConfig)
    RCC_SystickCLKConfig                     0x08002125   Thumb Code    62  sc32f1xxx_rcc.o(i.RCC_SystickCLKConfig)
    RCC_SystickCmd                           0x0800216d   Thumb Code    32  sc32f1xxx_rcc.o(i.RCC_SystickCmd)
    RCC_SystickSetCounter                    0x08002191   Thumb Code    18  sc32f1xxx_rcc.o(i.RCC_SystickSetCounter)
    RCC_Unlock                               0x080021ad   Thumb Code    18  sc32f1xxx_rcc.o(i.RCC_Unlock)
    SC_GPIO_Init                             0x080021c5   Thumb Code   274  SC_Init.o(i.SC_GPIO_Init)
    SC_Init                                  0x080022e1   Thumb Code    28  SC_Init.o(i.SC_Init)
    SC_OPTION_Init                           0x080022fd   Thumb Code     2  SC_Init.o(i.SC_OPTION_Init)
    SC_RCC_Init                              0x080022ff   Thumb Code    84  SC_Init.o(i.SC_RCC_Init)
    SC_SPI1_Init                             0x08002355   Thumb Code   132  SC_Init.o(i.SC_SPI1_Init)
    SC_SYSTICK_Init                          0x080023e1   Thumb Code    38  SC_Init.o(i.SC_SYSTICK_Init)
    SC_UART3_Init                            0x08002409   Thumb Code   126  SC_Init.o(i.SC_UART3_Init)
    SET_TOUCH                                0x08002495   Thumb Code    22  tk_basekeydeal.o(i.SET_TOUCH)
    SPI_Cmd                                  0x080024b5   Thumb Code    24  sc32f1xxx_spi.o(i.SPI_Cmd)
    SPI_DMACmd                               0x080024d1   Thumb Code    26  sc32f1xxx_spi.o(i.SPI_DMACmd)
    SPI_DataSizeConfig                       0x080024eb   Thumb Code    18  sc32f1xxx_spi.o(i.SPI_DataSizeConfig)
    SPI_ITConfig                             0x080024fd   Thumb Code    26  sc32f1xxx_spi.o(i.SPI_ITConfig)
    SPI_Init                                 0x08002519   Thumb Code    42  sc32f1xxx_spi.o(i.SPI_Init)
    SPI_PinRemapConfig                       0x08002549   Thumb Code    38  sc32f1xxx_spi.o(i.SPI_PinRemapConfig)
    SPI_SendData                             0x08002579   Thumb Code     4  sc32f1xxx_spi.o(i.SPI_SendData)
    SysTick_IRQHandler                       0x0800257d   Thumb Code     2  SC_it.o(i.SysTick_IRQHandler)
    Sys_Scan                                 0x08002581   Thumb Code   104  SysFunVarDefine.o(i.Sys_Scan)
    SystemInit                               0x08002611   Thumb Code    10  system_sc32f1xxx.o(i.SystemInit)
    TIMER0_IRQHandler                        0x08002621   Thumb Code     2  SC_it.o(i.TIMER0_IRQHandler)
    TIMER1_IRQHandler                        0x08002623   Thumb Code     2  SC_it.o(i.TIMER1_IRQHandler)
    TIMER2_IRQHandler                        0x08002625   Thumb Code     2  SC_it.o(i.TIMER2_IRQHandler)
    TIMER3_IRQHandler                        0x08002627   Thumb Code     2  SC_it.o(i.TIMER3_IRQHandler)
    TIMER4_5_IRQHandler                      0x08002629   Thumb Code     2  SC_it.o(i.TIMER4_5_IRQHandler)
    TIMER6_7_IRQHandler                      0x0800262b   Thumb Code     2  SC_it.o(i.TIMER6_7_IRQHandler)
    TKCLK_Init                               0x0800262d   Thumb Code    30  TKDriver.o(i.TKCLK_Init)
    TKSlideModuleCHIs                        0x08002651   Thumb Code    98  TKDriver.o(i.TKSlideModuleCHIs)
    TKSlideModuleSensorRenovate              0x080026bd   Thumb Code   588  tk_slider.o(i.TKSlideModuleSensorRenovate)
    TK_CLR_TKIF                              0x0800291d   Thumb Code    14  TKDriver.o(i.TK_CLR_TKIF)
    TK_CNTGet                                0x08002931   Thumb Code     8  TKDriver.o(i.TK_CNTGet)
    TK_CTIME_SET                             0x0800293d   Thumb Code    22  TKDriver.o(i.TK_CTIME_SET)
    TK_ENTKS_SET                             0x08002959   Thumb Code    32  TKDriver.o(i.TK_ENTKS_SET)
    TK_FilterAvergeDeal                      0x0800297d   Thumb Code     8  TKDriver.o(i.TK_FilterAvergeDeal)
    TK_FilterAvergeDeal_Normal               0x08002985   Thumb Code   110  tk_basekeydeal.o(i.TK_FilterAvergeDeal_Normal)
    TK_FilterCommCode                        0x08002a09   Thumb Code     8  TKDriver.o(i.TK_FilterCommCode)
    TK_FilterCommCodeT2                      0x08002a11   Thumb Code    90  tk_basekeydeal.o(i.TK_FilterCommCodeT2)
    TK_FilterDataDeal                        0x08002a75   Thumb Code    12  TKDriver.o(i.TK_FilterDataDeal)
    TK_FilterIIRInit                         0x08002a81   Thumb Code    36  TKDriver.o(i.TK_FilterIIRInit)
    TK_GetBaseLineAdjustValue                0x08002aad   Thumb Code    10  TKDriver.o(i.TK_GetBaseLineAdjustValue)
    TK_GetBaselineUpdateThreshold            0x08002abd   Thumb Code     8  TKDriver.o(i.TK_GetBaselineUpdateThreshold)
    TK_GetCfgMsg                             0x08002ac9   Thumb Code   100  TKDriver.o(i.TK_GetCfgMsg)
    TK_GetCurrFingerValue                    0x08002b35   Thumb Code    30  TKDriver.o(i.TK_GetCurrFingerValue)
    TK_GetInitAutoUpdateTime                 0x08002b59   Thumb Code     6  TKDriver.o(i.TK_GetInitAutoUpdateTime)
    TK_GetIsNeedUpdateBaseline               0x08002b65   Thumb Code     6  tk_basekeydeal.o(i.TK_GetIsNeedUpdateBaseline)
    TK_GetScanTimeValue                      0x08002b71   Thumb Code    14  TKDriver.o(i.TK_GetScanTimeValue)
    TK_GetUpConfirmCnt                       0x08002b85   Thumb Code     8  TKDriver.o(i.TK_GetUpConfirmCnt)
    TK_ICHAC_SET                             0x08002b91   Thumb Code    18  TKDriver.o(i.TK_ICHAC_SET)
    TK_ICHA_SET                              0x08002ba9   Thumb Code    22  TKDriver.o(i.TK_ICHA_SET)
    TK_ICHGC_SET                             0x08002bc5   Thumb Code    22  TKDriver.o(i.TK_ICHGC_SET)
    TK_ICHG_SET                              0x08002be1   Thumb Code    18  TKDriver.o(i.TK_ICHG_SET)
    TK_IRQHandler                            0x08002bf9   Thumb Code    28  TKDriver.o(i.TK_IRQHandler)
    TK_Init                                  0x08002c1d   Thumb Code   202  tk_basekeydeal.o(i.TK_Init)
    TK_InitializeBaselines                   0x08002d05   Thumb Code    36  TKDriver.o(i.TK_InitializeBaselines)
    TK_InitializeSensorFlag                  0x08002d31   Thumb Code    76  TKDriver.o(i.TK_InitializeSensorFlag)
    TK_MOD_SET                               0x08002d95   Thumb Code    36  TKDriver.o(i.TK_MOD_SET)
    TK_MultipleDeal                          0x08002dbd   Thumb Code   276  tk_basekeydeal.o(i.TK_MultipleDeal)
    TK_PRSC_SET                              0x08002ef5   Thumb Code    32  TKDriver.o(i.TK_PRSC_SET)
    TK_PRS_SET                               0x08002f19   Thumb Code    32  TKDriver.o(i.TK_PRS_SET)
    TK_Restart                               0x08002f3d   Thumb Code     8  tk_basekeydeal.o(i.TK_Restart)
    TK_SensorKeyFlag                         0x08002f45   Thumb Code   156  TKDriver.o(i.TK_SensorKeyFlag)
    TK_SetNeedUpdateBaseline                 0x08003005   Thumb Code     8  tk_basekeydeal.o(i.TK_SetNeedUpdateBaseline)
    TK_SetOneKeyPushResetTime                0x08003011   Thumb Code     8  TKDriver.o(i.TK_SetOneKeyPushResetTime)
    TK_SingleChannel_ICHAAdjust              0x0800301d   Thumb Code   134  tk_basekeydeal.o(i.TK_SingleChannel_ICHAAdjust)
    TK_SingleCurrentSensorChoose             0x080030b5   Thumb Code   176  TKDriver.o(i.TK_SingleCurrentSensorChoose)
    TK_TKINT_SET                             0x08003175   Thumb Code    32  TKDriver.o(i.TK_TKINT_SET)
    TK_TKIS_SET                              0x08003199   Thumb Code    10  TKDriver.o(i.TK_TKIS_SET)
    TK_TKTM_SET                              0x080031a9   Thumb Code     8  TKDriver.o(i.TK_TKTM_SET)
    TK_TRIG                                  0x080031b5   Thumb Code    14  TKDriver.o(i.TK_TRIG)
    TK_TouchKeyCFGInit                       0x080031c9   Thumb Code   100  TKDriver.o(i.TK_TouchKeyCFGInit)
    TK_TouchKeyScan                          0x08003255   Thumb Code   350  TKDriver.o(i.TK_TouchKeyScan)
    TK_VREF_SET                              0x080033d1   Thumb Code    22  TKDriver.o(i.TK_VREF_SET)
    TWIx_QSPIx_0_2_IRQHandler                0x080033ed   Thumb Code     2  SC_it.o(i.TWIx_QSPIx_0_2_IRQHandler)
    TWIx_QSPIx_1_3_IRQHandler                0x080033ef   Thumb Code     2  SC_it.o(i.TWIx_QSPIx_1_3_IRQHandler)
    TouchKey_Service                         0x080033f1   Thumb Code   200  tk_basekeydeal.o(i.TouchKey_Service)
    UART0_2_4_IRQHandler                     0x080034d1   Thumb Code     2  SC_it.o(i.UART0_2_4_IRQHandler)
    UART1_3_5_IRQHandler                     0x080034d3   Thumb Code     2  SC_it.o(i.UART1_3_5_IRQHandler)
    UART_ClearFlag                           0x080034d5   Thumb Code     4  sc32f1xxx_uart.o(i.UART_ClearFlag)
    UART_GetFlagStatus                       0x080034d9   Thumb Code    20  sc32f1xxx_uart.o(i.UART_GetFlagStatus)
    UART_ITConfig                            0x080034ed   Thumb Code    26  sc32f1xxx_uart.o(i.UART_ITConfig)
    UART_Init                                0x08003509   Thumb Code    70  sc32f1xxx_uart.o(i.UART_Init)
    UART_PinRemapConfig                      0x08003555   Thumb Code    26  sc32f1xxx_uart.o(i.UART_PinRemapConfig)
    UART_RXCmd                               0x08003571   Thumb Code    24  sc32f1xxx_uart.o(i.UART_RXCmd)
    UART_SendData                            0x0800358d   Thumb Code     8  sc32f1xxx_uart.o(i.UART_SendData)
    UART_TXCmd                               0x08003595   Thumb Code    24  sc32f1xxx_uart.o(i.UART_TXCmd)
    UpdateDisplay                            0x080035b1   Thumb Code    84  SysFunVarDefine.o(i.UpdateDisplay)
    Usdelay                                  0x08003611   Thumb Code    14  tk_basekeydeal.o(i.Usdelay)
    __ARM_common_switch8                     0x0800361f   Thumb Code    28  SysFunVarDefine.o(i.__ARM_common_switch8)
    _sys_exit                                0x080036b5   Thumb Code     4  sc32f1xxx_uart.o(i._sys_exit)
    delay_ms                                 0x080036b9   Thumb Code    12  TFT_Lcd.o(i.delay_ms)
    fputc                                    0x080036c5   Thumb Code    46  sc32f1xxx_uart.o(i.fputc)
    main                                     0x080036f9   Thumb Code    16  main.o(i.main)
    __aeabi_fadd                             0x08003709   Thumb Code     0  faddsub.o(x$fpl$fadd)
    _fadd                                    0x08003709   Thumb Code   134  faddsub.o(x$fpl$fadd)
    __aeabi_cfcmple                          0x08003795   Thumb Code     0  flef.o(x$fpl$fleqf)
    _fcmple                                  0x08003795   Thumb Code    78  flef.o(x$fpl$fleqf)
    __aeabi_fmul                             0x080037e9   Thumb Code     0  fmul.o(x$fpl$fmul)
    _fmul                                    0x080037e9   Thumb Code   172  fmul.o(x$fpl$fmul)
    __aeabi_fsub                             0x08003899   Thumb Code     0  faddsub.o(x$fpl$fsub)
    _fsub                                    0x08003899   Thumb Code   204  faddsub.o(x$fpl$fsub)
    TKCFG                                    0x08003968   Data          68  TKDriver.o(.constdata)
    __I$use$fp                               0x08003968   Number         0  usenofp.o(x$fpl$usenofp)
    TKChannelCfg                             0x080039ac   Data          80  TKDriver.o(.constdata)
    CFG_OVERLOW_MAX_COUNT                    0x080039fc   Data           1  TKDriver.o(.constdata)
    CFG_RESET_BASELINE_CNT                   0x080039fd   Data           1  TKDriver.o(.constdata)
    CFG_CYCLE_CNT                            0x080039fe   Data           1  TKDriver.o(.constdata)
    TK_InitBaseLineUpRange                   0x080039ff   Data           1  TKDriver.o(.constdata)
    TK_InitBaseLineLowRange                  0x08003a00   Data           1  TKDriver.o(.constdata)
    TK_CurrentBaseLineUpRange                0x08003a01   Data           1  TKDriver.o(.constdata)
    TK_CurrentBaseLineLowRange               0x08003a02   Data           1  TKDriver.o(.constdata)
    Region$$Table$$Base                      0x08003ac4   Number         0  anon$$obj.o(Region$$Table)
    Region$$Table$$Limit                     0x08003ae4   Number         0  anon$$obj.o(Region$$Table)
    exKeyValue                               0x20000000   Data           1  SysFunVarDefine.o(.data)
    gTkIsValid                               0x20000001   Data           1  SysFunVarDefine.o(.data)
    KeyValue                                 0x20000002   Data           1  SysFunVarDefine.o(.data)
    NOKEYCount                               0x20000003   Data           1  SysFunVarDefine.o(.data)
    TK_exKeyValueFlag                        0x20000008   Data           8  SysFunVarDefine.o(.data)
    Wheel_value                              0x20000010   Data           4  SysFunVarDefine.o(.data)
    Slider_value                             0x20000014   Data           4  SysFunVarDefine.o(.data)
    TK_ScanTime                              0x20000018   Data           2  TKDriver.o(.data)
    UpdateBaseLNum                           0x2000001a   Data           2  TKDriver.o(.data)
    MultipleLNum                             0x2000001c   Data           2  TKDriver.o(.data)
    bMultiple                                0x2000001e   Data           1  TKDriver.o(.data)
    ConfirmTouchCnt                          0x2000001f   Data           1  TKDriver.o(.data)
    MultipleDealTpye                         0x20000020   Data           1  TKDriver.o(.data)
    SingleCurrentChannelMax                  0x20000021   Data           1  TKDriver.o(.data)
    SetNoiseThreshold                        0x20000022   Data           1  TKDriver.o(.data)
    TK_TouchKeyStatus                        0x20000023   Data           1  TKDriver.o(.data)
    KeyFlag                                  0x20000028   Data           8  TKDriver.o(.data)
    KeyMark                                  0x20000030   Data           8  TKDriver.o(.data)
    bNeedUpdate                              0x20000038   Data           1  TKDriver.o(.data)
    CurrentIndex                             0x20000039   Data           1  TKDriver.o(.data)
    ScanTime                                 0x2000003a   Data           2  TKDriver.o(.data)
    IsInNosicValue                           0x2000003c   Data           1  TKDriver.o(.data)
    MultipleDealIndex                        0x2000003d   Data           1  TKDriver.o(.data)
    FlowFingerRoundIndex                     0x2000003e   Data           1  TKDriver.o(.data)
    FlowFingerRoundCnt                       0x20000040   Data           2  TKDriver.o(.data)
    WakeUp_Flag                              0x20000042   Data           1  TKDriver.o(.data)
    TK_WakeUp_Flag                           0x20000043   Data           1  TKDriver.o(.data)
    LowPowerScan_Flag                        0x20000044   Data           1  TKDriver.o(.data)
    BigNosicCount                            0x20000045   Data           1  TKDriver.o(.data)
    StrongNosicCount                         0x20000046   Data           1  TKDriver.o(.data)
    MultipleKeyNosicCount                    0x20000047   Data           1  TKDriver.o(.data)
    WeakNosicCount                           0x20000048   Data           1  TKDriver.o(.data)
    MultipleKeyInhibitionCount               0x20000049   Data           1  TKDriver.o(.data)
    RemoveTopCount                           0x2000004a   Data           1  TKDriver.o(.data)
    CurrentChannel                           0x2000004b   Data           8  TKDriver.o(.data)
    TK_ShiftScanTime                         0x20000053   Data           1  TKDriver.o(.data)
    UsingTKSlideModuleNumber                 0x20000054   Data           1  TKDriver.o(.data)
    TKSlideModuleDealArray                   0x20000058   Data          72  TKDriver.o(.data)
    Printf_Uart                              0x200000a0   Data           4  sc32f1xxx_uart.o(.data)
    __stdout                                 0x200000a4   Data           4  sc32f1xxx_uart.o(.data)
    SingleParameterBufferSet                 0x200000ac   Data          64  TKDriver.o(.bss)
    SingleChannelsBaseLineUpdatePar          0x200000ec   Data          48  TKDriver.o(.bss)
    __libspace_start                         0x2000011c   Data          96  libspace.o(.bss)
    __temporary_stack_top$libspace           0x2000017c   Data           0  libspace.o(.bss)



==============================================================================

Memory Map of the image

  Image Entry point : 0x080000c1

  Load Region LR_IROM1 (Base: 0x08000000, Size: 0x00003b90, Max: 0x00040000, ABSOLUTE)

    Execution Region ER_IROM1 (Base: 0x08000000, Size: 0x00003ae4, Max: 0x00040000, ABSOLUTE)

    Base Addr    Size         Type   Attr      Idx    E Section Name        Object

    0x08000000   0x000000c0   Data   RO         2028    RESET               startup_sc32r803.o
    0x080000c0   0x00000008   Code   RO         2206  * !!!main             c_p.l(__main.o)
    0x080000c8   0x0000003c   Code   RO         2433    !!!scatter          c_p.l(__scatter.o)
    0x08000104   0x0000001a   Code   RO         2435    !!handler_copy      c_p.l(__scatter_copy.o)
    0x0800011e   0x00000002   PAD
    0x08000120   0x0000001c   Code   RO         2437    !!handler_zi        c_p.l(__scatter_zi.o)
    0x0800013c   0x00000002   Code   RO         2199    .ARM.Collect$$_printf_percent$$00000000  c_p.l(_printf_percent.o)
    0x0800013e   0x0000000a   Code   RO         2198    .ARM.Collect$$_printf_percent$$00000009  c_p.l(_printf_d.o)
    0x08000148   0x00000004   Code   RO         2253    .ARM.Collect$$_printf_percent$$00000017  c_p.l(_printf_percent_end.o)
    0x0800014c   0x00000002   Code   RO         2302    .ARM.Collect$$libinit$$00000000  c_p.l(libinit.o)
    0x0800014e   0x00000000   Code   RO         2318    .ARM.Collect$$libinit$$00000002  c_p.l(libinit2.o)
    0x0800014e   0x00000000   Code   RO         2320    .ARM.Collect$$libinit$$00000004  c_p.l(libinit2.o)
    0x0800014e   0x00000000   Code   RO         2323    .ARM.Collect$$libinit$$0000000A  c_p.l(libinit2.o)
    0x0800014e   0x00000000   Code   RO         2325    .ARM.Collect$$libinit$$0000000C  c_p.l(libinit2.o)
    0x0800014e   0x00000000   Code   RO         2327    .ARM.Collect$$libinit$$0000000E  c_p.l(libinit2.o)
    0x0800014e   0x00000000   Code   RO         2330    .ARM.Collect$$libinit$$00000011  c_p.l(libinit2.o)
    0x0800014e   0x00000000   Code   RO         2332    .ARM.Collect$$libinit$$00000013  c_p.l(libinit2.o)
    0x0800014e   0x00000000   Code   RO         2334    .ARM.Collect$$libinit$$00000015  c_p.l(libinit2.o)
    0x0800014e   0x00000000   Code   RO         2336    .ARM.Collect$$libinit$$00000017  c_p.l(libinit2.o)
    0x0800014e   0x00000000   Code   RO         2338    .ARM.Collect$$libinit$$00000019  c_p.l(libinit2.o)
    0x0800014e   0x00000000   Code   RO         2340    .ARM.Collect$$libinit$$0000001B  c_p.l(libinit2.o)
    0x0800014e   0x00000000   Code   RO         2342    .ARM.Collect$$libinit$$0000001D  c_p.l(libinit2.o)
    0x0800014e   0x00000000   Code   RO         2344    .ARM.Collect$$libinit$$0000001F  c_p.l(libinit2.o)
    0x0800014e   0x00000000   Code   RO         2346    .ARM.Collect$$libinit$$00000021  c_p.l(libinit2.o)
    0x0800014e   0x00000000   Code   RO         2348    .ARM.Collect$$libinit$$00000023  c_p.l(libinit2.o)
    0x0800014e   0x00000000   Code   RO         2350    .ARM.Collect$$libinit$$00000025  c_p.l(libinit2.o)
    0x0800014e   0x00000000   Code   RO         2354    .ARM.Collect$$libinit$$0000002C  c_p.l(libinit2.o)
    0x0800014e   0x00000000   Code   RO         2356    .ARM.Collect$$libinit$$0000002E  c_p.l(libinit2.o)
    0x0800014e   0x00000000   Code   RO         2358    .ARM.Collect$$libinit$$00000030  c_p.l(libinit2.o)
    0x0800014e   0x00000000   Code   RO         2360    .ARM.Collect$$libinit$$00000032  c_p.l(libinit2.o)
    0x0800014e   0x00000002   Code   RO         2361    .ARM.Collect$$libinit$$00000033  c_p.l(libinit2.o)
    0x08000150   0x00000002   Code   RO         2387    .ARM.Collect$$libshutdown$$00000000  c_p.l(libshutdown.o)
    0x08000152   0x00000000   Code   RO         2414    .ARM.Collect$$libshutdown$$00000002  c_p.l(libshutdown2.o)
    0x08000152   0x00000000   Code   RO         2416    .ARM.Collect$$libshutdown$$00000004  c_p.l(libshutdown2.o)
    0x08000152   0x00000000   Code   RO         2418    .ARM.Collect$$libshutdown$$00000006  c_p.l(libshutdown2.o)
    0x08000152   0x00000000   Code   RO         2421    .ARM.Collect$$libshutdown$$00000009  c_p.l(libshutdown2.o)
    0x08000152   0x00000000   Code   RO         2424    .ARM.Collect$$libshutdown$$0000000C  c_p.l(libshutdown2.o)
    0x08000152   0x00000000   Code   RO         2426    .ARM.Collect$$libshutdown$$0000000E  c_p.l(libshutdown2.o)
    0x08000152   0x00000000   Code   RO         2429    .ARM.Collect$$libshutdown$$00000011  c_p.l(libshutdown2.o)
    0x08000152   0x00000002   Code   RO         2430    .ARM.Collect$$libshutdown$$00000012  c_p.l(libshutdown2.o)
    0x08000154   0x00000000   Code   RO         2244    .ARM.Collect$$rtentry$$00000000  c_p.l(__rtentry.o)
    0x08000154   0x00000000   Code   RO         2260    .ARM.Collect$$rtentry$$00000002  c_p.l(__rtentry2.o)
    0x08000154   0x00000006   Code   RO         2272    .ARM.Collect$$rtentry$$00000004  c_p.l(__rtentry4.o)
    0x0800015a   0x00000000   Code   RO         2262    .ARM.Collect$$rtentry$$00000009  c_p.l(__rtentry2.o)
    0x0800015a   0x00000004   Code   RO         2263    .ARM.Collect$$rtentry$$0000000A  c_p.l(__rtentry2.o)
    0x0800015e   0x00000000   Code   RO         2265    .ARM.Collect$$rtentry$$0000000C  c_p.l(__rtentry2.o)
    0x0800015e   0x00000008   Code   RO         2266    .ARM.Collect$$rtentry$$0000000D  c_p.l(__rtentry2.o)
    0x08000166   0x00000002   Code   RO         2309    .ARM.Collect$$rtexit$$00000000  c_p.l(rtexit.o)
    0x08000168   0x00000000   Code   RO         2363    .ARM.Collect$$rtexit$$00000002  c_p.l(rtexit2.o)
    0x08000168   0x00000004   Code   RO         2364    .ARM.Collect$$rtexit$$00000003  c_p.l(rtexit2.o)
    0x0800016c   0x00000006   Code   RO         2365    .ARM.Collect$$rtexit$$00000004  c_p.l(rtexit2.o)
    0x08000172   0x00000002   PAD
    0x08000174   0x000000f0   Code   RO         2029    .text               startup_sc32r803.o
    0x08000264   0x00000002   Code   RO         2166    .text               c_p.l(use_no_semi_2.o)
    0x08000266   0x00000020   Code   RO         2168    .text               c_p.l(llshl.o)
    0x08000286   0x00000002   PAD
    0x08000288   0x0000001c   Code   RO         2172    .text               c_p.l(noretval__2printf.o)
    0x080002a4   0x0000006c   Code   RO         2174    .text               c_p.l(__printf.o)
    0x08000310   0x0000006c   Code   RO         2176    .text               c_p.l(_printf_dec.o)
    0x0800037c   0x0000015a   Code   RO         2200    .text               c_p.l(aeabi_sdiv.o)
    0x080004d6   0x00000006   Code   RO         2204    .text               c_p.l(heapauxi.o)
    0x080004dc   0x0000007c   Code   RO         2208    .text               fz_ps.l(d2f.o)
    0x08000558   0x00000358   Code   RO         2210    .text               fz_ps.l(daddsub.o)
    0x080008b0   0x00000448   Code   RO         2212    .text               fz_ps.l(ddiv.o)
    0x08000cf8   0x00000058   Code   RO         2215    .text               fz_ps.l(dflti.o)
    0x08000d50   0x00000248   Code   RO         2217    .text               fz_ps.l(dmul.o)
    0x08000f98   0x00000060   Code   RO         2219    .text               fz_ps.l(dscalbn.o)
    0x08000ff8   0x00000054   Code   RO         2221    .text               fz_ps.l(f2d.o)
    0x0800104c   0x00000160   Code   RO         2229    .text               fz_ps.l(fdiv.o)
    0x080011ac   0x0000004c   Code   RO         2232    .text               fz_ps.l(ffixi.o)
    0x080011f8   0x00000030   Code   RO         2234    .text               fz_ps.l(ffixui.o)
    0x08001228   0x0000005e   Code   RO         2236    .text               fz_ps.l(fflti.o)
    0x08001286   0x00000002   Code   RO         2242    .text               c_p.l(use_no_semi.o)
    0x08001288   0x000000b0   Code   RO         2249    .text               c_p.l(_printf_intcommon.o)
    0x08001338   0x00000028   Code   RO         2251    .text               c_p.l(_printf_char_file.o)
    0x08001360   0x00000028   Code   RO         2254    .text               c_p.l(rtudiv10.o)
    0x08001388   0x00000064   Code   RO         2256    .text               fz_ps.l(fcmpin.o)
    0x080013ec   0x00000030   Code   RO         2276    .text               c_p.l(_printf_char_common.o)
    0x0800141c   0x00000008   Code   RO         2278    .text               c_p.l(ferror.o)
    0x08001424   0x0000002e   Code   RO         2282    .text               fz_ps.l(cmpret.o)
    0x08001452   0x00000002   PAD
    0x08001454   0x00000010   Code   RO         2284    .text               fz_ps.l(fnan2.o)
    0x08001464   0x0000003e   Code   RO         2286    .text               c_p.l(sys_stackheap_outer.o)
    0x080014a2   0x00000010   Code   RO         2291    .text               c_p.l(exit.o)
    0x080014b2   0x0000005e   Code   RO         2303    .text               fz_ps.l(retnan.o)
    0x08001510   0x00000008   Code   RO         2305    .text               c_p.l(libspace.o)
    0x08001518   0x00000002   Code   RO          625    i.ADC_IRQHandler    SC_it.o
    0x0800151a   0x00000002   PAD
    0x0800151c   0x00000110   Code   RO         2033    i.BaseLineUpdataSW  SC_M0+_HighSensitive_lib_Slider_V1.0.lib(tk_slider.o)
    0x0800162c   0x00000002   Code   RO          626    i.CAN_IRQHandler    SC_it.o
    0x0800162e   0x00000002   PAD
    0x08001630   0x00000014   Code   RO         1118    i.CLR_TK_WDT        TKDriver.o
    0x08001644   0x00000002   Code   RO          629    i.CMP_IRQHandler    SC_it.o
    0x08001646   0x00000002   PAD
    0x08001648   0x000000a4   Code   RO          173    i.ChangeTouchKeyvalue  SysFunVarDefine.o
    0x080016ec   0x00000002   Code   RO          630    i.DMA0_IRQHandler   SC_it.o
    0x080016ee   0x00000002   Code   RO          631    i.DMA1_IRQHandler   SC_it.o
    0x080016f0   0x00000002   Code   RO          632    i.DMA2_IRQHandler   SC_it.o
    0x080016f2   0x00000002   Code   RO          633    i.DMA3_IRQHandler   SC_it.o
    0x080016f4   0x0000005c   Code   RO         2069    i.FilterDataDeal_T2  SC_M0+_HighSensitive_lib_Basic_V1.0.lib(tk_basekeydeal.o)
    0x08001750   0x00000070   Code   RO         1955    i.GPIO_Init         sc32f1xxx_gpio.o
    0x080017c0   0x00000022   Code   RO         1959    i.GPIO_SetBits      sc32f1xxx_gpio.o
    0x080017e2   0x00000002   Code   RO          635    i.INT0_IRQHandler   SC_it.o
    0x080017e4   0x00000002   Code   RO          636    i.INT12_15_IRQHandler  SC_it.o
    0x080017e6   0x00000002   Code   RO          637    i.INT1_7_IRQHandler  SC_it.o
    0x080017e8   0x00000002   Code   RO          638    i.INT8_11_IRQHandler  SC_it.o
    0x080017ea   0x0000000c   Code   RO            3    i.IcResourceInit    CompCtrlDefine.o
    0x080017f6   0x00000002   PAD
    0x080017f8   0x0000039c   Code   RO         2055    i.KeyT2_Analysis    SC_M0+_HighSensitive_lib_T2_V1.0.lib(tk_keyt2.o)
    0x08001b94   0x0000005c   Code   RO          975    i.LCD_WR_DATA       TFT_Lcd.o
    0x08001bf0   0x0000002c   Code   RO          976    i.LCD_WR_REG        TFT_Lcd.o
    0x08001c1c   0x00000002   Code   RO          639    i.LEDPWM_IRQHandler  SC_it.o
    0x08001c1e   0x00000002   PAD
    0x08001c20   0x00000224   Code   RO          977    i.Lcd_Init          TFT_Lcd.o
    0x08001e44   0x00000002   Code   RO          642    i.PWM0_IRQHandler   SC_it.o
    0x08001e46   0x00000002   PAD
    0x08001e48   0x0000000c   Code   RO         1505    i.Printf_UartInit   sc32f1xxx_uart.o
    0x08001e54   0x00000028   Code   RO         1656    i.RCC_APB1Cmd       sc32f1xxx_rcc.o
    0x08001e7c   0x0000001c   Code   RO         1657    i.RCC_APB1Config    sc32f1xxx_rcc.o
    0x08001e98   0x00000020   Code   RO         1658    i.RCC_APB1PeriphClockCmd  sc32f1xxx_rcc.o
    0x08001eb8   0x00000028   Code   RO         1660    i.RCC_APB2Cmd       sc32f1xxx_rcc.o
    0x08001ee0   0x0000001c   Code   RO         1661    i.RCC_APB2Config    sc32f1xxx_rcc.o
    0x08001efc   0x00000020   Code   RO         1662    i.RCC_APB2PeriphClockCmd  sc32f1xxx_rcc.o
    0x08001f1c   0x0000001c   Code   RO         1670    i.RCC_HCLKConfig    sc32f1xxx_rcc.o
    0x08001f38   0x00000030   Code   RO         1671    i.RCC_HIRCCmd       sc32f1xxx_rcc.o
    0x08001f68   0x00000034   Code   RO         1672    i.RCC_HIRCDIV1Cmd   sc32f1xxx_rcc.o
    0x08001f9c   0x00000030   Code   RO         1673    i.RCC_HXTCmd        sc32f1xxx_rcc.o
    0x08001fcc   0x00000002   Code   RO          645    i.RCC_IRQHandler    SC_it.o
    0x08001fce   0x00000002   PAD
    0x08001fd0   0x00000034   Code   RO         1674    i.RCC_ITConfig      sc32f1xxx_rcc.o
    0x08002004   0x00000030   Code   RO         1676    i.RCC_LIRCCmd       sc32f1xxx_rcc.o
    0x08002034   0x00000030   Code   RO         1677    i.RCC_LXTCmd        sc32f1xxx_rcc.o
    0x08002064   0x000000c0   Code   RO         1680    i.RCC_SYSCLKConfig  sc32f1xxx_rcc.o
    0x08002124   0x00000048   Code   RO         1681    i.RCC_SystickCLKConfig  sc32f1xxx_rcc.o
    0x0800216c   0x00000024   Code   RO         1682    i.RCC_SystickCmd    sc32f1xxx_rcc.o
    0x08002190   0x0000001c   Code   RO         1684    i.RCC_SystickSetCounter  sc32f1xxx_rcc.o
    0x080021ac   0x00000018   Code   RO         1685    i.RCC_Unlock        sc32f1xxx_rcc.o
    0x080021c4   0x0000011c   Code   RO          225    i.SC_GPIO_Init      SC_Init.o
    0x080022e0   0x0000001c   Code   RO          228    i.SC_Init           SC_Init.o
    0x080022fc   0x00000002   Code   RO          237    i.SC_OPTION_Init    SC_Init.o
    0x080022fe   0x00000054   Code   RO          246    i.SC_RCC_Init       SC_Init.o
    0x08002352   0x00000002   PAD
    0x08002354   0x0000008c   Code   RO          248    i.SC_SPI1_Init      SC_Init.o
    0x080023e0   0x00000026   Code   RO          251    i.SC_SYSTICK_Init   SC_Init.o
    0x08002406   0x00000002   PAD
    0x08002408   0x0000008c   Code   RO          268    i.SC_UART3_Init     SC_Init.o
    0x08002494   0x00000020   Code   RO         2070    i.SET_TOUCH         SC_M0+_HighSensitive_lib_Basic_V1.0.lib(tk_basekeydeal.o)
    0x080024b4   0x0000001c   Code   RO         1400    i.SPI_Cmd           sc32f1xxx_spi.o
    0x080024d0   0x0000001a   Code   RO         1401    i.SPI_DMACmd        sc32f1xxx_spi.o
    0x080024ea   0x00000012   Code   RO         1402    i.SPI_DataSizeConfig  sc32f1xxx_spi.o
    0x080024fc   0x0000001a   Code   RO         1405    i.SPI_ITConfig      sc32f1xxx_spi.o
    0x08002516   0x00000002   PAD
    0x08002518   0x00000030   Code   RO         1406    i.SPI_Init          sc32f1xxx_spi.o
    0x08002548   0x00000030   Code   RO         1407    i.SPI_PinRemapConfig  sc32f1xxx_spi.o
    0x08002578   0x00000004   Code   RO         1410    i.SPI_SendData      sc32f1xxx_spi.o
    0x0800257c   0x00000002   Code   RO          650    i.SysTick_IRQHandler  SC_it.o
    0x0800257e   0x00000002   PAD
    0x08002580   0x00000090   Code   RO          174    i.Sys_Scan          SysFunVarDefine.o
    0x08002610   0x00000010   Code   RO          927    i.SystemInit        system_sc32f1xxx.o
    0x08002620   0x00000002   Code   RO          651    i.TIMER0_IRQHandler  SC_it.o
    0x08002622   0x00000002   Code   RO          652    i.TIMER1_IRQHandler  SC_it.o
    0x08002624   0x00000002   Code   RO          653    i.TIMER2_IRQHandler  SC_it.o
    0x08002626   0x00000002   Code   RO          654    i.TIMER3_IRQHandler  SC_it.o
    0x08002628   0x00000002   Code   RO          655    i.TIMER4_5_IRQHandler  SC_it.o
    0x0800262a   0x00000002   Code   RO          656    i.TIMER6_7_IRQHandler  SC_it.o
    0x0800262c   0x00000024   Code   RO         1119    i.TKCLK_Init        TKDriver.o
    0x08002650   0x0000006c   Code   RO         1120    i.TKSlideModuleCHIs  TKDriver.o
    0x080026bc   0x00000260   Code   RO         2034    i.TKSlideModuleSensorRenovate  SC_M0+_HighSensitive_lib_Slider_V1.0.lib(tk_slider.o)
    0x0800291c   0x00000014   Code   RO         1121    i.TK_CLR_TKIF       TKDriver.o
    0x08002930   0x0000000c   Code   RO         1122    i.TK_CNTGet         TKDriver.o
    0x0800293c   0x0000001c   Code   RO         1123    i.TK_CTIME_SET      TKDriver.o
    0x08002958   0x00000024   Code   RO         1124    i.TK_ENTKS_SET      TKDriver.o
    0x0800297c   0x00000008   Code   RO         1125    i.TK_FilterAvergeDeal  TKDriver.o
    0x08002984   0x00000084   Code   RO         2071    i.TK_FilterAvergeDeal_Normal  SC_M0+_HighSensitive_lib_Basic_V1.0.lib(tk_basekeydeal.o)
    0x08002a08   0x00000008   Code   RO         1126    i.TK_FilterCommCode  TKDriver.o
    0x08002a10   0x00000064   Code   RO         2073    i.TK_FilterCommCodeT2  SC_M0+_HighSensitive_lib_Basic_V1.0.lib(tk_basekeydeal.o)
    0x08002a74   0x0000000c   Code   RO         1127    i.TK_FilterDataDeal  TKDriver.o
    0x08002a80   0x0000002c   Code   RO         1128    i.TK_FilterIIRInit  TKDriver.o
    0x08002aac   0x00000010   Code   RO         1129    i.TK_GetBaseLineAdjustValue  TKDriver.o
    0x08002abc   0x0000000c   Code   RO         1130    i.TK_GetBaselineUpdateThreshold  TKDriver.o
    0x08002ac8   0x0000006c   Code   RO         1131    i.TK_GetCfgMsg      TKDriver.o
    0x08002b34   0x00000024   Code   RO         1133    i.TK_GetCurrFingerValue  TKDriver.o
    0x08002b58   0x0000000c   Code   RO         1134    i.TK_GetInitAutoUpdateTime  TKDriver.o
    0x08002b64   0x0000000c   Code   RO         2074    i.TK_GetIsNeedUpdateBaseline  SC_M0+_HighSensitive_lib_Basic_V1.0.lib(tk_basekeydeal.o)
    0x08002b70   0x00000014   Code   RO         1135    i.TK_GetScanTimeValue  TKDriver.o
    0x08002b84   0x0000000c   Code   RO         1138    i.TK_GetUpConfirmCnt  TKDriver.o
    0x08002b90   0x00000018   Code   RO         1139    i.TK_ICHAC_SET      TKDriver.o
    0x08002ba8   0x0000001c   Code   RO         1140    i.TK_ICHA_SET       TKDriver.o
    0x08002bc4   0x0000001c   Code   RO         1141    i.TK_ICHGC_SET      TKDriver.o
    0x08002be0   0x00000018   Code   RO         1142    i.TK_ICHG_SET       TKDriver.o
    0x08002bf8   0x00000024   Code   RO         1143    i.TK_IRQHandler     TKDriver.o
    0x08002c1c   0x000000e8   Code   RO         2075    i.TK_Init           SC_M0+_HighSensitive_lib_Basic_V1.0.lib(tk_basekeydeal.o)
    0x08002d04   0x0000002c   Code   RO         1144    i.TK_InitializeBaselines  TKDriver.o
    0x08002d30   0x00000064   Code   RO         1145    i.TK_InitializeSensorFlag  TKDriver.o
    0x08002d94   0x00000028   Code   RO         1147    i.TK_MOD_SET        TKDriver.o
    0x08002dbc   0x00000138   Code   RO         2076    i.TK_MultipleDeal   SC_M0+_HighSensitive_lib_Basic_V1.0.lib(tk_basekeydeal.o)
    0x08002ef4   0x00000024   Code   RO         1148    i.TK_PRSC_SET       TKDriver.o
    0x08002f18   0x00000024   Code   RO         1149    i.TK_PRS_SET        TKDriver.o
    0x08002f3c   0x00000008   Code   RO         2077    i.TK_Restart        SC_M0+_HighSensitive_lib_Basic_V1.0.lib(tk_basekeydeal.o)
    0x08002f44   0x000000c0   Code   RO         1150    i.TK_SensorKeyFlag  TKDriver.o
    0x08003004   0x0000000c   Code   RO         2078    i.TK_SetNeedUpdateBaseline  SC_M0+_HighSensitive_lib_Basic_V1.0.lib(tk_basekeydeal.o)
    0x08003010   0x0000000c   Code   RO         1151    i.TK_SetOneKeyPushResetTime  TKDriver.o
    0x0800301c   0x00000098   Code   RO         2079    i.TK_SingleChannel_ICHAAdjust  SC_M0+_HighSensitive_lib_Basic_V1.0.lib(tk_basekeydeal.o)
    0x080030b4   0x000000c0   Code   RO         1152    i.TK_SingleCurrentSensorChoose  TKDriver.o
    0x08003174   0x00000024   Code   RO         1153    i.TK_TKINT_SET      TKDriver.o
    0x08003198   0x00000010   Code   RO         1154    i.TK_TKIS_SET       TKDriver.o
    0x080031a8   0x0000000c   Code   RO         1155    i.TK_TKTM_SET       TKDriver.o
    0x080031b4   0x00000014   Code   RO         1156    i.TK_TRIG           TKDriver.o
    0x080031c8   0x0000008c   Code   RO         1157    i.TK_TouchKeyCFGInit  TKDriver.o
    0x08003254   0x0000017c   Code   RO         1158    i.TK_TouchKeyScan   TKDriver.o
    0x080033d0   0x0000001c   Code   RO         1159    i.TK_VREF_SET       TKDriver.o
    0x080033ec   0x00000002   Code   RO          659    i.TWIx_QSPIx_0_2_IRQHandler  SC_it.o
    0x080033ee   0x00000002   Code   RO          660    i.TWIx_QSPIx_1_3_IRQHandler  SC_it.o
    0x080033f0   0x000000e0   Code   RO         2080    i.TouchKey_Service  SC_M0+_HighSensitive_lib_Basic_V1.0.lib(tk_basekeydeal.o)
    0x080034d0   0x00000002   Code   RO          661    i.UART0_2_4_IRQHandler  SC_it.o
    0x080034d2   0x00000002   Code   RO          663    i.UART1_3_5_IRQHandler  SC_it.o
    0x080034d4   0x00000004   Code   RO         1506    i.UART_ClearFlag    sc32f1xxx_uart.o
    0x080034d8   0x00000014   Code   RO         1509    i.UART_GetFlagStatus  sc32f1xxx_uart.o
    0x080034ec   0x0000001a   Code   RO         1510    i.UART_ITConfig     sc32f1xxx_uart.o
    0x08003506   0x00000002   PAD
    0x08003508   0x0000004c   Code   RO         1511    i.UART_Init         sc32f1xxx_uart.o
    0x08003554   0x0000001a   Code   RO         1516    i.UART_PinRemapConfig  sc32f1xxx_uart.o
    0x0800356e   0x00000002   PAD
    0x08003570   0x0000001c   Code   RO         1517    i.UART_RXCmd        sc32f1xxx_uart.o
    0x0800358c   0x00000008   Code   RO         1520    i.UART_SendData     sc32f1xxx_uart.o
    0x08003594   0x0000001c   Code   RO         1521    i.UART_TXCmd        sc32f1xxx_uart.o
    0x080035b0   0x00000060   Code   RO          175    i.UpdateDisplay     SysFunVarDefine.o
    0x08003610   0x0000000e   Code   RO         2081    i.Usdelay           SC_M0+_HighSensitive_lib_Basic_V1.0.lib(tk_basekeydeal.o)
    0x0800361e   0x0000001c   Code   RO          203    i.__ARM_common_switch8  SysFunVarDefine.o
    0x0800363a   0x00000002   PAD
    0x0800363c   0x00000078   Code   RO          273    i.__NVIC_SetPriority  SC_Init.o
    0x080036b4   0x00000004   Code   RO         1522    i._sys_exit         sc32f1xxx_uart.o
    0x080036b8   0x0000000c   Code   RO          980    i.delay_ms          TFT_Lcd.o
    0x080036c4   0x00000034   Code   RO         1523    i.fputc             sc32f1xxx_uart.o
    0x080036f8   0x00000010   Code   RO          895    i.main              main.o
    0x08003708   0x0000008c   Code   RO         2223    x$fpl$fadd          fz_ps.l(faddsub.o)
    0x08003794   0x00000054   Code   RO         2238    x$fpl$fleqf         fz_ps.l(flef.o)
    0x080037e8   0x000000b0   Code   RO         2240    x$fpl$fmul          fz_ps.l(fmul.o)
    0x08003898   0x000000d0   Code   RO         2225    x$fpl$fsub          fz_ps.l(faddsub.o)
    0x08003968   0x00000000   Code   RO         2258    x$fpl$usenofp       fz_ps.l(usenofp.o)
    0x08003968   0x0000009b   Data   RO         1161    .constdata          TKDriver.o
    0x08003a03   0x00000080   Data   RO         2213    .constdata          fz_ps.l(ddiv.o)
    0x08003a83   0x00000040   Data   RO         2230    .constdata          fz_ps.l(fdiv.o)
    0x08003ac3   0x00000001   PAD
    0x08003ac4   0x00000020   Data   RO         2431    Region$$Table       anon$$obj.o


    Execution Region RW_IRAM1 (Base: 0x20000000, Size: 0x00000780, Max: 0x00008000, ABSOLUTE)

    Base Addr    Size         Type   Attr      Idx    E Section Name        Object

    0x20000000   0x00000018   Data   RW          176    .data               SysFunVarDefine.o
    0x20000018   0x00000088   Data   RW         1162    .data               TKDriver.o
    0x200000a0   0x00000008   Data   RW         1524    .data               sc32f1xxx_uart.o
    0x200000a8   0x00000001   Data   RW         2082    .data               SC_M0+_HighSensitive_lib_Basic_V1.0.lib(tk_basekeydeal.o)
    0x200000a9   0x00000003   PAD
    0x200000ac   0x00000070   Zero   RW         1160    .bss                TKDriver.o
    0x2000011c   0x00000060   Zero   RW         2306    .bss                c_p.l(libspace.o)
    0x2000017c   0x00000004   PAD
    0x20000180   0x00000200   Zero   RW         2027    HEAP                startup_sc32r803.o
    0x20000380   0x00000400   Zero   RW         2026    STACK               startup_sc32r803.o


==============================================================================

Image component sizes


      Code (inc. data)   RO Data    RW Data    ZI Data      Debug   Object Name

        12          0          0          0          0     105285   CompCtrlDefine.o
       836         42          0          0          0      14453   SC_Init.o
        50          0          0          0          0      11402   SC_it.o
       432         72          0         24          0       2296   SysFunVarDefine.o
       696         18          0          0          0       2433   TFT_Lcd.o
      1972        328        155        136        112      38717   TKDriver.o
        16          0          0          0          0        483   main.o
       146          0          0          0          0       1827   sc32f1xxx_gpio.o
       876        104          0          0          0      10784   sc32f1xxx_rcc.o
       198         20          0          0          0       4786   sc32f1xxx_spi.o
       284         26          0          8          0       8814   sc32f1xxx_uart.o
       240        110        192          0       1536        856   startup_sc32r803.o
        16          6          0          0          0        469   system_sc32f1xxx.o

    ----------------------------------------------------------------------
      5802        726        379        168       1648     202605   Object Totals
         0          0         32          0          0          0   (incl. Generated)
        28          0          0          0          0          0   (incl. Padding)

    ----------------------------------------------------------------------

      Code (inc. data)   RO Data    RW Data    ZI Data      Debug   Library Member Name

      1322        168          0          1          0       7899   tk_basekeydeal.o
       880         46          0          0          0       6734   tk_slider.o
       924         74          0          0          0       1965   tk_keyt2.o
         8          0          0          0          0         68   __main.o
       108          0          0          0          0         76   __printf.o
         0          0          0          0          0          0   __rtentry.o
        12          0          0          0          0          0   __rtentry2.o
         6          0          0          0          0          0   __rtentry4.o
        60          8          0          0          0          0   __scatter.o
        26          0          0          0          0          0   __scatter_copy.o
        28          0          0          0          0          0   __scatter_zi.o
        48          6          0          0          0         88   _printf_char_common.o
        40          6          0          0          0         72   _printf_char_file.o
        10          0          0          0          0          0   _printf_d.o
       108         18          0          0          0         76   _printf_dec.o
       176          0          0          0          0         84   _printf_intcommon.o
         2          0          0          0          0          0   _printf_percent.o
         4          0          0          0          0          0   _printf_percent_end.o
       346          0          0          0          0         92   aeabi_sdiv.o
        16          0          0          0          0         68   exit.o
         8          0          0          0          0         60   ferror.o
         6          0          0          0          0        136   heapauxi.o
         2          0          0          0          0          0   libinit.o
         2          0          0          0          0          0   libinit2.o
         2          0          0          0          0          0   libshutdown.o
         2          0          0          0          0          0   libshutdown2.o
         8          4          0          0         96         68   libspace.o
        32          0          0          0          0         68   llshl.o
        28          6          0          0          0         84   noretval__2printf.o
         2          0          0          0          0          0   rtexit.o
        10          0          0          0          0          0   rtexit2.o
        40          0          0          0          0         60   rtudiv10.o
        62          0          0          0          0         80   sys_stackheap_outer.o
         2          0          0          0          0         68   use_no_semi.o
         2          0          0          0          0         68   use_no_semi_2.o
        46          0          0          0          0         60   cmpret.o
       124          4          0          0          0         72   d2f.o
       856         20          0          0          0        208   daddsub.o
      1096         26        128          0          0        112   ddiv.o
        88          0          0          0          0         92   dflti.o
       584         26          0          0          0         84   dmul.o
        96         12          0          0          0         72   dscalbn.o
        84          4          0          0          0         60   f2d.o
       348          8          0          0          0        160   faddsub.o
       100          4          0          0          0         68   fcmpin.o
       352         10         64          0          0         92   fdiv.o
        76          0          0          0          0         68   ffixi.o
        48          0          0          0          0         60   ffixui.o
        94          0          0          0          0         92   fflti.o
        84          4          0          0          0         76   flef.o
       176          4          0          0          0         80   fmul.o
        16          6          0          0          0         68   fnan2.o
        94          0          0          0          0         68   retnan.o
         0          0          0          0          0          0   usenofp.o

    ----------------------------------------------------------------------
      8702        464        193          4        100      19506   Library Totals
         8          0          1          3          4          0   (incl. Padding)

    ----------------------------------------------------------------------

      Code (inc. data)   RO Data    RW Data    ZI Data      Debug   Library Name

      1322        168          0          1          0       7899   SC_M0+_HighSensitive_lib_Basic_V1.0.lib
       880         46          0          0          0       6734   SC_M0+_HighSensitive_lib_Slider_V1.0.lib
       924         74          0          0          0       1965   SC_M0+_HighSensitive_lib_T2_V1.0.lib
      1206         48          0          0         96       1316   c_p.l
      4362        128        192          0          0       1592   fz_ps.l

    ----------------------------------------------------------------------
      8702        464        193          4        100      19506   Library Totals

    ----------------------------------------------------------------------

==============================================================================


      Code (inc. data)   RO Data    RW Data    ZI Data      Debug   

     14504       1190        572        172       1748     215107   Grand Totals
     14504       1190        572        172       1748     215107   ELF Image Totals
     14504       1190        572        172          0          0   ROM Totals

==============================================================================

    Total RO  Size (Code + RO Data)                15076 (  14.72kB)
    Total RW  Size (RW Data + ZI Data)              1920 (   1.88kB)
    Total ROM Size (Code + RO Data + RW Data)      15248 (  14.89kB)

==============================================================================

