Component: ARM Compiler 5.06 update 5 (build 528) Tool: armlink [4d35e2]

==============================================================================

Section Cross References

    sc_it.o(i.DMA0_IRQHandler) refers to sc32f1xxx_dma.o(i.DMA_GetFlagStatus) for DMA_GetFlagStatus
    sc_it.o(i.DMA0_IRQHandler) refers to sc32f1xxx_dma.o(i.DMA_ClearFlag) for DMA_ClearFlag
    sc_it.o(i.DMA0_IRQHandler) refers to sc32f1xxx_dma.o(i.DMA_Cmd) for DMA_Cmd
    sc_it.o(i.DMA0_IRQHandler) refers to sc32f1xxx_adc.o(i.ADC_SetChannel) for ADC_SetChannel
    sc_it.o(i.DMA0_IRQHandler) refers to sc32f1xxx_dma.o(i.DMA_SetDstAddress) for DMA_SetDstAddress
    sc_it.o(i.DMA0_IRQHandler) refers to sc32f1xxx_dma.o(i.DMA_SetCurrDataCounter) for DMA_SetCurrDataCounter
    sc_it.o(i.DMA0_IRQHandler) refers to sc32f1xxx_adc.o(i.ADC_SoftwareStartConv) for ADC_SoftwareStartConv
    sc_it.o(i.DMA0_IRQHandler) refers to data_acquisition.o(.data) for Current_Ch_Index
    sc_it.o(i.DMA0_IRQHandler) refers to data_acquisition.o(.bss) for Acq_Data
    sc_it.o(i.TIMER0_IRQHandler) refers to sc32f1xxx_tim.o(i.TIM_GetFlagStatus) for TIM_GetFlagStatus
    sc_it.o(i.TIMER0_IRQHandler) refers to sc32f1xxx_tim.o(i.TIM_ClearFlag) for TIM_ClearFlag
    sc_it.o(i.TIMER0_IRQHandler) refers to sc_it.o(.data) for .data
    sc_it.o(i.TIMER4_5_IRQHandler) refers to sc32f1xxx_tim.o(i.TIM_GetFlagStatus) for TIM_GetFlagStatus
    sc_it.o(i.TIMER4_5_IRQHandler) refers to sc32f1xxx_gpio.o(i.GPIO_ReadDataBit) for GPIO_ReadDataBit
    sc_it.o(i.TIMER4_5_IRQHandler) refers to sc32f1xxx_tim.o(i.TIM_ClearFlag) for TIM_ClearFlag
    sc_it.o(i.TIMER4_5_IRQHandler) refers to sc_it.o(.data) for .data
    sc_it.o(i.TIMER6_7_IRQHandler) refers to sc32f1xxx_tim.o(i.TIM_GetFlagStatus) for TIM_GetFlagStatus
    sc_it.o(i.TIMER6_7_IRQHandler) refers to sc32f1xxx_gpio.o(i.GPIO_ReadDataBit) for GPIO_ReadDataBit
    sc_it.o(i.TIMER6_7_IRQHandler) refers to sc32f1xxx_tim.o(i.TIM_ClearFlag) for TIM_ClearFlag
    sc_it.o(i.TIMER6_7_IRQHandler) refers to sc_it.o(.data) for .data
    sc_it.o(i.UART1_3_5_IRQHandler) refers to main.o(i.UART3_receive_Packet) for UART3_receive_Packet
    sc_it.o(i.UART1_3_5_IRQHandler) refers to sc32f1xxx_uart.o(i.UART_ClearFlag) for UART_ClearFlag
    compctrldefine.o(i.IcResourceInit) refers to sc_init.o(i.SC_Init) for SC_Init
    compctrldefine.o(i.IcResourceInit) refers to tk_basekeydeal.o(i.TK_Init) for TK_Init
    sysfunvardefine.o(i.ChangeTouchKeyvalue) refers to sysfunvardefine.o(.data) for .data
    sysfunvardefine.o(i.Sys_Scan) refers to tk_basekeydeal.o(i.TK_Restart) for TK_Restart
    sysfunvardefine.o(i.Sys_Scan) refers to tkdriver.o(i.TK_TouchKeyScan) for TK_TouchKeyScan
    sysfunvardefine.o(i.Sys_Scan) refers to sysfunvardefine.o(i.ChangeTouchKeyvalue) for ChangeTouchKeyvalue
    sysfunvardefine.o(i.Sys_Scan) refers to sysfunvardefine.o(i.UpdateDisplay) for UpdateDisplay
    sysfunvardefine.o(i.Sys_Scan) refers to tkdriver.o(.data) for TK_TouchKeyStatus
    sysfunvardefine.o(i.Sys_Scan) refers to sysfunvardefine.o(.data) for .data
    sysfunvardefine.o(i.Sys_Scan) refers to tkdriver.o(.data) for TKSlideModuleDealArray
    sysfunvardefine.o(i.UpdateDisplay) refers to sysfunvardefine.o(.data) for .data
    sc_init.o(i.SC_ADC_Init) refers to sc32f1xxx_adc.o(i.ADC_Init) for ADC_Init
    sc_init.o(i.SC_ADC_Init) refers to sc32f1xxx_adc.o(i.ADC_SetChannel) for ADC_SetChannel
    sc_init.o(i.SC_ADC_Init) refers to sc32f1xxx_adc.o(i.ADC_ITConfig) for ADC_ITConfig
    sc_init.o(i.SC_ADC_Init) refers to sc32f1xxx_adc.o(i.ADC_DMACmd) for ADC_DMACmd
    sc_init.o(i.SC_ADC_Init) refers to sc_init.o(i.__NVIC_SetPriority) for __NVIC_SetPriority
    sc_init.o(i.SC_ADC_Init) refers to sc_init.o(i.__NVIC_EnableIRQ) for __NVIC_EnableIRQ
    sc_init.o(i.SC_ADC_Init) refers to sc32f1xxx_adc.o(i.ADC_Cmd) for ADC_Cmd
    sc_init.o(i.SC_GPIO_Init) refers to sc32f1xxx_gpio.o(i.GPIO_Init) for GPIO_Init
    sc_init.o(i.SC_Init) refers to sc_init.o(i.SC_GPIO_Init) for SC_GPIO_Init
    sc_init.o(i.SC_Init) refers to sc_init.o(i.SC_OPTION_Init) for SC_OPTION_Init
    sc_init.o(i.SC_Init) refers to sc_init.o(i.SC_RCC_Init) for SC_RCC_Init
    sc_init.o(i.SC_Init) refers to sc_init.o(i.SC_SYSTICK_Init) for SC_SYSTICK_Init
    sc_init.o(i.SC_Init) refers to sc_init.o(i.SC_UART3_Init) for SC_UART3_Init
    sc_init.o(i.SC_Init) refers to sc_init.o(i.SC_SPI1_Init) for SC_SPI1_Init
    sc_init.o(i.SC_Init) refers to sc_init.o(i.SC_TIM0_Init) for SC_TIM0_Init
    sc_init.o(i.SC_Init) refers to sc_init.o(i.SC_TIM5_Init) for SC_TIM5_Init
    sc_init.o(i.SC_Init) refers to sc_init.o(i.SC_TIM6_Init) for SC_TIM6_Init
    sc_init.o(i.SC_Init) refers to sc_init.o(i.SC_ADC_Init) for SC_ADC_Init
    sc_init.o(i.SC_RCC_Init) refers to sc32f1xxx_rcc.o(i.RCC_Unlock) for RCC_Unlock
    sc_init.o(i.SC_RCC_Init) refers to sc32f1xxx_rcc.o(i.RCC_HXTCmd) for RCC_HXTCmd
    sc_init.o(i.SC_RCC_Init) refers to sc32f1xxx_rcc.o(i.RCC_LXTCmd) for RCC_LXTCmd
[...]
    .data                                    0x20000027   Section       10  global_variables.o(.data)
    .data                                    0x20000031   Section        1  global_variables.o(.data)
    .data                                    0x20000032   Section        1  global_variables.o(.data)
    .data                                    0x20000033   Section        1  global_variables.o(.data)
    .data                                    0x20000034   Section        1  global_variables.o(.data)
    .data                                    0x20000035   Section        1  global_variables.o(.data)
    .data                                    0x20000036   Section        2  global_variables.o(.data)
    .data                                    0x20000038   Section        2  global_variables.o(.data)
    .data                                    0x2000003a   Section        2  global_variables.o(.data)
    .data                                    0x2000003c   Section        2  global_variables.o(.data)
    .data                                    0x2000003e   Section        1  global_variables.o(.data)
    .data                                    0x2000003f   Section        1  global_variables.o(.data)
    .data                                    0x20000040   Section        1  global_variables.o(.data)
    .data                                    0x20000041   Section        1  global_variables.o(.data)
    .data                                    0x20000044   Section       72  global_variables.o(.data)
    .data                                    0x2000008c   Section       72  global_variables.o(.data)
    .data                                    0x200000d4   Section       32  global_variables.o(.data)
    .data                                    0x200000f4   Section       32  global_variables.o(.data)
    .data                                    0x20000114   Section       12  global_variables.o(.data)
    .data                                    0x20000120   Section        2  tkdriver.o(.data)
    .data                                    0x20000122   Section        1  tkdriver.o(.data)
    .data                                    0x20000123   Section        1  tkdriver.o(.data)
    .data                                    0x20000124   Section        1  tkdriver.o(.data)
    .data                                    0x20000128   Section      112  tkdriver.o(.data)
    .data                                    0x20000198   Section        1  tkdriver.o(.data)
    .data                                    0x20000199   Section        1  tkdriver.o(.data)
    .data                                    0x2000019a   Section        1  tkdriver.o(.data)
    .data                                    0x2000019b   Section        1  tkdriver.o(.data)
    .data                                    0x2000019c   Section        1  tkdriver.o(.data)
    .data                                    0x2000019d   Section        1  tkdriver.o(.data)
    .data                                    0x2000019e   Section        1  tkdriver.o(.data)
    .data                                    0x200001a0   Section        8  tkdriver.o(.data)
    .data                                    0x200001a8   Section        2  tkdriver.o(.data)
    .data                                    0x200001aa   Section        1  tk_basekeydeal.o(.data)
    InitSensorCnt                            0x200001aa   Data           1  tk_basekeydeal.o(.data)
    .bss                                     0x200001ac   Section      200  main.o(.bss)
    .bss                                     0x20000274   Section     2000  data_acquisition.o(.bss)
    .bss                                     0x20000a44   Section     2000  global_variables.o(.bss)
    .bss                                     0x20001214   Section     2000  global_variables.o(.bss)
    .bss                                     0x200019e4   Section     2000  global_variables.o(.bss)
    .bss                                     0x200021b4   Section     2000  global_variables.o(.bss)
    .bss                                     0x20002984   Section      112  tkdriver.o(.bss)
    .bss                                     0x200029f4   Section       96  libspace.o(.bss)
    HEAP                                     0x20002a58   Section      512  startup_sc32r803.o(HEAP)
    Heap_Mem                                 0x20002a58   Data         512  startup_sc32r803.o(HEAP)
    STACK                                    0x20002c58   Section     1024  startup_sc32r803.o(STACK)
    Stack_Mem                                0x20002c58   Data        1024  startup_sc32r803.o(STACK)
    __initial_sp                             0x20003058   Data           0  startup_sc32r803.o(STACK)

    Global Symbols

    Symbol Name                              Value     Ov Type        Size  Object(Section)

    BuildAttributes$$THM_ISAv3M$S$PE$A:L22$X:L11$S22$IEEE1$IW$USESV6$~STKCKD$USESV7$~SHL$OSPACE$ROPI$EBA8$UX$STANDARDLIB$REQ8$PRES8$EABIv2 0x00000000   Number         0  anon$$obj.o ABSOLUTE
    __ARM_use_no_argv                        0x00000000   Number         0  main.o ABSOLUTE
    __ARM_exceptions_init                     - Undefined Weak Reference
    __alloca_initialize                       - Undefined Weak Reference
    __arm_preinit_                            - Undefined Weak Reference
    __cpp_initialize__aeabi_                  - Undefined Weak Reference
    __cxa_finalize                            - Undefined Weak Reference
    __rt_locale                               - Undefined Weak Reference
    __sigvec_lookup                           - Undefined Weak Reference
    _atexit_init                              - Undefined Weak Reference
    _call_atexit_fns                          - Undefined Weak Reference
    _clock_init                               - Undefined Weak Reference
    _fp_trap_init                             - Undefined Weak Reference
    _fp_trap_shutdown                         - Undefined Weak Reference
    _get_lc_collate                           - Undefined Weak Reference
    _get_lc_ctype                             - Undefined Weak Reference
    _get_lc_monetary                          - Undefined Weak Reference
    _get_lc_numeric                           - Undefined Weak Reference
    _get_lc_time                              - Undefined Weak Reference
    _getenv_init                              - Undefined Weak Reference
    _handle_redirection                       - Undefined Weak Reference
    _init_alloc                               - Undefined Weak Reference
    _init_user_alloc                          - Undefined Weak Reference
    _initio                                   - Undefined Weak Reference
    _rand_init                                - Undefined Weak Reference
    _signal_finish                            - Undefined Weak Reference
    _signal_init                              - Undefined Weak Reference
    _terminate_alloc                          - Undefined Weak Reference
    _terminate_user_alloc                     - Undefined Weak Reference
    _terminateio                              - Undefined Weak Reference
    __Vectors_Size                           0x000000c0   Number         0  startup_sc32r803.o ABSOLUTE
    __Vectors                                0x08000000   Data           4  startup_sc32r803.o(RESET)
    __Vectors_End                            0x080000c0   Data           0  startup_sc32r803.o(RESET)
    __main                                   0x080000c1   Thumb Code     8  __main.o(!!!main)
    __scatterload                            0x080000c9   Thumb Code     0  __scatter.o(!!!scatter)
    __scatterload_rt2                        0x080000c9   Thumb Code    52  __scatter.o(!!!scatter)
    __scatterload_rt2_thumb_only             0x080000c9   Thumb Code     0  __scatter.o(!!!scatter)
    __scatterload_null                       0x080000d9   Thumb Code     0  __scatter.o(!!!scatter)
    __scatterload_zeroinit                   0x08000105   Thumb Code    28  __scatter_zi.o(!!handler_zi)
    __rt_lib_init                            0x08000121   Thumb Code     0  libinit.o(.ARM.Collect$$libinit$$00000000)
    __rt_lib_init_alloca_1                   0x08000123   Thumb Code     0  libinit2.o(.ARM.Collect$$libinit$$0000002E)
    __rt_lib_init_argv_1                     0x08000123   Thumb Code     0  libinit2.o(.ARM.Collect$$libinit$$0000002C)
    __rt_lib_init_atexit_1                   0x08000123   Thumb Code     0  libinit2.o(.ARM.Collect$$libinit$$0000001B)
    __rt_lib_init_clock_1                    0x08000123   Thumb Code     0  libinit2.o(.ARM.Collect$$libinit$$00000021)
    __rt_lib_init_cpp_1                      0x08000123   Thumb Code     0  libinit2.o(.ARM.Collect$$libinit$$00000032)
    __rt_lib_init_exceptions_1               0x08000123   Thumb Code     0  libinit2.o(.ARM.Collect$$libinit$$00000030)
    __rt_lib_init_fp_1                       0x08000123   Thumb Code     0  libinit2.o(.ARM.Collect$$libinit$$00000002)
    __rt_lib_init_fp_trap_1                  0x08000123   Thumb Code     0  libinit2.o(.ARM.Collect$$libinit$$0000001F)
    __rt_lib_init_getenv_1                   0x08000123   Thumb Code     0  libinit2.o(.ARM.Collect$$libinit$$00000023)
    __rt_lib_init_heap_1                     0x08000123   Thumb Code     0  libinit2.o(.ARM.Collect$$libinit$$0000000A)
    __rt_lib_init_lc_collate_1               0x08000123   Thumb Code     0  libinit2.o(.ARM.Collect$$libinit$$00000011)
    __rt_lib_init_lc_ctype_1                 0x08000123   Thumb Code     0  libinit2.o(.ARM.Collect$$libinit$$00000013)
    __rt_lib_init_lc_monetary_1              0x08000123   Thumb Code     0  libinit2.o(.ARM.Collect$$libinit$$00000015)
    __rt_lib_init_lc_numeric_1               0x08000123   Thumb Code     0  libinit2.o(.ARM.Collect$$libinit$$00000017)
    __rt_lib_init_lc_time_1                  0x08000123   Thumb Code     0  libinit2.o(.ARM.Collect$$libinit$$00000019)
    __rt_lib_init_preinit_1                  0x08000123   Thumb Code     0  libinit2.o(.ARM.Collect$$libinit$$00000004)
    __rt_lib_init_rand_1                     0x08000123   Thumb Code     0  libinit2.o(.ARM.Collect$$libinit$$0000000E)
    __rt_lib_init_return                     0x08000123   Thumb Code     0  libinit2.o(.ARM.Collect$$libinit$$00000033)
    __rt_lib_init_signal_1                   0x08000123   Thumb Code     0  libinit2.o(.ARM.Collect$$libinit$$0000001D)
    __rt_lib_init_stdio_1                    0x08000123   Thumb Code     0  libinit2.o(.ARM.Collect$$libinit$$00000025)
    __rt_lib_init_user_alloc_1               0x08000123   Thumb Code     0  libinit2.o(.ARM.Collect$$libinit$$0000000C)
    __rt_lib_shutdown                        0x08000125   Thumb Code     0  libshutdown.o(.ARM.Collect$$libshutdown$$00000000)
    __rt_lib_shutdown_cpp_1                  0x08000127   Thumb Code     0  libshutdown2.o(.ARM.Collect$$libshutdown$$00000002)
    __rt_lib_shutdown_fp_trap_1              0x08000127   Thumb Code     0  libshutdown2.o(.ARM.Collect$$libshutdown$$00000007)
    __rt_lib_shutdown_heap_1                 0x08000127   Thumb Code     0  libshutdown2.o(.ARM.Collect$$libshutdown$$0000000F)
    __rt_lib_shutdown_return                 0x08000127   Thumb Code     0  libshutdown2.o(.ARM.Collect$$libshutdown$$00000010)
    __rt_lib_shutdown_signal_1               0x08000127   Thumb Code     0  libshutdown2.o(.ARM.Collect$$libshutdown$$0000000A)
    __rt_lib_shutdown_stdio_1                0x08000127   Thumb Code     0  libshutdown2.o(.ARM.Collect$$libshutdown$$00000004)
    __rt_lib_shutdown_user_alloc_1           0x08000127   Thumb Code     0  libshutdown2.o(.ARM.Collect$$libshutdown$$0000000C)
    __rt_entry                               0x08000129   Thumb Code     0  __rtentry.o(.ARM.Collect$$rtentry$$00000000)
    __rt_entry_presh_1                       0x08000129   Thumb Code     0  __rtentry2.o(.ARM.Collect$$rtentry$$00000002)
    __rt_entry_sh                            0x08000129   Thumb Code     0  __rtentry4.o(.ARM.Collect$$rtentry$$00000004)
    __rt_entry_li                            0x0800012f   Thumb Code     0  __rtentry2.o(.ARM.Collect$$rtentry$$0000000A)
    __rt_entry_postsh_1                      0x0800012f   Thumb Code     0  __rtentry2.o(.ARM.Collect$$rtentry$$00000009)
    __rt_entry_main                          0x08000133   Thumb Code     0  __rtentry2.o(.ARM.Collect$$rtentry$$0000000D)
    __rt_entry_postli_1                      0x08000133   Thumb Code     0  __rtentry2.o(.ARM.Collect$$rtentry$$0000000C)
    __rt_exit                                0x0800013b   Thumb Code     0  rtexit.o(.ARM.Collect$$rtexit$$00000000)
    __rt_exit_ls                             0x0800013d   Thumb Code     0  rtexit2.o(.ARM.Collect$$rtexit$$00000003)
    __rt_exit_prels_1                        0x0800013d   Thumb Code     0  rtexit2.o(.ARM.Collect$$rtexit$$00000002)
    __rt_exit_exit                           0x08000141   Thumb Code     0  rtexit2.o(.ARM.Collect$$rtexit$$00000004)
    Reset_Handler                            0x08000149   Thumb Code   100  startup_sc32r803.o(.text)
    NMI_Handler                              0x080001ad   Thumb Code     2  startup_sc32r803.o(.text)
    HardFault_Handler                        0x080001af   Thumb Code     2  startup_sc32r803.o(.text)
    MemManage_Handler                        0x080001b1   Thumb Code     2  startup_sc32r803.o(.text)
    BusFault_Handler                         0x080001b3   Thumb Code     2  startup_sc32r803.o(.text)
    UsageFault_Handler                       0x080001b5   Thumb Code     2  startup_sc32r803.o(.text)
    SVC_Handler                              0x080001b7   Thumb Code     2  startup_sc32r803.o(.text)
    DebugMon_Handler                         0x080001b9   Thumb Code     2  startup_sc32r803.o(.text)
    PendSV_Handler                           0x080001bb   Thumb Code     2  startup_sc32r803.o(.text)
    BTM_IRQHandler                           0x080001bf   Thumb Code     0  startup_sc32r803.o(.text)
    __user_initial_stackheap                 0x080001c1   Thumb Code     0  startup_sc32r803.o(.text)
    __aeabi_llsl                             0x08000239   Thumb Code    32  llshl.o(.text)
    _ll_shift_l                              0x08000239   Thumb Code     0  llshl.o(.text)
    __aeabi_uidiv                            0x08000259   Thumb Code     0  aeabi_sdiv.o(.text)
    __aeabi_uidivmod                         0x08000259   Thumb Code    20  aeabi_sdiv.o(.text)
    __aeabi_idiv                             0x0800026d   Thumb Code     0  aeabi_sdiv.o(.text)
    __aeabi_idivmod                          0x0800026d   Thumb Code   326  aeabi_sdiv.o(.text)
    __use_two_region_memory                  0x080003b3   Thumb Code     2  heapauxi.o(.text)
    __rt_heap_escrow$2region                 0x080003b5   Thumb Code     2  heapauxi.o(.text)
    __rt_heap_expand$2region                 0x080003b7   Thumb Code     2  heapauxi.o(.text)
    __aeabi_d2f                              0x080003b9   Thumb Code     0  d2f.o(.text)
    _d2f                                     0x080003b9   Thumb Code   120  d2f.o(.text)
    __aeabi_dadd                             0x0800072d   Thumb Code     0  daddsub.o(.text)
    _dadd                                    0x0800072d   Thumb Code    26  daddsub.o(.text)
    __aeabi_dsub                             0x08000747   Thumb Code     0  daddsub.o(.text)
    _dsub                                    0x08000747   Thumb Code    22  daddsub.o(.text)
    __aeabi_drsub                            0x0800075d   Thumb Code     0  daddsub.o(.text)
    _drsb                                    0x0800075d   Thumb Code    28  daddsub.o(.text)
    __aeabi_ddiv                             0x0800078d   Thumb Code     0  ddiv.o(.text)
    _ddiv                                    0x0800078d   Thumb Code  1072  ddiv.o(.text)
    _drdiv                                   0x08000bbd   Thumb Code    20  ddiv.o(.text)
    __aeabi_i2d_normalise                    0x08000bd5   Thumb Code    66  dflti.o(.text)
    __aeabi_i2d                              0x08000c17   Thumb Code    16  dflti.o(.text)
    _dflt                                    0x08000c17   Thumb Code     0  dflti.o(.text)
    __aeabi_ui2d                             0x08000c27   Thumb Code     6  dflti.o(.text)
    _dfltu                                   0x08000c27   Thumb Code     0  dflti.o(.text)
    __aeabi_dmul                             0x08000c2d   Thumb Code     0  dmul.o(.text)
    _dmul                                    0x08000c2d   Thumb Code   558  dmul.o(.text)
    __ARM_scalbn                             0x08000e75   Thumb Code    84  dscalbn.o(.text)
    __aeabi_f2d                              0x08000ed5   Thumb Code     0  f2d.o(.text)
    _f2d                                     0x08000ed5   Thumb Code    80  f2d.o(.text)
    __aeabi_fdiv                             0x08000f29   Thumb Code     0  fdiv.o(.text)
    _fdiv                                    0x08000f29   Thumb Code   334  fdiv.o(.text)
    _frdiv                                   0x08001077   Thumb Code     8  fdiv.o(.text)
    __aeabi_f2iz                             0x08001089   Thumb Code     0  ffixi.o(.text)
    _ffix                                    0x08001089   Thumb Code    76  ffixi.o(.text)
    __aeabi_f2uiz                            0x080010d5   Thumb Code     0  ffixui.o(.text)
    _ffixu                                   0x080010d5   Thumb Code    48  ffixui.o(.text)
    __aeabi_i2f_normalise                    0x08001105   Thumb Code    72  fflti.o(.text)
    __aeabi_i2f                              0x0800114d   Thumb Code    16  fflti.o(.text)
    _fflt                                    0x0800114d   Thumb Code     0  fflti.o(.text)
    __aeabi_ui2f                             0x0800115d   Thumb Code     6  fflti.o(.text)
    _ffltu                                   0x0800115d   Thumb Code     0  fflti.o(.text)
    __fpl_fcmp_InfNaN                        0x08001165   Thumb Code    96  fcmpin.o(.text)
    __fpl_cmpreturn                          0x080011c9   Thumb Code    46  cmpret.o(.text)
    __fpl_fcheck_NaN2                        0x080011f9   Thumb Code    10  fnan2.o(.text)
    __user_setup_stackheap                   0x08001209   Thumb Code    62  sys_stackheap_outer.o(.text)
    exit                                     0x08001247   Thumb Code    16  exit.o(.text)
    __fpl_return_NaN                         0x08001257   Thumb Code    94  retnan.o(.text)
    __user_libspace                          0x080012b5   Thumb Code     8  libspace.o(.text)
    __user_perproc_libspace                  0x080012b5   Thumb Code     0  libspace.o(.text)
    __user_perthread_libspace                0x080012b5   Thumb Code     0  libspace.o(.text)
    _sys_exit                                0x080012bd   Thumb Code     8  sys_exit.o(.text)
    __I$use$semihosting                      0x080012c9   Thumb Code     0  use_no_semi.o(.text)
    __use_no_semihosting_swi                 0x080012c9   Thumb Code     2  use_no_semi.o(.text)
    __decompress                             0x080012cb   Thumb Code     0  __dczerorl2.o(.text)
    __decompress1                            0x080012cb   Thumb Code    86  __dczerorl2.o(.text)
    __semihosting_library_function           0x080012cb   Thumb Code     0  indicate_semi.o(.text)
    ADC_Cmd                                  0x08001321   Thumb Code    24  sc32f1xxx_adc.o(i.ADC_Cmd)
    ADC_DMACmd                               0x08001339   Thumb Code    24  sc32f1xxx_adc.o(i.ADC_DMACmd)
    ADC_DeInit                               0x08001351   Thumb Code    14  sc32f1xxx_adc.o(i.ADC_DeInit)
    ADC_IRQHandler                           0x0800135f   Thumb Code     2  sc_it.o(i.ADC_IRQHandler)
    ADC_ITConfig                             0x08001361   Thumb Code    20  sc32f1xxx_adc.o(i.ADC_ITConfig)
    ADC_Init                                 0x08001375   Thumb Code    28  sc32f1xxx_adc.o(i.ADC_Init)
    ADC_SetChannel                           0x08001395   Thumb Code    12  sc32f1xxx_adc.o(i.ADC_SetChannel)
    ADC_SoftwareStartConv                    0x080013a1   Thumb Code    10  sc32f1xxx_adc.o(i.ADC_SoftwareStartConv)
    ADC_StructInit                           0x080013ab   Thumb Code    16  sc32f1xxx_adc.o(i.ADC_StructInit)
    BaseLineUpdataSW                         0x080013bd   Thumb Code   246  tk_slider.o(i.BaseLineUpdataSW)
    CAN_IRQHandler                           0x080014cd   Thumb Code     2  sc_it.o(i.CAN_IRQHandler)
    CLR_TK_WDT                               0x080014d1   Thumb Code    12  tkdriver.o(i.CLR_TK_WDT)
    CMP_IRQHandler                           0x080014e1   Thumb Code     2  sc_it.o(i.CMP_IRQHandler)
    ChangeTouchKeyvalue                      0x080014e5   Thumb Code   140  sysfunvardefine.o(i.ChangeTouchKeyvalue)
    DMA0_IRQHandler                          0x080015ad   Thumb Code    94  sc_it.o(i.DMA0_IRQHandler)
    DMA1_IRQHandler                          0x08001621   Thumb Code     2  sc_it.o(i.DMA1_IRQHandler)
    DMA2_IRQHandler                          0x08001623   Thumb Code     2  sc_it.o(i.DMA2_IRQHandler)
    DMA3_IRQHandler                          0x08001625   Thumb Code     2  sc_it.o(i.DMA3_IRQHandler)
    DMA_ClearFlag                            0x08001627   Thumb Code     4  sc32f1xxx_dma.o(i.DMA_ClearFlag)
    DMA_Cmd                                  0x0800162b   Thumb Code    22  sc32f1xxx_dma.o(i.DMA_Cmd)
    DMA_DeInit                               0x08001641   Thumb Code    24  sc32f1xxx_dma.o(i.DMA_DeInit)
    DMA_GetFlagStatus                        0x08001659   Thumb Code    14  sc32f1xxx_dma.o(i.DMA_GetFlagStatus)
    DMA_ITConfig                             0x08001667   Thumb Code    20  sc32f1xxx_dma.o(i.DMA_ITConfig)
    DMA_Init                                 0x0800167d   Thumb Code    52  sc32f1xxx_dma.o(i.DMA_Init)
    DMA_SetCurrDataCounter                   0x080016b5   Thumb Code     4  sc32f1xxx_dma.o(i.DMA_SetCurrDataCounter)
    DMA_SetDstAddress                        0x080016b9   Thumb Code     4  sc32f1xxx_dma.o(i.DMA_SetDstAddress)
    DMA_StructInit                           0x080016bd   Thumb Code    18  sc32f1xxx_dma.o(i.DMA_StructInit)
    Data_Acquisition_Init                    0x080016d1   Thumb Code   198  data_acquisition.o(i.Data_Acquisition_Init)
    Data_Acquisition_Start_Next              0x080017b1   Thumb Code    78  data_acquisition.o(i.Data_Acquisition_Start_Next)
    FilterDataDeal_T2                        0x080018a1   Thumb Code    84  tk_basekeydeal.o(i.FilterDataDeal_T2)
    GPIO_Init                                0x080018fd   Thumb Code    98  sc32f1xxx_gpio.o(i.GPIO_Init)
    GPIO_ReadDataBit                         0x0800195f   Thumb Code    14  sc32f1xxx_gpio.o(i.GPIO_ReadDataBit)
    GPIO_SetBits                             0x0800196d   Thumb Code    30  sc32f1xxx_gpio.o(i.GPIO_SetBits)
    INT0_IRQHandler                          0x080019c1   Thumb Code     2  sc_it.o(i.INT0_IRQHandler)
    INT12_15_IRQHandler                      0x080019c3   Thumb Code     2  sc_it.o(i.INT12_15_IRQHandler)
    INT1_7_IRQHandler                        0x080019c5   Thumb Code     2  sc_it.o(i.INT1_7_IRQHandler)
    INT8_11_IRQHandler                       0x080019c7   Thumb Code     2  sc_it.o(i.INT8_11_IRQHandler)
    IcResourceInit                           0x080019c9   Thumb Code    12  compctrldefine.o(i.IcResourceInit)
    KeyT2_Analysis                           0x080019d5   Thumb Code   850  tk_keyt2.o(i.KeyT2_Analysis)
    LCD_Address_Set                          0x08001d71   Thumb Code    62  tft_lcd.o(i.LCD_Address_Set)
    LCD_DrawGrid                             0x08001daf   Thumb Code    70  wave_show_gy.o(i.LCD_DrawGrid)
    LCD_DrawPoint                            0x08001df5   Thumb Code    22  tft_lcd.o(i.LCD_DrawPoint)
    LCD_Fill                                 0x08001e0b   Thumb Code    60  tft_lcd.o(i.LCD_Fill)
    LCD_ShowChar                             0x08001e49   Thumb Code   120  tft_lcd.o(i.LCD_ShowChar)
    LCD_ShowIntNum                           0x08001ec9   Thumb Code   128  tft_lcd.o(i.LCD_ShowIntNum)
    LCD_ShowString                           0x08001f49   Thumb Code    46  tft_lcd.o(i.LCD_ShowString)
    LCD_WR_DATA                              0x08001f79   Thumb Code    68  tft_lcd.o(i.LCD_WR_DATA)
    LCD_WR_REG                               0x08001fc5   Thumb Code    36  tft_lcd.o(i.LCD_WR_REG)
    LEDPWM_IRQHandler                        0x08001fed   Thumb Code     2  sc_it.o(i.LEDPWM_IRQHandler)
    Lcd_Init                                 0x08001ff1   Thumb Code   546  tft_lcd.o(i.Lcd_Init)
    PWM0_IRQHandler                          0x08002219   Thumb Code     2  sc_it.o(i.PWM0_IRQHandler)
    RCC_AHBPeriphClockCmd                    0x0800221d   Thumb Code    22  sc32f1xxx_rcc.o(i.RCC_AHBPeriphClockCmd)
    RCC_AHBPeriphResetCmd                    0x08002239   Thumb Code    22  sc32f1xxx_rcc.o(i.RCC_AHBPeriphResetCmd)
    RCC_APB0Cmd                              0x08002255   Thumb Code    24  sc32f1xxx_rcc.o(i.RCC_APB0Cmd)
    RCC_APB0Config                           0x08002271   Thumb Code    20  sc32f1xxx_rcc.o(i.RCC_APB0Config)
    RCC_APB0PeriphClockCmd                   0x08002289   Thumb Code    22  sc32f1xxx_rcc.o(i.RCC_APB0PeriphClockCmd)
    RCC_APB1Cmd                              0x080022a5   Thumb Code    26  sc32f1xxx_rcc.o(i.RCC_APB1Cmd)
    RCC_APB1Config                           0x080022c5   Thumb Code    20  sc32f1xxx_rcc.o(i.RCC_APB1Config)
    RCC_APB1PeriphClockCmd                   0x080022dd   Thumb Code    22  sc32f1xxx_rcc.o(i.RCC_APB1PeriphClockCmd)
    RCC_APB2Cmd                              0x080022f9   Thumb Code    26  sc32f1xxx_rcc.o(i.RCC_APB2Cmd)
    RCC_APB2Config                           0x08002319   Thumb Code    20  sc32f1xxx_rcc.o(i.RCC_APB2Config)
    RCC_APB2PeriphClockCmd                   0x08002331   Thumb Code    22  sc32f1xxx_rcc.o(i.RCC_APB2PeriphClockCmd)
    RCC_HCLKConfig                           0x0800234d   Thumb Code    20  sc32f1xxx_rcc.o(i.RCC_HCLKConfig)
    RCC_HIRCCmd                              0x08002365   Thumb Code    34  sc32f1xxx_rcc.o(i.RCC_HIRCCmd)
    RCC_HIRCDIV1Cmd                          0x0800238d   Thumb Code    34  sc32f1xxx_rcc.o(i.RCC_HIRCDIV1Cmd)
    RCC_HXTCmd                               0x080023b5   Thumb Code    34  sc32f1xxx_rcc.o(i.RCC_HXTCmd)
    RCC_IRQHandler                           0x080023dd   Thumb Code     2  sc_it.o(i.RCC_IRQHandler)
    RCC_ITConfig                             0x080023e1   Thumb Code    34  sc32f1xxx_rcc.o(i.RCC_ITConfig)
    RCC_LIRCCmd                              0x08002409   Thumb Code    34  sc32f1xxx_rcc.o(i.RCC_LIRCCmd)
    RCC_LXTCmd                               0x08002431   Thumb Code    36  sc32f1xxx_rcc.o(i.RCC_LXTCmd)
    RCC_SYSCLKConfig                         0x08002459   Thumb Code   120  sc32f1xxx_rcc.o(i.RCC_SYSCLKConfig)
    RCC_SystickCLKConfig                     0x080024d9   Thumb Code    50  sc32f1xxx_rcc.o(i.RCC_SystickCLKConfig)
    RCC_SystickCmd                           0x08002515   Thumb Code    26  sc32f1xxx_rcc.o(i.RCC_SystickCmd)
    RCC_SystickSetCounter                    0x08002535   Thumb Code    18  sc32f1xxx_rcc.o(i.RCC_SystickSetCounter)
    RCC_Unlock                               0x08002551   Thumb Code    16  sc32f1xxx_rcc.o(i.RCC_Unlock)
    SC_ADC_Init                              0x08002565   Thumb Code    80  sc_init.o(i.SC_ADC_Init)
    SC_GPIO_Init                             0x080025bd   Thumb Code   246  sc_init.o(i.SC_GPIO_Init)
    SC_Init                                  0x080026c1   Thumb Code    44  sc_init.o(i.SC_Init)
    SC_OPTION_Init                           0x080026ed   Thumb Code     2  sc_init.o(i.SC_OPTION_Init)
    SC_RCC_Init                              0x080026ef   Thumb Code    96  sc_init.o(i.SC_RCC_Init)
    SC_SPI1_Init                             0x08002751   Thumb Code   126  sc_init.o(i.SC_SPI1_Init)
    SC_SYSTICK_Init                          0x080027d9   Thumb Code    38  sc_init.o(i.SC_SYSTICK_Init)
    SC_TIM0_Init                             0x08002801   Thumb Code   152  sc_init.o(i.SC_TIM0_Init)
    SC_TIM5_Init                             0x0800289d   Thumb Code   140  sc_init.o(i.SC_TIM5_Init)
    SC_TIM6_Init                             0x0800292d   Thumb Code   170  sc_init.o(i.SC_TIM6_Init)
    SC_UART3_Init                            0x080029dd   Thumb Code   150  sc_init.o(i.SC_UART3_Init)
    SET_TOUCH                                0x08002a81   Thumb Code    22  tk_basekeydeal.o(i.SET_TOUCH)
    SPI_Cmd                                  0x08002aa1   Thumb Code    24  sc32f1xxx_spi.o(i.SPI_Cmd)
    SPI_DMACmd                               0x08002abd   Thumb Code    24  sc32f1xxx_spi.o(i.SPI_DMACmd)
    SPI_DataSizeConfig                       0x08002ad5   Thumb Code    18  sc32f1xxx_spi.o(i.SPI_DataSizeConfig)
    SPI_ITConfig                             0x08002ae7   Thumb Code    24  sc32f1xxx_spi.o(i.SPI_ITConfig)
    SPI_Init                                 0x08002b01   Thumb Code    42  sc32f1xxx_spi.o(i.SPI_Init)
    SPI_PinRemapConfig                       0x08002b31   Thumb Code    26  sc32f1xxx_spi.o(i.SPI_PinRemapConfig)
    SPI_SendData                             0x08002b55   Thumb Code     4  sc32f1xxx_spi.o(i.SPI_SendData)
    SysTick_IRQHandler                       0x08002b59   Thumb Code     2  sc_it.o(i.SysTick_IRQHandler)
    Sys_Scan                                 0x08002b5d   Thumb Code    62  sysfunvardefine.o(i.Sys_Scan)
    SystemInit                               0x08002ba9   Thumb Code    10  system_sc32f1xxx.o(i.SystemInit)
    TFT_DrawLine                             0x08002bb9   Thumb Code   158  tft_lcd.o(i.TFT_DrawLine)
    TIMER0_IRQHandler                        0x08002c59   Thumb Code    34  sc_it.o(i.TIMER0_IRQHandler)
    TIMER1_IRQHandler                        0x08002c85   Thumb Code     2  sc_it.o(i.TIMER1_IRQHandler)
    TIMER2_IRQHandler                        0x08002c87   Thumb Code     2  sc_it.o(i.TIMER2_IRQHandler)
    TIMER3_IRQHandler                        0x08002c89   Thumb Code     2  sc_it.o(i.TIMER3_IRQHandler)
    TIMER4_5_IRQHandler                      0x08002c8d   Thumb Code   108  sc_it.o(i.TIMER4_5_IRQHandler)
    TIMER6_7_IRQHandler                      0x08002d05   Thumb Code   108  sc_it.o(i.TIMER6_7_IRQHandler)
    TIM_ClearFlag                            0x08002d7d   Thumb Code     4  sc32f1xxx_tim.o(i.TIM_ClearFlag)
    TIM_Cmd                                  0x08002d81   Thumb Code    24  sc32f1xxx_tim.o(i.TIM_Cmd)
    TIM_DMACmd                               0x08002d9d   Thumb Code    24  sc32f1xxx_tim.o(i.TIM_DMACmd)
    TIM_GetFlagStatus                        0x08002db5   Thumb Code    14  sc32f1xxx_tim.o(i.TIM_GetFlagStatus)
    TIM_ICCmd                                0x08002dc5   Thumb Code    24  sc32f1xxx_tim.o(i.TIM_ICCmd)
    TIM_ICInit                               0x08002de1   Thumb Code    22  sc32f1xxx_tim.o(i.TIM_ICInit)
    TIM_ITConfig                             0x08002df7   Thumb Code    24  sc32f1xxx_tim.o(i.TIM_ITConfig)
    TIM_PWMInit                              0x08002e0f   Thumb Code    24  sc32f1xxx_tim.o(i.TIM_PWMInit)
    TIM_PWMSetDuty                           0x08002e27   Thumb Code    16  sc32f1xxx_tim.o(i.TIM_PWMSetDuty)
    TIM_PinRemapConfig                       0x08002e37   Thumb Code    14  sc32f1xxx_tim.o(i.TIM_PinRemapConfig)
    TIM_TIMBaseInit                          0x08002e45   Thumb Code    34  sc32f1xxx_tim.o(i.TIM_TIMBaseInit)
    TKCLK_Init                               0x08002e6d   Thumb Code    18  tkdriver.o(i.TKCLK_Init)
    TKSlideModuleCHIs                        0x08002e85   Thumb Code    68  tkdriver.o(i.TKSlideModuleCHIs)
    TKSlideModuleSensorRenovate              0x08002ecd   Thumb Code   588  tk_slider.o(i.TKSlideModuleSensorRenovate)
    TK_CLR_TKIF                              0x0800312d   Thumb Code    12  tkdriver.o(i.TK_CLR_TKIF)
    TK_CNTGet                                0x0800313d   Thumb Code     8  tkdriver.o(i.TK_CNTGet)
    TK_CTIME_SET                             0x08003149   Thumb Code    20  tkdriver.o(i.TK_CTIME_SET)
    TK_ENTKS_SET                             0x08003161   Thumb Code    24  tkdriver.o(i.TK_ENTKS_SET)
    TK_FilterAvergeDeal                      0x0800317d   Thumb Code     8  tkdriver.o(i.TK_FilterAvergeDeal)
    TK_FilterAvergeDeal_Normal               0x08003185   Thumb Code   110  tk_basekeydeal.o(i.TK_FilterAvergeDeal_Normal)
    TK_FilterCommCode                        0x08003209   Thumb Code     8  tkdriver.o(i.TK_FilterCommCode)
    TK_FilterCommCodeT2                      0x08003211   Thumb Code    90  tk_basekeydeal.o(i.TK_FilterCommCodeT2)
    TK_FilterDataDeal                        0x08003275   Thumb Code     8  tkdriver.o(i.TK_FilterDataDeal)
    TK_FilterIIRInit                         0x0800327d   Thumb Code    32  tkdriver.o(i.TK_FilterIIRInit)
    TK_GetBaseLineAdjustValue                0x080032a5   Thumb Code     8  tkdriver.o(i.TK_GetBaseLineAdjustValue)
    TK_GetBaselineUpdateThreshold            0x080032b1   Thumb Code     4  tkdriver.o(i.TK_GetBaselineUpdateThreshold)
    TK_GetCfgMsg                             0x080032b5   Thumb Code    62  tkdriver.o(i.TK_GetCfgMsg)
    TK_GetCurrFingerValue                    0x080032f9   Thumb Code    20  tkdriver.o(i.TK_GetCurrFingerValue)
    TK_GetInitAutoUpdateTime                 0x08003311   Thumb Code     4  tkdriver.o(i.TK_GetInitAutoUpdateTime)
    TK_GetIsNeedUpdateBaseline               0x08003315   Thumb Code     6  tk_basekeydeal.o(i.TK_GetIsNeedUpdateBaseline)
    TK_GetScanTimeValue                      0x08003321   Thumb Code    12  tkdriver.o(i.TK_GetScanTimeValue)
    TK_GetUpConfirmCnt                       0x08003331   Thumb Code     8  tkdriver.o(i.TK_GetUpConfirmCnt)
    TK_ICHAC_SET                             0x0800333d   Thumb Code    16  tkdriver.o(i.TK_ICHAC_SET)
    TK_ICHA_SET                              0x08003351   Thumb Code    18  tkdriver.o(i.TK_ICHA_SET)
    TK_ICHGC_SET                             0x08003369   Thumb Code    20  tkdriver.o(i.TK_ICHGC_SET)
    TK_ICHG_SET                              0x08003381   Thumb Code    14  tkdriver.o(i.TK_ICHG_SET)
    TK_IRQHandler                            0x08003395   Thumb Code    28  tkdriver.o(i.TK_IRQHandler)
    TK_Init                                  0x080033b5   Thumb Code   202  tk_basekeydeal.o(i.TK_Init)
    TK_InitializeBaselines                   0x0800349d   Thumb Code    32  tkdriver.o(i.TK_InitializeBaselines)
    TK_InitializeSensorFlag                  0x080034c5   Thumb Code    52  tkdriver.o(i.TK_InitializeSensorFlag)
    TK_MOD_SET                               0x08003501   Thumb Code    26  tkdriver.o(i.TK_MOD_SET)
    TK_MultipleDeal                          0x08003521   Thumb Code   276  tk_basekeydeal.o(i.TK_MultipleDeal)
    TK_PRSC_SET                              0x08003659   Thumb Code    24  tkdriver.o(i.TK_PRSC_SET)
    TK_PRS_SET                               0x08003675   Thumb Code    24  tkdriver.o(i.TK_PRS_SET)
    TK_Restart                               0x08003691   Thumb Code     8  tk_basekeydeal.o(i.TK_Restart)
    TK_SensorKeyFlag                         0x08003699   Thumb Code   122  tkdriver.o(i.TK_SensorKeyFlag)
    TK_SetNeedUpdateBaseline                 0x08003719   Thumb Code     8  tk_basekeydeal.o(i.TK_SetNeedUpdateBaseline)
    TK_SetOneKeyPushResetTime                0x08003725   Thumb Code     4  tkdriver.o(i.TK_SetOneKeyPushResetTime)
    TK_SingleChannel_ICHAAdjust              0x0800372d   Thumb Code   134  tk_basekeydeal.o(i.TK_SingleChannel_ICHAAdjust)
    TK_SingleCurrentSensorChoose             0x080037c5   Thumb Code   160  tkdriver.o(i.TK_SingleCurrentSensorChoose)
    TK_TKINT_SET                             0x08003869   Thumb Code    24  tkdriver.o(i.TK_TKINT_SET)
    TK_TKIS_SET                              0x08003885   Thumb Code    10  tkdriver.o(i.TK_TKIS_SET)
    TK_TKTM_SET                              0x08003895   Thumb Code     8  tkdriver.o(i.TK_TKTM_SET)
    TK_TRIG                                  0x080038a1   Thumb Code    12  tkdriver.o(i.TK_TRIG)
    TK_TouchKeyCFGInit                       0x080038b1   Thumb Code    84  tkdriver.o(i.TK_TouchKeyCFGInit)
    TK_TouchKeyScan                          0x08003911   Thumb Code   240  tkdriver.o(i.TK_TouchKeyScan)
    TK_VREF_SET                              0x08003a05   Thumb Code    20  tkdriver.o(i.TK_VREF_SET)
    TWIx_QSPIx_0_2_IRQHandler                0x08003a1d   Thumb Code     2  sc_it.o(i.TWIx_QSPIx_0_2_IRQHandler)
    TWIx_QSPIx_1_3_IRQHandler                0x08003a1f   Thumb Code     2  sc_it.o(i.TWIx_QSPIx_1_3_IRQHandler)
    TouchKey_Service                         0x08003a21   Thumb Code   200  tk_basekeydeal.o(i.TouchKey_Service)
    UART0_2_4_IRQHandler                     0x08003b01   Thumb Code     2  sc_it.o(i.UART0_2_4_IRQHandler)
    UART1_3_5_IRQHandler                     0x08003b05   Thumb Code    16  sc_it.o(i.UART1_3_5_IRQHandler)
    UART3_receive_Packet                     0x08003b19   Thumb Code    86  main.o(i.UART3_receive_Packet)
    UART_ClearFlag                           0x08003b7d   Thumb Code     4  sc32f1xxx_uart.o(i.UART_ClearFlag)
    UART_GetFlagStatus                       0x08003b81   Thumb Code    14  sc32f1xxx_uart.o(i.UART_GetFlagStatus)
    UART_ITConfig                            0x08003b8f   Thumb Code    24  sc32f1xxx_uart.o(i.UART_ITConfig)
    UART_Init                                0x08003ba9   Thumb Code    68  sc32f1xxx_uart.o(i.UART_Init)
    UART_PinRemapConfig                      0x08003bf1   Thumb Code    14  sc32f1xxx_uart.o(i.UART_PinRemapConfig)
    UART_RXCmd                               0x08003c01   Thumb Code    24  sc32f1xxx_uart.o(i.UART_RXCmd)
    UART_ReceiveData                         0x08003c1d   Thumb Code     8  sc32f1xxx_uart.o(i.UART_ReceiveData)
    UART_TXCmd                               0x08003c25   Thumb Code    24  sc32f1xxx_uart.o(i.UART_TXCmd)
    UpdateDisplay                            0x08003c41   Thumb Code    30  sysfunvardefine.o(i.UpdateDisplay)
    Usdelay                                  0x08003c65   Thumb Code    14  tk_basekeydeal.o(i.Usdelay)
    __ARM_common_switch8                     0x08003c73   Thumb Code    26  menu.o(i.__ARM_common_switch8)
    delay_ms                                 0x08003ce9   Thumb Code     8  tft_lcd.o(i.delay_ms)
    key_Get                                  0x08003cf1   Thumb Code    50  main.o(i.key_Get)
    main                                     0x08003d2d   Thumb Code    72  main.o(i.main)
    menu                                     0x08003d7d   Thumb Code  1986  menu.o(i.menu)
    mypow                                    0x08004611   Thumb Code    20  tft_lcd.o(i.mypow)
    screen_init                              0x08004625   Thumb Code    26  main.o(i.screen_init)
    __aeabi_fadd                             0x08004641   Thumb Code     0  faddsub.o(x$fpl$fadd)
    _fadd                                    0x08004641   Thumb Code   134  faddsub.o(x$fpl$fadd)
    __aeabi_cfcmple                          0x080046cd   Thumb Code     0  flef.o(x$fpl$fleqf)
    _fcmple                                  0x080046cd   Thumb Code    78  flef.o(x$fpl$fleqf)
    __aeabi_fmul                             0x08004721   Thumb Code     0  fmul.o(x$fpl$fmul)
    _fmul                                    0x08004721   Thumb Code   172  fmul.o(x$fpl$fmul)
    __aeabi_fsub                             0x080047d1   Thumb Code     0  faddsub.o(x$fpl$fsub)
    _fsub                                    0x080047d1   Thumb Code   204  faddsub.o(x$fpl$fsub)
    __I$use$fp                               0x080048a0   Number         0  usenofp.o(x$fpl$usenofp)
    ascii_1608                               0x080048a0   Data        1520  lcdfont.o(.constdata)
    ascii_3216                               0x08004e90   Data        6080  lcdfont.o(.constdata)
    TKChannelCfg                             0x08006650   Data          80  tkdriver.o(.constdata)
    CFG_OVERLOW_MAX_COUNT                    0x080066a0   Data           1  tkdriver.o(.constdata)
    CFG_RESET_BASELINE_CNT                   0x080066a1   Data           1  tkdriver.o(.constdata)
    CFG_CYCLE_CNT                            0x080066a2   Data           1  tkdriver.o(.constdata)
    TK_InitBaseLineUpRange                   0x080066a3   Data           1  tkdriver.o(.constdata)
    TK_InitBaseLineLowRange                  0x080066a4   Data           1  tkdriver.o(.constdata)
    TK_CurrentBaseLineUpRange                0x080066a5   Data           1  tkdriver.o(.constdata)
    TK_CurrentBaseLineLowRange               0x080066a6   Data           1  tkdriver.o(.constdata)
    Region$$Table$$Base                      0x08006830   Number         0  anon$$obj.o(Region$$Table)
    Region$$Table$$Limit                     0x08006850   Number         0  anon$$obj.o(Region$$Table)
    Encoder_Count                            0x20000000   Data           2  sc_it.o(.data)
    TIM0_count                               0x20000002   Data           2  sc_it.o(.data)
    exKeyValue                               0x20000008   Data           1  sysfunvardefine.o(.data)
    gTkIsValid                               0x20000009   Data           1  sysfunvardefine.o(.data)
    KeyValue                                 0x2000000a   Data           1  sysfunvardefine.o(.data)
    Slider_value                             0x2000000c   Data           4  sysfunvardefine.o(.data)
    TK_exKeyValueFlag                        0x20000010   Data           8  sysfunvardefine.o(.data)
    UART3_RxFlag                             0x2000001c   Data           1  main.o(.data)
    key_count                                0x2000001e   Data           2  main.o(.data)
    Acq_Done_Flag                            0x20000020   Data           1  data_acquisition.o(.data)
    Current_Ch_Index                         0x20000021   Data           1  data_acquisition.o(.data)
    menu_page                                0x20000022   Data           1  global_variables.o(.data)
    menu_choice                              0x20000023   Data           1  global_variables.o(.data)
    Encoder_Count_last                       0x20000024   Data           2  global_variables.o(.data)
    Encoder_mode                             0x20000026   Data           1  global_variables.o(.data)
    is_show                                  0x20000027   Data          10  global_variables.o(.data)
    CH1_TIME_DIV_mode                        0x20000031   Data           1  global_variables.o(.data)
    CH1_VOLT_DIV_mode                        0x20000032   Data           1  global_variables.o(.data)
    CH2_TIME_DIV_mode                        0x20000033   Data           1  global_variables.o(.data)
    CH2_VOLT_DIV_mode                        0x20000034   Data           1  global_variables.o(.data)
    Trigger_mode                             0x20000035   Data           1  global_variables.o(.data)
    Horiziontal1_offset                      0x20000036   Data           2  global_variables.o(.data)
    Vertical1_offset                         0x20000038   Data           2  global_variables.o(.data)
    Horiziontal2_offset                      0x2000003a   Data           2  global_variables.o(.data)
    Vertical2_offset                         0x2000003c   Data           2  global_variables.o(.data)
    Wave_show_mode                           0x2000003e   Data           1  global_variables.o(.data)
    show_wave_save_count                     0x2000003f   Data           1  global_variables.o(.data)
    wave_save_count                          0x20000040   Data           1  global_variables.o(.data)
    uart3_enable                             0x20000041   Data           1  global_variables.o(.data)
    CH1_TIME_DIV                             0x20000044   Data          72  global_variables.o(.data)
    CH2_TIME_DIV                             0x2000008c   Data          72  global_variables.o(.data)
    CH1_VOLT_DIV                             0x200000d4   Data          32  global_variables.o(.data)
    CH2_VOLT_DIV                             0x200000f4   Data          32  global_variables.o(.data)
    Trigger                                  0x20000114   Data          12  global_variables.o(.data)
    TK_ScanTime                              0x20000120   Data           2  tkdriver.o(.data)
    MultipleDealTpye                         0x20000122   Data           1  tkdriver.o(.data)
    CurrentIndex                             0x20000123   Data           1  tkdriver.o(.data)
    MultipleDealIndex                        0x20000124   Data           1  tkdriver.o(.data)
    WakeUp_Flag                              0x20000128   Data           1  tkdriver.o(.data)
    TK_WakeUp_Flag                           0x20000129   Data           1  tkdriver.o(.data)
    LowPowerScan_Flag                        0x2000012a   Data           1  tkdriver.o(.data)
    BigNosicCount                            0x2000012b   Data           1  tkdriver.o(.data)
    RemoveTopCount                           0x2000012c   Data           1  tkdriver.o(.data)
    ConfirmTouchCnt                          0x2000012d   Data           1  tkdriver.o(.data)
    SingleCurrentChannelMax                  0x2000012e   Data           1  tkdriver.o(.data)
    SetNoiseThreshold                        0x2000012f   Data           1  tkdriver.o(.data)
    bNeedUpdate                              0x20000130   Data           1  tkdriver.o(.data)
    IsInNosicValue                           0x20000131   Data           1  tkdriver.o(.data)
    FlowFingerRoundIndex                     0x20000132   Data           1  tkdriver.o(.data)
    UsingTKSlideModuleNumber                 0x20000133   Data           1  tkdriver.o(.data)
    UpdateBaseLNum                           0x20000134   Data           2  tkdriver.o(.data)
    MultipleLNum                             0x20000136   Data           2  tkdriver.o(.data)
    FlowFingerRoundCnt                       0x20000138   Data           2  tkdriver.o(.data)
    KeyFlag                                  0x20000140   Data           8  tkdriver.o(.data)
    CurrentChannel                           0x20000148   Data           8  tkdriver.o(.data)
    TKSlideModuleDealArray                   0x20000150   Data          72  tkdriver.o(.data)
    StrongNosicCount                         0x20000198   Data           1  tkdriver.o(.data)
    MultipleKeyNosicCount                    0x20000199   Data           1  tkdriver.o(.data)
    WeakNosicCount                           0x2000019a   Data           1  tkdriver.o(.data)
    MultipleKeyInhibitionCount               0x2000019b   Data           1  tkdriver.o(.data)
    TK_ShiftScanTime                         0x2000019c   Data           1  tkdriver.o(.data)
    bMultiple                                0x2000019d   Data           1  tkdriver.o(.data)
    TK_TouchKeyStatus                        0x2000019e   Data           1  tkdriver.o(.data)
    KeyMark                                  0x200001a0   Data           8  tkdriver.o(.data)
    ScanTime                                 0x200001a8   Data           2  tkdriver.o(.data)
    UART3_RxPacket                           0x200001ac   Data         100  main.o(.bss)
    UART3_RxString                           0x20000210   Data         100  main.o(.bss)
    Acq_Data                                 0x20000274   Data        2000  data_acquisition.o(.bss)
    wave1_value                              0x20000a44   Data        2000  global_variables.o(.bss)
    wave2_value                              0x20001214   Data        2000  global_variables.o(.bss)
    wave1_save_value                         0x200019e4   Data        2000  global_variables.o(.bss)
    wave2_save_value                         0x200021b4   Data        2000  global_variables.o(.bss)
    SingleParameterBufferSet                 0x20002984   Data          64  tkdriver.o(.bss)
    SingleChannelsBaseLineUpdatePar          0x200029c4   Data          48  tkdriver.o(.bss)
    __libspace_start                         0x200029f4   Data          96  libspace.o(.bss)
    __temporary_stack_top$libspace           0x20002a54   Data           0  libspace.o(.bss)



==============================================================================

Memory Map of the image

  Image Entry point : 0x080000c1

  Load Region LR_IROM1 (Base: 0x08000000, Size: 0x000069fc, Max: 0x00040000, ABSOLUTE, COMPRESSED[0x000068d4])

    Execution Region ER_IROM1 (Exec base: 0x08000000, Load base: 0x08000000, Size: 0x00006850, Max: 0x00040000, ABSOLUTE)

    Exec Addr    Load Addr    Size         Type   Attr      Idx    E Section Name        Object

    0x08000000   0x08000000   0x000000c0   Data   RO         4110    RESET               startup_sc32r803.o
    0x080000c0   0x080000c0   0x00000008   Code   RO         4262  * !!!main             c_p.l(__main.o)
    0x080000c8   0x080000c8   0x0000003c   Code   RO         4478    !!!scatter          c_p.l(__scatter.o)
    0x08000104   0x08000104   0x0000001c   Code   RO         4480    !!handler_zi        c_p.l(__scatter_zi.o)
    0x08000120   0x08000120   0x00000002   Code   RO         4343    .ARM.Collect$$libinit$$00000000  c_p.l(libinit.o)
    0x08000122   0x08000122   0x00000000   Code   RO         4359    .ARM.Collect$$libinit$$00000002  c_p.l(libinit2.o)
    0x08000122   0x08000122   0x00000000   Code   RO         4361    .ARM.Collect$$libinit$$00000004  c_p.l(libinit2.o)
    0x08000122   0x08000122   0x00000000   Code   RO         4364    .ARM.Collect$$libinit$$0000000A  c_p.l(libinit2.o)
    0x08000122   0x08000122   0x00000000   Code   RO         4366    .ARM.Collect$$libinit$$0000000C  c_p.l(libinit2.o)
    0x08000122   0x08000122   0x00000000   Code   RO         4368    .ARM.Collect$$libinit$$0000000E  c_p.l(libinit2.o)
    0x08000122   0x08000122   0x00000000   Code   RO         4371    .ARM.Collect$$libinit$$00000011  c_p.l(libinit2.o)
    0x08000122   0x08000122   0x00000000   Code   RO         4373    .ARM.Collect$$libinit$$00000013  c_p.l(libinit2.o)
    0x08000122   0x08000122   0x00000000   Code   RO         4375    .ARM.Collect$$libinit$$00000015  c_p.l(libinit2.o)
    0x08000122   0x08000122   0x00000000   Code   RO         4377    .ARM.Collect$$libinit$$00000017  c_p.l(libinit2.o)
    0x08000122   0x08000122   0x00000000   Code   RO         4379    .ARM.Collect$$libinit$$00000019  c_p.l(libinit2.o)
    0x08000122   0x08000122   0x00000000   Code   RO         4381    .ARM.Collect$$libinit$$0000001B  c_p.l(libinit2.o)
    0x08000122   0x08000122   0x00000000   Code   RO         4383    .ARM.Collect$$libinit$$0000001D  c_p.l(libinit2.o)
    0x08000122   0x08000122   0x00000000   Code   RO         4385    .ARM.Collect$$libinit$$0000001F  c_p.l(libinit2.o)
    0x08000122   0x08000122   0x00000000   Code   RO         4387    .ARM.Collect$$libinit$$00000021  c_p.l(libinit2.o)
    0x08000122   0x08000122   0x00000000   Code   RO         4389    .ARM.Collect$$libinit$$00000023  c_p.l(libinit2.o)
    0x08000122   0x08000122   0x00000000   Code   RO         4391    .ARM.Collect$$libinit$$00000025  c_p.l(libinit2.o)
    0x08000122   0x08000122   0x00000000   Code   RO         4395    .ARM.Collect$$libinit$$0000002C  c_p.l(libinit2.o)
    0x08000122   0x08000122   0x00000000   Code   RO         4397    .ARM.Collect$$libinit$$0000002E  c_p.l(libinit2.o)
    0x08000122   0x08000122   0x00000000   Code   RO         4399    .ARM.Collect$$libinit$$00000030  c_p.l(libinit2.o)
    0x08000122   0x08000122   0x00000000   Code   RO         4401    .ARM.Collect$$libinit$$00000032  c_p.l(libinit2.o)
    0x08000122   0x08000122   0x00000002   Code   RO         4402    .ARM.Collect$$libinit$$00000033  c_p.l(libinit2.o)
    0x08000124   0x08000124   0x00000002   Code   RO         4433    .ARM.Collect$$libshutdown$$00000000  c_p.l(libshutdown.o)
    0x08000126   0x08000126   0x00000000   Code   RO         4459    .ARM.Collect$$libshutdown$$00000002  c_p.l(libshutdown2.o)
    0x08000126   0x08000126   0x00000000   Code   RO         4461    .ARM.Collect$$libshutdown$$00000004  c_p.l(libshutdown2.o)
    0x08000126   0x08000126   0x00000000   Code   RO         4464    .ARM.Collect$$libshutdown$$00000007  c_p.l(libshutdown2.o)
    0x08000126   0x08000126   0x00000000   Code   RO         4467    .ARM.Collect$$libshutdown$$0000000A  c_p.l(libshutdown2.o)
    0x08000126   0x08000126   0x00000000   Code   RO         4469    .ARM.Collect$$libshutdown$$0000000C  c_p.l(libshutdown2.o)
    0x08000126   0x08000126   0x00000000   Code   RO         4472    .ARM.Collect$$libshutdown$$0000000F  c_p.l(libshutdown2.o)
    0x08000126   0x08000126   0x00000002   Code   RO         4473    .ARM.Collect$$libshutdown$$00000010  c_p.l(libshutdown2.o)
    0x08000128   0x08000128   0x00000000   Code   RO         4300    .ARM.Collect$$rtentry$$00000000  c_p.l(__rtentry.o)
    0x08000128   0x08000128   0x00000000   Code   RO         4309    .ARM.Collect$$rtentry$$00000002  c_p.l(__rtentry2.o)
    0x08000128   0x08000128   0x00000006   Code   RO         4321    .ARM.Collect$$rtentry$$00000004  c_p.l(__rtentry4.o)
    0x0800012e   0x0800012e   0x00000000   Code   RO         4311    .ARM.Collect$$rtentry$$00000009  c_p.l(__rtentry2.o)
    0x0800012e   0x0800012e   0x00000004   Code   RO         4312    .ARM.Collect$$rtentry$$0000000A  c_p.l(__rtentry2.o)
    0x08000132   0x08000132   0x00000000   Code   RO         4314    .ARM.Collect$$rtentry$$0000000C  c_p.l(__rtentry2.o)
    0x08000132   0x08000132   0x00000008   Code   RO         4315    .ARM.Collect$$rtentry$$0000000D  c_p.l(__rtentry2.o)
    0x0800013a   0x0800013a   0x00000002   Code   RO         4350    .ARM.Collect$$rtexit$$00000000  c_p.l(rtexit.o)
    0x0800013c   0x0800013c   0x00000000   Code   RO         4406    .ARM.Collect$$rtexit$$00000002  c_p.l(rtexit2.o)
    0x0800013c   0x0800013c   0x00000004   Code   RO         4407    .ARM.Collect$$rtexit$$00000003  c_p.l(rtexit2.o)
    0x08000140   0x08000140   0x00000006   Code   RO         4408    .ARM.Collect$$rtexit$$00000004  c_p.l(rtexit2.o)
    0x08000146   0x08000146   0x00000002   PAD
    0x08000148   0x08000148   0x000000f0   Code   RO         4111    .text               startup_sc32r803.o
    0x08000238   0x08000238   0x00000020   Code   RO         4248    .text               c_p.l(llshl.o)
    0x08000258   0x08000258   0x0000015a   Code   RO         4256    .text               c_p.l(aeabi_sdiv.o)
    0x080003b2   0x080003b2   0x00000006   Code   RO         4260    .text               c_p.l(heapauxi.o)
    0x080003b8   0x080003b8   0x0000007c   Code   RO         4264    .text               fz_ps.l(d2f.o)
    0x08000434   0x08000434   0x00000358   Code   RO         4266    .text               fz_ps.l(daddsub.o)
    0x0800078c   0x0800078c   0x00000448   Code   RO         4268    .text               fz_ps.l(ddiv.o)
    0x08000bd4   0x08000bd4   0x00000058   Code   RO         4273    .text               fz_ps.l(dflti.o)
    0x08000c2c   0x08000c2c   0x00000248   Code   RO         4275    .text               fz_ps.l(dmul.o)
    0x08000e74   0x08000e74   0x00000060   Code   RO         4277    .text               fz_ps.l(dscalbn.o)
    0x08000ed4   0x08000ed4   0x00000054   Code   RO         4279    .text               fz_ps.l(f2d.o)
    0x08000f28   0x08000f28   0x00000160   Code   RO         4287    .text               fz_ps.l(fdiv.o)
    0x08001088   0x08001088   0x0000004c   Code   RO         4290    .text               fz_ps.l(ffixi.o)
    0x080010d4   0x080010d4   0x00000030   Code   RO         4292    .text               fz_ps.l(ffixui.o)
    0x08001104   0x08001104   0x0000005e   Code   RO         4294    .text               fz_ps.l(fflti.o)
    0x08001162   0x08001162   0x00000002   PAD
    0x08001164   0x08001164   0x00000064   Code   RO         4305    .text               fz_ps.l(fcmpin.o)
    0x080011c8   0x080011c8   0x0000002e   Code   RO         4325    .text               fz_ps.l(cmpret.o)
    0x080011f6   0x080011f6   0x00000002   PAD
    0x080011f8   0x080011f8   0x00000010   Code   RO         4327    .text               fz_ps.l(fnan2.o)
    0x08001208   0x08001208   0x0000003e   Code   RO         4329    .text               c_p.l(sys_stackheap_outer.o)
    0x08001246   0x08001246   0x00000010   Code   RO         4332    .text               c_p.l(exit.o)
    0x08001256   0x08001256   0x0000005e   Code   RO         4344    .text               fz_ps.l(retnan.o)
    0x080012b4   0x080012b4   0x00000008   Code   RO         4346    .text               c_p.l(libspace.o)
    0x080012bc   0x080012bc   0x0000000c   Code   RO         4403    .text               c_p.l(sys_exit.o)
    0x080012c8   0x080012c8   0x00000002   Code   RO         4422    .text               c_p.l(use_no_semi.o)
    0x080012ca   0x080012ca   0x00000000   Code   RO         4424    .text               c_p.l(indicate_semi.o)
    0x080012ca   0x080012ca   0x00000056   Code   RO         4476    .text               c_p.l(__dczerorl2.o)
    0x08001320   0x08001320   0x00000018   Code   RO         1827    i.ADC_Cmd           sc32f1xxx_adc.o
    0x08001338   0x08001338   0x00000018   Code   RO         1829    i.ADC_DMACmd        sc32f1xxx_adc.o
    0x08001350   0x08001350   0x0000000e   Code   RO         1830    i.ADC_DeInit        sc32f1xxx_adc.o
    0x0800135e   0x0800135e   0x00000002   Code   RO            3    i.ADC_IRQHandler    sc_it.o
    0x08001360   0x08001360   0x00000014   Code   RO         1834    i.ADC_ITConfig      sc32f1xxx_adc.o
    0x08001374   0x08001374   0x00000020   Code   RO         1835    i.ADC_Init          sc32f1xxx_adc.o
    0x08001394   0x08001394   0x0000000c   Code   RO         1836    i.ADC_SetChannel    sc32f1xxx_adc.o
    0x080013a0   0x080013a0   0x0000000a   Code   RO         1837    i.ADC_SoftwareStartConv  sc32f1xxx_adc.o
    0x080013aa   0x080013aa   0x00000010   Code   RO         1838    i.ADC_StructInit    sc32f1xxx_adc.o
    0x080013ba   0x080013ba   0x00000002   PAD
    0x080013bc   0x080013bc   0x00000110   Code   RO         4131    i.BaseLineUpdataSW  SC_M0+_HighSensitive_lib_Slider_V1.0.lib(tk_slider.o)
    0x080014cc   0x080014cc   0x00000002   Code   RO            4    i.CAN_IRQHandler    sc_it.o
    0x080014ce   0x080014ce   0x00000002   PAD
    0x080014d0   0x080014d0   0x00000010   Code   RO         1360    i.CLR_TK_WDT        tkdriver.o
    0x080014e0   0x080014e0   0x00000002   Code   RO            7    i.CMP_IRQHandler    sc_it.o
    0x080014e2   0x080014e2   0x00000002   PAD
    0x080014e4   0x080014e4   0x00000090   Code   RO          459    i.ChangeTouchKeyvalue  sysfunvardefine.o
    0x08001574   0x08001574   0x00000038   Code   RO         1103    i.Clear_Menu_Area   menu.o
    0x080015ac   0x080015ac   0x00000074   Code   RO            8    i.DMA0_IRQHandler   sc_it.o
    0x08001620   0x08001620   0x00000002   Code   RO            9    i.DMA1_IRQHandler   sc_it.o
    0x08001622   0x08001622   0x00000002   Code   RO           10    i.DMA2_IRQHandler   sc_it.o
    0x08001624   0x08001624   0x00000002   Code   RO           11    i.DMA3_IRQHandler   sc_it.o
    0x08001626   0x08001626   0x00000004   Code   RO         2567    i.DMA_ClearFlag     sc32f1xxx_dma.o
    0x0800162a   0x0800162a   0x00000016   Code   RO         2568    i.DMA_Cmd           sc32f1xxx_dma.o
    0x08001640   0x08001640   0x00000018   Code   RO         2570    i.DMA_DeInit        sc32f1xxx_dma.o
    0x08001658   0x08001658   0x0000000e   Code   RO         2572    i.DMA_GetFlagStatus  sc32f1xxx_dma.o
    0x08001666   0x08001666   0x00000014   Code   RO         2574    i.DMA_ITConfig      sc32f1xxx_dma.o
    0x0800167a   0x0800167a   0x00000002   PAD
    0x0800167c   0x0800167c   0x00000038   Code   RO         2575    i.DMA_Init          sc32f1xxx_dma.o
    0x080016b4   0x080016b4   0x00000004   Code   RO         2577    i.DMA_SetCurrDataCounter  sc32f1xxx_dma.o
    0x080016b8   0x080016b8   0x00000004   Code   RO         2578    i.DMA_SetDstAddress  sc32f1xxx_dma.o
    0x080016bc   0x080016bc   0x00000012   Code   RO         2581    i.DMA_StructInit    sc32f1xxx_dma.o
    0x080016ce   0x080016ce   0x00000002   PAD
    0x080016d0   0x080016d0   0x000000e0   Code   RO         1064    i.Data_Acquisition_Init  data_acquisition.o
    0x080017b0   0x080017b0   0x00000060   Code   RO         1065    i.Data_Acquisition_Start_Next  data_acquisition.o
    0x08001810   0x08001810   0x0000006c   Code   RO         1104    i.Draw_Menu_Item_Num  menu.o
    0x0800187c   0x0800187c   0x00000024   Code   RO         1105    i.Draw_Menu_Item_Str  menu.o
    0x080018a0   0x080018a0   0x0000005c   Code   RO         4151    i.FilterDataDeal_T2  SC_M0+_HighSensitive_lib_Basic_V1.0.lib(tk_basekeydeal.o)
    0x080018fc   0x080018fc   0x00000062   Code   RO         2492    i.GPIO_Init         sc32f1xxx_gpio.o
    0x0800195e   0x0800195e   0x0000000e   Code   RO         2494    i.GPIO_ReadDataBit  sc32f1xxx_gpio.o
    0x0800196c   0x0800196c   0x0000001e   Code   RO         2496    i.GPIO_SetBits      sc32f1xxx_gpio.o
    0x0800198a   0x0800198a   0x00000002   PAD
    0x0800198c   0x0800198c   0x00000034   Code   RO         1106    i.Handle_Encoder    menu.o
    0x080019c0   0x080019c0   0x00000002   Code   RO           13    i.INT0_IRQHandler   sc_it.o
    0x080019c2   0x080019c2   0x00000002   Code   RO           14    i.INT12_15_IRQHandler  sc_it.o
    0x080019c4   0x080019c4   0x00000002   Code   RO           15    i.INT1_7_IRQHandler  sc_it.o
    0x080019c6   0x080019c6   0x00000002   Code   RO           16    i.INT8_11_IRQHandler  sc_it.o
    0x080019c8   0x080019c8   0x0000000c   Code   RO          414    i.IcResourceInit    compctrldefine.o
    0x080019d4   0x080019d4   0x0000039c   Code   RO         4115    i.KeyT2_Analysis    SC_M0+_HighSensitive_lib_T2_V1.0.lib(tk_keyt2.o)
    0x08001d70   0x08001d70   0x0000003e   Code   RO         1211    i.LCD_Address_Set   tft_lcd.o
    0x08001dae   0x08001dae   0x00000046   Code   RO         1020    i.LCD_DrawGrid      wave_show_gy.o
    0x08001df4   0x08001df4   0x00000016   Code   RO         1212    i.LCD_DrawPoint     tft_lcd.o
    0x08001e0a   0x08001e0a   0x0000003c   Code   RO         1213    i.LCD_Fill          tft_lcd.o
    0x08001e46   0x08001e46   0x00000002   PAD
    0x08001e48   0x08001e48   0x00000080   Code   RO         1216    i.LCD_ShowChar      tft_lcd.o
    0x08001ec8   0x08001ec8   0x00000080   Code   RO         1220    i.LCD_ShowIntNum    tft_lcd.o
    0x08001f48   0x08001f48   0x0000002e   Code   RO         1221    i.LCD_ShowString    tft_lcd.o
    0x08001f76   0x08001f76   0x00000002   PAD
    0x08001f78   0x08001f78   0x0000004c   Code   RO         1222    i.LCD_WR_DATA       tft_lcd.o
    0x08001fc4   0x08001fc4   0x00000028   Code   RO         1223    i.LCD_WR_REG        tft_lcd.o
    0x08001fec   0x08001fec   0x00000002   Code   RO           17    i.LEDPWM_IRQHandler  sc_it.o
    0x08001fee   0x08001fee   0x00000002   PAD
    0x08001ff0   0x08001ff0   0x00000228   Code   RO         1224    i.Lcd_Init          tft_lcd.o
    0x08002218   0x08002218   0x00000002   Code   RO           20    i.PWM0_IRQHandler   sc_it.o
    0x0800221a   0x0800221a   0x00000002   PAD
    0x0800221c   0x0800221c   0x0000001c   Code   RO         2187    i.RCC_AHBPeriphClockCmd  sc32f1xxx_rcc.o
    0x08002238   0x08002238   0x0000001c   Code   RO         2188    i.RCC_AHBPeriphResetCmd  sc32f1xxx_rcc.o
    0x08002254   0x08002254   0x0000001c   Code   RO         2189    i.RCC_APB0Cmd       sc32f1xxx_rcc.o
    0x08002270   0x08002270   0x00000018   Code   RO         2190    i.RCC_APB0Config    sc32f1xxx_rcc.o
    0x08002288   0x08002288   0x0000001c   Code   RO         2191    i.RCC_APB0PeriphClockCmd  sc32f1xxx_rcc.o
    0x080022a4   0x080022a4   0x00000020   Code   RO         2193    i.RCC_APB1Cmd       sc32f1xxx_rcc.o
    0x080022c4   0x080022c4   0x00000018   Code   RO         2194    i.RCC_APB1Config    sc32f1xxx_rcc.o
    0x080022dc   0x080022dc   0x0000001c   Code   RO         2195    i.RCC_APB1PeriphClockCmd  sc32f1xxx_rcc.o
    0x080022f8   0x080022f8   0x00000020   Code   RO         2197    i.RCC_APB2Cmd       sc32f1xxx_rcc.o
    0x08002318   0x08002318   0x00000018   Code   RO         2198    i.RCC_APB2Config    sc32f1xxx_rcc.o
    0x08002330   0x08002330   0x0000001c   Code   RO         2199    i.RCC_APB2PeriphClockCmd  sc32f1xxx_rcc.o
    0x0800234c   0x0800234c   0x00000018   Code   RO         2207    i.RCC_HCLKConfig    sc32f1xxx_rcc.o
    0x08002364   0x08002364   0x00000028   Code   RO         2208    i.RCC_HIRCCmd       sc32f1xxx_rcc.o
    0x0800238c   0x0800238c   0x00000028   Code   RO         2209    i.RCC_HIRCDIV1Cmd   sc32f1xxx_rcc.o
    0x080023b4   0x080023b4   0x00000028   Code   RO         2210    i.RCC_HXTCmd        sc32f1xxx_rcc.o
    0x080023dc   0x080023dc   0x00000002   Code   RO           23    i.RCC_IRQHandler    sc_it.o
    0x080023de   0x080023de   0x00000002   PAD
    0x080023e0   0x080023e0   0x00000028   Code   RO         2211    i.RCC_ITConfig      sc32f1xxx_rcc.o
    0x08002408   0x08002408   0x00000028   Code   RO         2213    i.RCC_LIRCCmd       sc32f1xxx_rcc.o
    0x08002430   0x08002430   0x00000028   Code   RO         2214    i.RCC_LXTCmd        sc32f1xxx_rcc.o
    0x08002458   0x08002458   0x00000080   Code   RO         2217    i.RCC_SYSCLKConfig  sc32f1xxx_rcc.o
    0x080024d8   0x080024d8   0x0000003c   Code   RO         2218    i.RCC_SystickCLKConfig  sc32f1xxx_rcc.o
    0x08002514   0x08002514   0x00000020   Code   RO         2219    i.RCC_SystickCmd    sc32f1xxx_rcc.o
    0x08002534   0x08002534   0x0000001c   Code   RO         2221    i.RCC_SystickSetCounter  sc32f1xxx_rcc.o
    0x08002550   0x08002550   0x00000014   Code   RO         2222    i.RCC_Unlock        sc32f1xxx_rcc.o
    0x08002564   0x08002564   0x00000058   Code   RO          505    i.SC_ADC_Init       sc_init.o
    0x080025bc   0x080025bc   0x00000104   Code   RO          515    i.SC_GPIO_Init      sc_init.o
    0x080026c0   0x080026c0   0x0000002c   Code   RO          518    i.SC_Init           sc_init.o
    0x080026ec   0x080026ec   0x00000002   Code   RO          527    i.SC_OPTION_Init    sc_init.o
    0x080026ee   0x080026ee   0x00000060   Code   RO          536    i.SC_RCC_Init       sc_init.o
    0x0800274e   0x0800274e   0x00000002   PAD
    0x08002750   0x08002750   0x00000088   Code   RO          538    i.SC_SPI1_Init      sc_init.o
    0x080027d8   0x080027d8   0x00000026   Code   RO          541    i.SC_SYSTICK_Init   sc_init.o
    0x080027fe   0x080027fe   0x00000002   PAD
    0x08002800   0x08002800   0x0000009c   Code   RO          542    i.SC_TIM0_Init      sc_init.o
    0x0800289c   0x0800289c   0x00000090   Code   RO          547    i.SC_TIM5_Init      sc_init.o
    0x0800292c   0x0800292c   0x000000b0   Code   RO          548    i.SC_TIM6_Init      sc_init.o
    0x080029dc   0x080029dc   0x000000a4   Code   RO          558    i.SC_UART3_Init     sc_init.o
    0x08002a80   0x08002a80   0x00000020   Code   RO         4152    i.SET_TOUCH         SC_M0+_HighSensitive_lib_Basic_V1.0.lib(tk_basekeydeal.o)
    0x08002aa0   0x08002aa0   0x0000001c   Code   RO         1919    i.SPI_Cmd           sc32f1xxx_spi.o
    0x08002abc   0x08002abc   0x00000018   Code   RO         1920    i.SPI_DMACmd        sc32f1xxx_spi.o
    0x08002ad4   0x08002ad4   0x00000012   Code   RO         1921    i.SPI_DataSizeConfig  sc32f1xxx_spi.o
    0x08002ae6   0x08002ae6   0x00000018   Code   RO         1924    i.SPI_ITConfig      sc32f1xxx_spi.o
    0x08002afe   0x08002afe   0x00000002   PAD
    0x08002b00   0x08002b00   0x00000030   Code   RO         1925    i.SPI_Init          sc32f1xxx_spi.o
    0x08002b30   0x08002b30   0x00000024   Code   RO         1926    i.SPI_PinRemapConfig  sc32f1xxx_spi.o
    0x08002b54   0x08002b54   0x00000004   Code   RO         1929    i.SPI_SendData      sc32f1xxx_spi.o
    0x08002b58   0x08002b58   0x00000002   Code   RO           28    i.SysTick_IRQHandler  sc_it.o
    0x08002b5a   0x08002b5a   0x00000002   PAD
    0x08002b5c   0x08002b5c   0x0000004c   Code   RO          460    i.Sys_Scan          sysfunvardefine.o
    0x08002ba8   0x08002ba8   0x00000010   Code   RO          999    i.SystemInit        system_sc32f1xxx.o
    0x08002bb8   0x08002bb8   0x0000009e   Code   RO         1225    i.TFT_DrawLine      tft_lcd.o
    0x08002c56   0x08002c56   0x00000002   PAD
    0x08002c58   0x08002c58   0x0000002c   Code   RO           29    i.TIMER0_IRQHandler  sc_it.o
    0x08002c84   0x08002c84   0x00000002   Code   RO           30    i.TIMER1_IRQHandler  sc_it.o
    0x08002c86   0x08002c86   0x00000002   Code   RO           31    i.TIMER2_IRQHandler  sc_it.o
    0x08002c88   0x08002c88   0x00000002   Code   RO           32    i.TIMER3_IRQHandler  sc_it.o
    0x08002c8a   0x08002c8a   0x00000002   PAD
    0x08002c8c   0x08002c8c   0x00000078   Code   RO           33    i.TIMER4_5_IRQHandler  sc_it.o
    0x08002d04   0x08002d04   0x00000078   Code   RO           34    i.TIMER6_7_IRQHandler  sc_it.o
    0x08002d7c   0x08002d7c   0x00000004   Code   RO         1662    i.TIM_ClearFlag     sc32f1xxx_tim.o
    0x08002d80   0x08002d80   0x0000001c   Code   RO         1664    i.TIM_Cmd           sc32f1xxx_tim.o
    0x08002d9c   0x08002d9c   0x00000018   Code   RO         1665    i.TIM_DMACmd        sc32f1xxx_tim.o
    0x08002db4   0x08002db4   0x0000000e   Code   RO         1670    i.TIM_GetFlagStatus  sc32f1xxx_tim.o
    0x08002dc2   0x08002dc2   0x00000002   PAD
    0x08002dc4   0x08002dc4   0x0000001c   Code   RO         1673    i.TIM_ICCmd         sc32f1xxx_tim.o
    0x08002de0   0x08002de0   0x00000016   Code   RO         1674    i.TIM_ICInit        sc32f1xxx_tim.o
    0x08002df6   0x08002df6   0x00000018   Code   RO         1676    i.TIM_ITConfig      sc32f1xxx_tim.o
    0x08002e0e   0x08002e0e   0x00000018   Code   RO         1678    i.TIM_PWMInit       sc32f1xxx_tim.o
    0x08002e26   0x08002e26   0x00000010   Code   RO         1679    i.TIM_PWMSetDuty    sc32f1xxx_tim.o
    0x08002e36   0x08002e36   0x0000000e   Code   RO         1681    i.TIM_PinRemapConfig  sc32f1xxx_tim.o
    0x08002e44   0x08002e44   0x00000028   Code   RO         1685    i.TIM_TIMBaseInit   sc32f1xxx_tim.o
    0x08002e6c   0x08002e6c   0x00000018   Code   RO         1361    i.TKCLK_Init        tkdriver.o
    0x08002e84   0x08002e84   0x00000048   Code   RO         1362    i.TKSlideModuleCHIs  tkdriver.o
    0x08002ecc   0x08002ecc   0x00000260   Code   RO         4132    i.TKSlideModuleSensorRenovate  SC_M0+_HighSensitive_lib_Slider_V1.0.lib(tk_slider.o)
    0x0800312c   0x0800312c   0x00000010   Code   RO         1363    i.TK_CLR_TKIF       tkdriver.o
    0x0800313c   0x0800313c   0x0000000c   Code   RO         1364    i.TK_CNTGet         tkdriver.o
    0x08003148   0x08003148   0x00000018   Code   RO         1365    i.TK_CTIME_SET      tkdriver.o
    0x08003160   0x08003160   0x0000001c   Code   RO         1366    i.TK_ENTKS_SET      tkdriver.o
    0x0800317c   0x0800317c   0x00000008   Code   RO         1367    i.TK_FilterAvergeDeal  tkdriver.o
    0x08003184   0x08003184   0x00000084   Code   RO         4153    i.TK_FilterAvergeDeal_Normal  SC_M0+_HighSensitive_lib_Basic_V1.0.lib(tk_basekeydeal.o)
    0x08003208   0x08003208   0x00000008   Code   RO         1368    i.TK_FilterCommCode  tkdriver.o
    0x08003210   0x08003210   0x00000064   Code   RO         4155    i.TK_FilterCommCodeT2  SC_M0+_HighSensitive_lib_Basic_V1.0.lib(tk_basekeydeal.o)
    0x08003274   0x08003274   0x00000008   Code   RO         1369    i.TK_FilterDataDeal  tkdriver.o
    0x0800327c   0x0800327c   0x00000028   Code   RO         1370    i.TK_FilterIIRInit  tkdriver.o
    0x080032a4   0x080032a4   0x0000000c   Code   RO         1371    i.TK_GetBaseLineAdjustValue  tkdriver.o
    0x080032b0   0x080032b0   0x00000004   Code   RO         1372    i.TK_GetBaselineUpdateThreshold  tkdriver.o
    0x080032b4   0x080032b4   0x00000044   Code   RO         1373    i.TK_GetCfgMsg      tkdriver.o
    0x080032f8   0x080032f8   0x00000018   Code   RO         1375    i.TK_GetCurrFingerValue  tkdriver.o
    0x08003310   0x08003310   0x00000004   Code   RO         1376    i.TK_GetInitAutoUpdateTime  tkdriver.o
    0x08003314   0x08003314   0x0000000c   Code   RO         4156    i.TK_GetIsNeedUpdateBaseline  SC_M0+_HighSensitive_lib_Basic_V1.0.lib(tk_basekeydeal.o)
    0x08003320   0x08003320   0x00000010   Code   RO         1377    i.TK_GetScanTimeValue  tkdriver.o
    0x08003330   0x08003330   0x0000000c   Code   RO         1380    i.TK_GetUpConfirmCnt  tkdriver.o
    0x0800333c   0x0800333c   0x00000014   Code   RO         1381    i.TK_ICHAC_SET      tkdriver.o
    0x08003350   0x08003350   0x00000018   Code   RO         1382    i.TK_ICHA_SET       tkdriver.o
    0x08003368   0x08003368   0x00000018   Code   RO         1383    i.TK_ICHGC_SET      tkdriver.o
    0x08003380   0x08003380   0x00000014   Code   RO         1384    i.TK_ICHG_SET       tkdriver.o
    0x08003394   0x08003394   0x00000020   Code   RO         1385    i.TK_IRQHandler     tkdriver.o
    0x080033b4   0x080033b4   0x000000e8   Code   RO         4157    i.TK_Init           SC_M0+_HighSensitive_lib_Basic_V1.0.lib(tk_basekeydeal.o)
    0x0800349c   0x0800349c   0x00000028   Code   RO         1386    i.TK_InitializeBaselines  tkdriver.o
    0x080034c4   0x080034c4   0x0000003c   Code   RO         1387    i.TK_InitializeSensorFlag  tkdriver.o
    0x08003500   0x08003500   0x00000020   Code   RO         1389    i.TK_MOD_SET        tkdriver.o
    0x08003520   0x08003520   0x00000138   Code   RO         4158    i.TK_MultipleDeal   SC_M0+_HighSensitive_lib_Basic_V1.0.lib(tk_basekeydeal.o)
    0x08003658   0x08003658   0x0000001c   Code   RO         1390    i.TK_PRSC_SET       tkdriver.o
    0x08003674   0x08003674   0x0000001c   Code   RO         1391    i.TK_PRS_SET        tkdriver.o
    0x08003690   0x08003690   0x00000008   Code   RO         4159    i.TK_Restart        SC_M0+_HighSensitive_lib_Basic_V1.0.lib(tk_basekeydeal.o)
    0x08003698   0x08003698   0x00000080   Code   RO         1392    i.TK_SensorKeyFlag  tkdriver.o
    0x08003718   0x08003718   0x0000000c   Code   RO         4160    i.TK_SetNeedUpdateBaseline  SC_M0+_HighSensitive_lib_Basic_V1.0.lib(tk_basekeydeal.o)
    0x08003724   0x08003724   0x00000008   Code   RO         1393    i.TK_SetOneKeyPushResetTime  tkdriver.o
    0x0800372c   0x0800372c   0x00000098   Code   RO         4161    i.TK_SingleChannel_ICHAAdjust  SC_M0+_HighSensitive_lib_Basic_V1.0.lib(tk_basekeydeal.o)
    0x080037c4   0x080037c4   0x000000a4   Code   RO         1394    i.TK_SingleCurrentSensorChoose  tkdriver.o
    0x08003868   0x08003868   0x0000001c   Code   RO         1395    i.TK_TKINT_SET      tkdriver.o
    0x08003884   0x08003884   0x00000010   Code   RO         1396    i.TK_TKIS_SET       tkdriver.o
    0x08003894   0x08003894   0x0000000c   Code   RO         1397    i.TK_TKTM_SET       tkdriver.o
    0x080038a0   0x080038a0   0x00000010   Code   RO         1398    i.TK_TRIG           tkdriver.o
    0x080038b0   0x080038b0   0x00000060   Code   RO         1399    i.TK_TouchKeyCFGInit  tkdriver.o
    0x08003910   0x08003910   0x000000f4   Code   RO         1400    i.TK_TouchKeyScan   tkdriver.o
    0x08003a04   0x08003a04   0x00000018   Code   RO         1401    i.TK_VREF_SET       tkdriver.o
    0x08003a1c   0x08003a1c   0x00000002   Code   RO           37    i.TWIx_QSPIx_0_2_IRQHandler  sc_it.o
    0x08003a1e   0x08003a1e   0x00000002   Code   RO           38    i.TWIx_QSPIx_1_3_IRQHandler  sc_it.o
    0x08003a20   0x08003a20   0x000000e0   Code   RO         4162    i.TouchKey_Service  SC_M0+_HighSensitive_lib_Basic_V1.0.lib(tk_basekeydeal.o)
    0x08003b00   0x08003b00   0x00000002   Code   RO           39    i.UART0_2_4_IRQHandler  sc_it.o
    0x08003b02   0x08003b02   0x00000002   PAD
    0x08003b04   0x08003b04   0x00000014   Code   RO           41    i.UART1_3_5_IRQHandler  sc_it.o
    0x08003b18   0x08003b18   0x00000064   Code   RO          912    i.UART3_receive_Packet  main.o
    0x08003b7c   0x08003b7c   0x00000004   Code   RO         2025    i.UART_ClearFlag    sc32f1xxx_uart.o
    0x08003b80   0x08003b80   0x0000000e   Code   RO         2028    i.UART_GetFlagStatus  sc32f1xxx_uart.o
    0x08003b8e   0x08003b8e   0x00000018   Code   RO         2029    i.UART_ITConfig     sc32f1xxx_uart.o
    0x08003ba6   0x08003ba6   0x00000002   PAD
    0x08003ba8   0x08003ba8   0x00000048   Code   RO         2030    i.UART_Init         sc32f1xxx_uart.o
    0x08003bf0   0x08003bf0   0x0000000e   Code   RO         2035    i.UART_PinRemapConfig  sc32f1xxx_uart.o
    0x08003bfe   0x08003bfe   0x00000002   PAD
    0x08003c00   0x08003c00   0x0000001c   Code   RO         2036    i.UART_RXCmd        sc32f1xxx_uart.o
    0x08003c1c   0x08003c1c   0x00000008   Code   RO         2037    i.UART_ReceiveData  sc32f1xxx_uart.o
    0x08003c24   0x08003c24   0x0000001c   Code   RO         2044    i.UART_TXCmd        sc32f1xxx_uart.o
    0x08003c40   0x08003c40   0x00000024   Code   RO          461    i.UpdateDisplay     sysfunvardefine.o
    0x08003c64   0x08003c64   0x0000000e   Code   RO         4163    i.Usdelay           SC_M0+_HighSensitive_lib_Basic_V1.0.lib(tk_basekeydeal.o)
    0x08003c72   0x08003c72   0x0000001a   Code   RO         1138    i.__ARM_common_switch8  menu.o
    0x08003c8c   0x08003c8c   0x00000018   Code   RO          563    i.__NVIC_EnableIRQ  sc_init.o
    0x08003ca4   0x08003ca4   0x00000044   Code   RO          564    i.__NVIC_SetPriority  sc_init.o
    0x08003ce8   0x08003ce8   0x00000008   Code   RO         1227    i.delay_ms          tft_lcd.o
    0x08003cf0   0x08003cf0   0x0000003c   Code   RO          914    i.key_Get           main.o
    0x08003d2c   0x08003d2c   0x00000050   Code   RO          915    i.main              main.o
    0x08003d7c   0x08003d7c   0x00000894   Code   RO         1107    i.menu              menu.o
    0x08004610   0x08004610   0x00000014   Code   RO         1229    i.mypow             tft_lcd.o
    0x08004624   0x08004624   0x0000001a   Code   RO          916    i.screen_init       main.o
    0x0800463e   0x0800463e   0x00000002   PAD
    0x08004640   0x08004640   0x0000008c   Code   RO         4281    x$fpl$fadd          fz_ps.l(faddsub.o)
    0x080046cc   0x080046cc   0x00000054   Code   RO         4296    x$fpl$fleqf         fz_ps.l(flef.o)
    0x08004720   0x08004720   0x000000b0   Code   RO         4298    x$fpl$fmul          fz_ps.l(fmul.o)
    0x080047d0   0x080047d0   0x000000d0   Code   RO         4283    x$fpl$fsub          fz_ps.l(faddsub.o)
    0x080048a0   0x080048a0   0x00000000   Code   RO         4307    x$fpl$usenofp       fz_ps.l(usenofp.o)
    0x080048a0   0x080048a0   0x000005f0   Data   RO         1344    .constdata          lcdfont.o
    0x08004e90   0x08004e90   0x000017c0   Data   RO         1345    .constdata          lcdfont.o
    0x08006650   0x08006650   0x00000050   Data   RO         1404    .constdata          tkdriver.o
    0x080066a0   0x080066a0   0x00000001   Data   RO         1405    .constdata          tkdriver.o
    0x080066a1   0x080066a1   0x00000001   Data   RO         1406    .constdata          tkdriver.o
    0x080066a2   0x080066a2   0x00000001   Data   RO         1407    .constdata          tkdriver.o
    0x080066a3   0x080066a3   0x00000001   Data   RO         1408    .constdata          tkdriver.o
    0x080066a4   0x080066a4   0x00000001   Data   RO         1409    .constdata          tkdriver.o
    0x080066a5   0x080066a5   0x00000001   Data   RO         1410    .constdata          tkdriver.o
    0x080066a6   0x080066a6   0x00000001   Data   RO         1411    .constdata          tkdriver.o
    0x080066a7   0x080066a7   0x00000080   Data   RO         4269    .constdata          fz_ps.l(ddiv.o)
    0x08006727   0x08006727   0x00000040   Data   RO         4288    .constdata          fz_ps.l(fdiv.o)
    0x08006767   0x08006767   0x00000001   PAD
    0x08006768   0x08006768   0x00000075   Data   RO         1148    .conststring        global_variables.o
    0x080067dd   0x080067dd   0x00000003   PAD
    0x080067e0   0x080067e0   0x00000035   Data   RO         1150    .conststring        global_variables.o
    0x08006815   0x08006815   0x00000003   PAD
    0x08006818   0x08006818   0x00000015   Data   RO         1152    .conststring        global_variables.o
    0x0800682d   0x0800682d   0x00000003   PAD
    0x08006830   0x08006830   0x00000020   Data   RO         4474    Region$$Table       anon$$obj.o


    Execution Region RW_IRAM1 (Exec base: 0x20000000, Load base: 0x08006850, Size: 0x00003058, Max: 0x00008000, ABSOLUTE, COMPRESSED[0x00000084])

    Exec Addr    Load Addr    Size         Type   Attr      Idx    E Section Name        Object

    0x20000000   COMPRESSED   0x00000004   Data   RW           44    .data               sc_it.o
    0x20000004   COMPRESSED   0x00000004   PAD
    0x20000008   COMPRESSED   0x00000010   Data   RW          462    .data               sysfunvardefine.o
    0x20000018   COMPRESSED   0x00000008   Data   RW          918    .data               main.o
    0x20000020   COMPRESSED   0x00000002   Data   RW         1067    .data               data_acquisition.o
    0x20000022   COMPRESSED   0x00000001   Data   RW         1153    .data               global_variables.o
    0x20000023   COMPRESSED   0x00000001   Data   RW         1154    .data               global_variables.o
    0x20000024   COMPRESSED   0x00000002   Data   RW         1155    .data               global_variables.o
    0x20000026   COMPRESSED   0x00000001   Data   RW         1156    .data               global_variables.o
    0x20000027   COMPRESSED   0x0000000a   Data   RW         1157    .data               global_variables.o
    0x20000031   COMPRESSED   0x00000001   Data   RW         1158    .data               global_variables.o
    0x20000032   COMPRESSED   0x00000001   Data   RW         1159    .data               global_variables.o
    0x20000033   COMPRESSED   0x00000001   Data   RW         1160    .data               global_variables.o
    0x20000034   COMPRESSED   0x00000001   Data   RW         1161    .data               global_variables.o
    0x20000035   COMPRESSED   0x00000001   Data   RW         1162    .data               global_variables.o
    0x20000036   COMPRESSED   0x00000002   Data   RW         1163    .data               global_variables.o
    0x20000038   COMPRESSED   0x00000002   Data   RW         1164    .data               global_variables.o
    0x2000003a   COMPRESSED   0x00000002   Data   RW         1165    .data               global_variables.o
    0x2000003c   COMPRESSED   0x00000002   Data   RW         1166    .data               global_variables.o
    0x2000003e   COMPRESSED   0x00000001   Data   RW         1167    .data               global_variables.o
    0x2000003f   COMPRESSED   0x00000001   Data   RW         1168    .data               global_variables.o
    0x20000040   COMPRESSED   0x00000001   Data   RW         1169    .data               global_variables.o
    0x20000041   COMPRESSED   0x00000001   Data   RW         1170    .data               global_variables.o
    0x20000042   COMPRESSED   0x00000002   PAD
    0x20000044   COMPRESSED   0x00000048   Data   RW         1171    .data               global_variables.o
    0x2000008c   COMPRESSED   0x00000048   Data   RW         1172    .data               global_variables.o
    0x200000d4   COMPRESSED   0x00000020   Data   RW         1173    .data               global_variables.o
    0x200000f4   COMPRESSED   0x00000020   Data   RW         1174    .data               global_variables.o
    0x20000114   COMPRESSED   0x0000000c   Data   RW         1175    .data               global_variables.o
    0x20000120   COMPRESSED   0x00000002   Data   RW         1412    .data               tkdriver.o
    0x20000122   COMPRESSED   0x00000001   Data   RW         1413    .data               tkdriver.o
    0x20000123   COMPRESSED   0x00000001   Data   RW         1414    .data               tkdriver.o
    0x20000124   COMPRESSED   0x00000001   Data   RW         1415    .data               tkdriver.o
    0x20000125   COMPRESSED   0x00000003   PAD
    0x20000128   COMPRESSED   0x00000070   Data   RW         1416    .data               tkdriver.o
    0x20000198   COMPRESSED   0x00000001   Data   RW         1417    .data               tkdriver.o
    0x20000199   COMPRESSED   0x00000001   Data   RW         1418    .data               tkdriver.o
    0x2000019a   COMPRESSED   0x00000001   Data   RW         1419    .data               tkdriver.o
    0x2000019b   COMPRESSED   0x00000001   Data   RW         1420    .data               tkdriver.o
    0x2000019c   COMPRESSED   0x00000001   Data   RW         1421    .data               tkdriver.o
    0x2000019d   COMPRESSED   0x00000001   Data   RW         1422    .data               tkdriver.o
    0x2000019e   COMPRESSED   0x00000001   Data   RW         1423    .data               tkdriver.o
    0x2000019f   COMPRESSED   0x00000001   PAD
    0x200001a0   COMPRESSED   0x00000008   Data   RW         1424    .data               tkdriver.o
    0x200001a8   COMPRESSED   0x00000002   Data   RW         1425    .data               tkdriver.o
    0x200001aa   COMPRESSED   0x00000001   Data   RW         4164    .data               SC_M0+_HighSensitive_lib_Basic_V1.0.lib(tk_basekeydeal.o)
    0x200001ab   COMPRESSED   0x00000001   PAD
    0x200001ac        -       0x000000c8   Zero   RW          917    .bss                main.o
    0x20000274        -       0x000007d0   Zero   RW         1066    .bss                data_acquisition.o
    0x20000a44        -       0x000007d0   Zero   RW         1144    .bss                global_variables.o
    0x20001214        -       0x000007d0   Zero   RW         1145    .bss                global_variables.o
    0x200019e4        -       0x000007d0   Zero   RW         1146    .bss                global_variables.o
    0x200021b4        -       0x000007d0   Zero   RW         1147    .bss                global_variables.o
    0x20002984        -       0x00000070   Zero   RW         1402    .bss                tkdriver.o
    0x200029f4        -       0x00000060   Zero   RW         4347    .bss                c_p.l(libspace.o)
    0x20002a54   COMPRESSED   0x00000004   PAD
    0x20002a58        -       0x00000200   Zero   RW         4109    HEAP                startup_sc32r803.o
    0x20002c58        -       0x00000400   Zero   RW         4108    STACK               startup_sc32r803.o


==============================================================================

Image component sizes


      Code (inc. data)   RO Data    RW Data    ZI Data      Debug   Object Name

        12          0          0          0          0        441   compctrldefine.o
       320         44          0          2       2000      12112   data_acquisition.o
         0          0        191        252       8000       1874   global_variables.o
         0          0       7600          0          0        940   lcdfont.o
       266         32          0          8        200       3592   main.o
      2474        446          0          0          0       4303   menu.o
       152          4          0          0          0       4644   sc32f1xxx_adc.o
       166          4          0          0          0       5303   sc32f1xxx_dma.o
       142          0          0          0          0       2318   sc32f1xxx_gpio.o
       836        134          0          0          0      12724   sc32f1xxx_rcc.o
       182         20          0          0          0       4290   sc32f1xxx_spi.o
       238         14          0          0          0       6721   sc32f1xxx_tim.o
       192         12          0          0          0       7765   sc32f1xxx_uart.o
      1396         74          0          0          0      16596   sc_init.o
       460         60          0          4          0     127467   sc_it.o
       240        110        192          0       1536        816   startup_sc32r803.o
       256         24          0         16          0       1976   sysfunvardefine.o
        16          6          0          0          0        409   system_sc32f1xxx.o
      1300         26          0          0          0       8474   tft_lcd.o
      1440        176         87        134        112      36577   tkdriver.o
        70          0          0          0          0        759   wave_show_gy.o

    ----------------------------------------------------------------------
     10202       1186       8111        426      11848     260101   Object Totals
         0          0         32          0          0          0   (incl. Generated)
        44          0          9         10          0          0   (incl. Padding)

    ----------------------------------------------------------------------

      Code (inc. data)   RO Data    RW Data    ZI Data      Debug   Library Member Name

      1322        168          0          1          0       7899   tk_basekeydeal.o
       880         46          0          0          0       2817   tk_slider.o
       924         74          0          0          0       5882   tk_keyt2.o
        86          0          0          0          0          0   __dczerorl2.o
         8          0          0          0          0         68   __main.o
         0          0          0          0          0          0   __rtentry.o
        12          0          0          0          0          0   __rtentry2.o
         6          0          0          0          0          0   __rtentry4.o
        60          8          0          0          0          0   __scatter.o
        28          0          0          0          0          0   __scatter_zi.o
       346          0          0          0          0         92   aeabi_sdiv.o
        16          0          0          0          0         68   exit.o
         6          0          0          0          0        136   heapauxi.o
         0          0          0          0          0          0   indicate_semi.o
         2          0          0          0          0          0   libinit.o
         2          0          0          0          0          0   libinit2.o
         2          0          0          0          0          0   libshutdown.o
         2          0          0          0          0          0   libshutdown2.o
         8          4          0          0         96         68   libspace.o
        32          0          0          0          0         68   llshl.o
         2          0          0          0          0          0   rtexit.o
        10          0          0          0          0          0   rtexit2.o
        12          4          0          0          0         60   sys_exit.o
        62          0          0          0          0         80   sys_stackheap_outer.o
         2          0          0          0          0         68   use_no_semi.o
        46          0          0          0          0         60   cmpret.o
       124          4          0          0          0         72   d2f.o
       856         20          0          0          0        208   daddsub.o
      1096         26        128          0          0        112   ddiv.o
        88          0          0          0          0         92   dflti.o
       584         26          0          0          0         84   dmul.o
        96         12          0          0          0         72   dscalbn.o
        84          4          0          0          0         60   f2d.o
       348          8          0          0          0        160   faddsub.o
       100          4          0          0          0         68   fcmpin.o
       352         10         64          0          0         92   fdiv.o
        76          0          0          0          0         68   ffixi.o
        48          0          0          0          0         60   ffixui.o
        94          0          0          0          0         92   fflti.o
        84          4          0          0          0         76   flef.o
       176          4          0          0          0         80   fmul.o
        16          6          0          0          0         68   fnan2.o
        94          0          0          0          0         68   retnan.o
         0          0          0          0          0          0   usenofp.o

    ----------------------------------------------------------------------
      8198        432        193          2        100      18898   Library Totals
         6          0          1          1          4          0   (incl. Padding)

    ----------------------------------------------------------------------

      Code (inc. data)   RO Data    RW Data    ZI Data      Debug   Library Name

      1322        168          0          1          0       7899   SC_M0+_HighSensitive_lib_Basic_V1.0.lib
       880         46          0          0          0       2817   SC_M0+_HighSensitive_lib_Slider_V1.0.lib
       924         74          0          0          0       5882   SC_M0+_HighSensitive_lib_T2_V1.0.lib
       704         16          0          0         96        708   c_p.l
      4362        128        192          0          0       1592   fz_ps.l

    ----------------------------------------------------------------------
      8198        432        193          2        100      18898   Library Totals

    ----------------------------------------------------------------------

==============================================================================


      Code (inc. data)   RO Data    RW Data    ZI Data      Debug   

     18400       1618       8304        428      11948     269895   Grand Totals
     18400       1618       8304        132      11948     269895   ELF Image Totals (compressed)
     18400       1618       8304        132          0          0   ROM Totals

==============================================================================

    Total RO  Size (Code + RO Data)                26704 (  26.08kB)
    Total RW  Size (RW Data + ZI Data)             12376 (  12.09kB)
    Total ROM Size (Code + RO Data + RW Data)      26836 (  26.21kB)

==============================================================================

